  calm seed 42 done
  calm seed 43 done
  calm seed 44 done
  calm seed 45 done
  calm seed 46 done
  calm seed 47 done
  calm seed 48 done
  calm seed 49 done
  calm seed 50 done
  calm seed 51 done
  calm seed 52 done
  calm seed 53 done
  calm seed 54 done
  calm seed 55 done
  calm seed 56 done
  calm seed 57 done
  calm seed 58 done
  calm seed 59 done
  calm seed 60 done
  calm seed 61 done
  calm seed 62 done
  calm seed 63 done
  calm seed 64 done
  calm seed 65 done
  calm seed 66 done
  calm seed 67 done
  calm seed 68 done
  calm seed 69 done
  calm seed 70 done
  calm seed 71 done
  calm seed 72 done
  calm seed 73 done
  calm seed 74 done
  calm seed 75 done
  calm seed 76 done
  calm seed 77 done
  calm seed 78 done
  calm seed 79 done
  calm seed 80 done
  calm seed 81 done
  calm seed 82 done
  calm seed 83 done
  calm seed 84 done
  calm seed 85 done
  calm seed 86 done
  calm seed 87 done
  calm seed 88 done
  calm seed 89 done
  calm seed 90 done
  calm seed 91 done
  calm seed 92 done
  calm seed 93 done
  calm seed 94 done
  calm seed 95 done
  calm seed 96 done
  calm seed 97 done
  calm seed 98 done
  calm seed 99 done
  calm seed 100 done
  calm seed 101 done
  calm seed 102 done
  calm seed 103 done
  calm seed 104 done
  calm seed 105 done
  calm seed 106 done
  calm seed 107 done
  calm seed 108 done
  calm seed 109 done
  calm seed 110 done
  calm seed 111 done
  calm seed 112 done
  calm seed 113 done
  calm seed 114 done
  calm seed 115 done
  calm seed 116 done
  calm seed 117 done
  calm seed 118 done
  calm seed 119 done
  calm seed 120 done
  calm seed 121 done
  calm seed 122 done
  calm seed 123 done
  calm seed 124 done
  calm seed 125 done
  calm seed 126 done
  calm seed 127 done
  calm seed 128 done
  calm seed 129 done
  calm seed 130 done
  calm seed 131 done
  calm seed 132 done
  calm seed 133 done
  calm seed 134 done
  calm seed 135 done
  calm seed 136 done
  calm seed 137 done
  calm seed 138 done
  calm seed 139 done
  calm seed 140 done
  calm seed 141 done
  stressed seed 42 done
  stressed seed 43 done
  stressed seed 44 done
  stressed seed 45 done
  stressed seed 46 done
  stressed seed 47 done
  stressed seed 48 done
  stressed seed 49 done
  stressed seed 50 done
  stressed seed 51 done
  stressed seed 52 done
  stressed seed 53 done
  stressed seed 54 done
  stressed seed 55 done
  stressed seed 56 done
  stressed seed 57 done
  stressed seed 58 done
  stressed seed 59 done
  stressed seed 60 done
  stressed seed 61 done
  stressed seed 62 done
  stressed seed 63 done
  stressed seed 64 done
  stressed seed 65 done
  stressed seed 66 done
  stressed seed 67 done
  stressed seed 68 done
  stressed seed 69 done
  stressed seed 70 done
  stressed seed 71 done
  stressed seed 72 done
  stressed seed 73 done
  stressed seed 74 done
  stressed seed 75 done
  stressed seed 76 done
  stressed seed 77 done
  stressed seed 78 done
  stressed seed 79 done
  stressed seed 80 done
  stressed seed 81 done
  stressed seed 82 done
  stressed seed 83 done
  stressed seed 84 done
  stressed seed 85 done
  stressed seed 86 done
  stressed seed 87 done
  stressed seed 88 done
  stressed seed 89 done
  stressed seed 90 done
  stressed seed 91 done
  stressed seed 92 done
  stressed seed 93 done
  stressed seed 94 done
  stressed seed 95 done
  stressed seed 96 done
  stressed seed 97 done
  stressed seed 98 done
  stressed seed 99 done
  stressed seed 100 done
  stressed seed 101 done
  stressed seed 102 done
  stressed seed 103 done
  stressed seed 104 done
  stressed seed 105 done
  stressed seed 106 done
  stressed seed 107 done
  stressed seed 108 done
  stressed seed 109 done
  stressed seed 110 done
  stressed seed 111 done
  stressed seed 112 done
  stressed seed 113 done
  stressed seed 114 done
  stressed seed 115 done
  stressed seed 116 done
  stressed seed 117 done
  stressed seed 118 done
  stressed seed 119 done
  stressed seed 120 done
  stressed seed 121 done
  stressed seed 122 done
  stressed seed 123 done
  stressed seed 124 done
  stressed seed 125 done
  stressed seed 126 done
  stressed seed 127 done
  stressed seed 128 done
  stressed seed 129 done
  stressed seed 130 done
  stressed seed 131 done
  stressed seed 132 done
  stressed seed 133 done
  stressed seed 134 done
  stressed seed 135 done
  stressed seed 136 done
  stressed seed 137 done
  stressed seed 138 done
  stressed seed 139 done
  stressed seed 140 done
  stressed seed 141 done

DONE -> output/results/descriptive/  (N_SEEDS=100, regimes=['calm', 'stressed'])
          cm_defaults  client_defaults       im_mean      total_df  n_margin_calls  client_im_share
regime                                                                                             
calm              0.0             0.00  1.910626e+10  6.251043e+09          622.76            0.480
stressed          0.0             8.31  2.856325e+10  4.503833e+09         1466.39            0.503
