[12:34:06] ======================================================================
[12:34:06] ROBUSTNESS RUN  window=full  seeds sev/co/mech=10/10/12  budget=3.0h
[12:34:06] SEVERITY: reactive margin, k=[1.0, 1.25, 1.5, 1.75, 2.0], 10 seeds/level
[12:36:10]   k=1.00: drawdown  -35.6%  client_def   7.6  member_def 1.50  reach-fund   80%  IMpeak 39B
[12:38:22]   k=1.25: drawdown  -42.3%  client_def  19.9  member_def 3.20  reach-fund  100%  IMpeak 35B
[12:40:09]   k=1.50: drawdown  -48.4%  client_def  22.3  member_def 3.50  reach-fund  100%  IMpeak 30B
[12:41:53]   k=1.75: drawdown  -53.7%  client_def  24.6  member_def 4.40  reach-fund  100%  IMpeak 28B
[12:43:35]   k=2.00: drawdown  -58.6%  client_def  29.0  member_def 4.50  reach-fund  100%  IMpeak 25B
[12:43:35] SEVERITY done:
 severity  drawdown  client_def  member_def  reach_fund  IM_peak_B
     1.00    -35.65         7.6         1.5         0.8      39.15
     1.25    -42.34        19.9         3.2         1.0      34.81
     1.50    -48.36        22.3         3.5         1.0      30.22
     1.75    -53.73        24.6         4.4         1.0      27.56
     2.00    -58.57        29.0         4.5         1.0      25.12
[12:43:35] CLOSEOUT: recovery=[0.7, 0.8, 0.9, 0.95], arms=['flat08', 'flat12'], 10 seeds/cell
[12:45:41]   rec=0.70 flat08: member_def 0.40  reach-fund   30%  client_def 7.9
[12:47:49]   rec=0.70 flat12: member_def 0.70  reach-fund   70%  client_def 5.1
[12:49:54]   rec=0.80 flat08: member_def 0.40  reach-fund   20%  client_def 7.9
[12:52:14]   rec=0.80 flat12: member_def 0.80  reach-fund   70%  client_def 4.9
[12:54:38]   rec=0.90 flat08: member_def 0.40  reach-fund    0%  client_def 8.0
[12:56:59]   rec=0.90 flat12: member_def 0.70  reach-fund    0%  client_def 4.8
[12:59:53]   rec=0.95 flat08: member_def 0.40  reach-fund    0%  client_def 8.0
[13:02:56]   rec=0.95 flat12: member_def 0.70  reach-fund    0%  client_def 4.8
[13:02:56] CLOSEOUT done:
 closeout_recovery margin  member_def  reach_fund  client_def
              0.70 flat08         0.4         0.3         7.9
              0.70 flat12         0.7         0.7         5.1
              0.80 flat08         0.4         0.2         7.9
              0.80 flat12         0.8         0.7         4.9
              0.90 flat08         0.4         0.0         8.0
              0.90 flat12         0.7         0.0         4.8
              0.95 flat08         0.4         0.0         8.0
              0.95 flat12         0.7         0.0         4.8
[13:02:56] MECHANISM: position-at-default, arms=['flat04', 'flat08', 'flat12'], 12 seeds/arm
[13:11:26] MECHANISM done (median falls, tail grows as margin rises):
margin  n_defaults  median    p90    p99    max  tail_gt1800
flat04         126   802.0 1338.0 3232.0 7273.0        0.024
flat08          89   813.0 1393.0 5589.0 5590.0        0.079
flat12          58   842.0 3746.0 4666.0 4745.0        0.207
[13:11:26] wrote SUMMARY.md
[13:11:26] ALL DONE in 37.3 min. Outputs in /Users/siddharth/Desktop/GitHub/mscthesis_abm/output/robustness
