
======================================================================
 CALIBRATING REGIME: calm (HFABM 2-stage, bootstrap weights)
======================================================================
[calm][1/9] Franke weights from historical 1-min mid returns (200 block resamples × 390-bar blocks)
 per-moment empirical sampling SD s_i (Franke weights, 390-bar block bootstrap):
 KS    ks_stat            s_i=8.584e-03
 V     ret_std            s_i=1.432e-05
 ACF1  acf_r_1            s_i=6.998e-03
 ACF1  acf_r_5            s_i=7.203e-03
 ACF1  acf_r_10           s_i=4.458e-03
 ACF1  acf_r_20           s_i=5.025e-03
 ACF2  acf_absr_1         s_i=1.210e-02
 ACF2  acf_absr_5         s_i=1.386e-02
 ACF2  acf_absr_10        s_i=1.409e-02
 ACF2  acf_absr_20        s_i=1.271e-02
 Hill  hill_tail_index    s_i=9.479e-02
[calm][2/9] Cached LHS lacks current moment columns (loss set changed) — regenerating
 LHS 20/256
 LHS 40/256
 LHS 60/256
 LHS 80/256
 LHS 100/256
 LHS 120/256
 LHS 140/256
 LHS 160/256
 LHS 180/256
 LHS 200/256
 LHS 220/256
 LHS 240/256
 12448s → /Users/siddharth/Desktop/GitHub/mscthesis_abm/output/calibration_lhs_calm.csv
[calm][3/9] Initial XGBoost surrogate training
 D(θ) surrogate (single regressor, n=256, label-clip cap=73.39): held-out R²=+0.89, Pearson r=+0.95
 UNREACHABLE targets (model-side gap — flag for design review):
 ks_stat                target +0.0000 LHS [+0.0965, +0.3430] miss +0.0965
[calm][4/9] Active-learning round 1/3: 48 new sims
 refine sim 5/48 (exploit 32 / explore 16)
 refine sim 10/48 (exploit 32 / explore 16)
 refine sim 15/48 (exploit 32 / explore 16)
 refine sim 20/48 (exploit 32 / explore 16)
 refine sim 25/48 (exploit 32 / explore 16)
 refine sim 30/48 (exploit 32 / explore 16)
 refine sim 35/48 (exploit 32 / explore 16)
 refine sim 40/48 (exploit 32 / explore 16)
 refine sim 45/48 (exploit 32 / explore 16)
 total samples now 304, 2259s
 D(θ) surrogate (single regressor, n=304, label-clip cap=67.17): held-out R²=+0.84, Pearson r=+0.92
 UNREACHABLE targets (model-side gap — flag for design review):
 ks_stat                target +0.0000 LHS [+0.0965, +0.3430] miss +0.0965
[calm][5/9] Active-learning round 2/3: 48 new sims
 refine sim 5/48 (exploit 32 / explore 16)
 refine sim 10/48 (exploit 32 / explore 16)
 refine sim 15/48 (exploit 32 / explore 16)
 refine sim 20/48 (exploit 32 / explore 16)
 refine sim 25/48 (exploit 32 / explore 16)
 refine sim 30/48 (exploit 32 / explore 16)
 refine sim 35/48 (exploit 32 / explore 16)
 refine sim 40/48 (exploit 32 / explore 16)
 refine sim 45/48 (exploit 32 / explore 16)
 total samples now 352, 2503s
 D(θ) surrogate (single regressor, n=352, label-clip cap=64.17): held-out R²=+0.86, Pearson r=+0.93
 UNREACHABLE targets (model-side gap — flag for design review):
 ks_stat                target +0.0000 LHS [+0.0952, +0.3430] miss +0.0952
[calm][6/9] Active-learning round 3/3: 48 new sims
 refine sim 5/48 (exploit 32 / explore 16)
 refine sim 10/48 (exploit 32 / explore 16)
 refine sim 15/48 (exploit 32 / explore 16)
 refine sim 20/48 (exploit 32 / explore 16)
 refine sim 25/48 (exploit 32 / explore 16)
 refine sim 30/48 (exploit 32 / explore 16)
 refine sim 35/48 (exploit 32 / explore 16)
 refine sim 40/48 (exploit 32 / explore 16)
 refine sim 45/48 (exploit 32 / explore 16)
 total samples now 400, 2317s
 D(θ) surrogate (single regressor, n=400, label-clip cap=64.15): held-out R²=+0.90, Pearson r=+0.95
 UNREACHABLE targets (model-side gap — flag for design review):
 ks_stat                target +0.0000 LHS [+0.0952, +0.3430] miss +0.0952
[calm][7/9] Stage 1: surrogate optimum (pool argmin over Sobol candidates)
 surrogate-predicted D at stage-1 optimum: 21.4721
[calm][8/9] Stage 2: grid search around θ* on true simulator (48 sims in ±10% box)
 stage-2 sim 10/49 (best so far 20.4617)
 stage-2 sim 20/49 (best so far 19.6788)
 stage-2 sim 30/49 (best so far 19.6788)
 stage-2 sim 40/49 (best so far 19.6788)
 stage-2 best TRUE loss: 19.6788 (surrogate-predicted 21.4721) [2643s → /Users/siddharth/Desktop/GitHub/mscthesis_abm/output/calibration_stage2_calm.csv]
[calm][9/9] Validating at stage-2 optimum

    moment                    target     simulator       |s-t|   |s-t|/s_i
 ret_std                   0.0002        0.0002      0.0000        0.83
 ret_kurtosis             55.0324       24.6327     30.3997 (diag)
 acf_r_1                   0.0003        0.0240      0.0237        3.39
 acf_r_5                   0.0027       -0.0006      0.0032        0.45
 acf_r_10                 -0.0037       -0.0051      0.0014        0.32
 acf_r_20                 -0.0020       -0.0013      0.0007        0.14
 acf_absr_1                0.2771        0.2816      0.0044        0.37
 acf_absr_5                0.2229        0.1029      0.1199        8.65
 acf_absr_10               0.1988        0.0842      0.1147        8.14
 acf_absr_20               0.1820        0.0914      0.0906        7.13
 hill_tail_index           2.7257        2.5936      0.1321        1.39
 ks_stat                   0.0000        0.1135      0.1135       13.22

 grouped Δ contributions (Franke-standardised, 5 in loss):
 ΔKS     = 13.2199 (mean sampling-SDs off)
 ΔV      = 0.8250 (mean sampling-SDs off)
 ΔACF1   = 1.0747 (mean sampling-SDs off)
 ΔACF2   = 6.0724 (mean sampling-SDs off)
 ΔHill   = 1.3938 (mean sampling-SDs off)

 validated true loss D(θ) at stage-2 θ: 22.5859

Saved output/calibrated_params.json (regimes now: calm, stressed merged with any prior)
