
======================================================================
 CALIBRATING REGIME: stressed (HFABM 2-stage, bootstrap weights)
======================================================================
[stressed][1/8] Franke weights from historical 1-min mid returns (200 block resamples × 390-bar blocks)
 per-moment empirical sampling SD s_i (Franke weights, 390-bar block bootstrap):
 KS    ks_stat            s_i=8.918e-03
 V     ret_std            s_i=1.575e-04
 ACF1  acf_r_1            s_i=5.807e-03
 ACF1  acf_r_5            s_i=7.809e-03
 ACF1  acf_r_10           s_i=5.276e-03
 ACF1  acf_r_20           s_i=8.475e-03
 ACF2  acf_absr_1         s_i=2.050e-02
 ACF2  acf_absr_5         s_i=3.156e-02
 ACF2  acf_absr_10        s_i=2.696e-02
 ACF2  acf_absr_20        s_i=2.022e-02
 Hill  hill_tail_index    s_i=1.875e-01
[stressed][2/8] Initial LHS: 160 samples × 20 days × 6 seeds
 LHS 20/160
 LHS 40/160
 LHS 60/160
 LHS 80/160
 LHS 100/160
 LHS 120/160
 LHS 140/160
 LHS 160/160
 5176s → /Users/siddharth/Desktop/GitHub/mscthesis_abm/output/calibration_lhs_stressed.csv
[stressed][3/8] Initial XGBoost surrogate training
 D(θ) surrogate (single regressor, n=160, label-clip cap=24.03): held-out R²=+0.81, Pearson r=+0.92
 UNREACHABLE targets (model-side gap — flag for design review):
 acf_absr_20            target +0.2047 LHS [+0.0508, +0.2019] miss +0.0029
 ks_stat                target +0.0000 LHS [+0.0165, +0.1745] miss +0.0165
[stressed][4/8] Active-learning round 1/2: 32 new sims
 refine sim 5/32 (exploit 21 / explore 11)
 refine sim 10/32 (exploit 21 / explore 11)
 refine sim 15/32 (exploit 21 / explore 11)
 refine sim 20/32 (exploit 21 / explore 11)
 refine sim 25/32 (exploit 21 / explore 11)
 refine sim 30/32 (exploit 21 / explore 11)
 total samples now 192, 1077s
 D(θ) surrogate (single regressor, n=192, label-clip cap=23.47): held-out R²=+0.85, Pearson r=+0.93
 UNREACHABLE targets (model-side gap — flag for design review):
 acf_absr_20            target +0.2047 LHS [+0.0508, +0.2019] miss +0.0029
 ks_stat                target +0.0000 LHS [+0.0165, +0.1745] miss +0.0165
[stressed][5/8] Active-learning round 2/2: 32 new sims
 refine sim 5/32 (exploit 21 / explore 11)
 refine sim 10/32 (exploit 21 / explore 11)
 refine sim 15/32 (exploit 21 / explore 11)
 refine sim 20/32 (exploit 21 / explore 11)
 refine sim 25/32 (exploit 21 / explore 11)
 refine sim 30/32 (exploit 21 / explore 11)
 total samples now 224, 1096s
 D(θ) surrogate (single regressor, n=224, label-clip cap=22.89): held-out R²=+0.81, Pearson r=+0.92
 UNREACHABLE targets (model-side gap — flag for design review):
 acf_absr_20            target +0.2047 LHS [+0.0508, +0.2019] miss +0.0029
 ks_stat                target +0.0000 LHS [+0.0165, +0.1745] miss +0.0165
[stressed][6/8] Stage 1: surrogate optimum (pool argmin over Sobol candidates)
 surrogate-predicted D at stage-1 optimum: 7.0729
[stressed][7/8] Stage 2: grid search around θ* on true simulator (32 sims in ±10% box)
 stage-2 sim 10/33 (best so far 5.8430)
 stage-2 sim 20/33 (best so far 5.8430)
 stage-2 sim 30/33 (best so far 5.8430)
 stage-2 best TRUE loss: 5.8430 (surrogate-predicted 7.0729) [1187s → /Users/siddharth/Desktop/GitHub/mscthesis_abm/output/calibration_stage2_stressed.csv]
[stressed][8/8] Validating at stage-2 optimum

    moment                    target     simulator       |s-t|   |s-t|/s_i
 ret_std                   0.0018        0.0018      0.0000        0.08
 ret_kurtosis             34.7549        8.2184     26.5365 (diag)
 acf_r_1                  -0.0053        0.0008      0.0061        1.05
 acf_r_5                  -0.0017       -0.0056      0.0038        0.49
 acf_r_10                 -0.0024       -0.0062      0.0038        0.72
 acf_r_20                 -0.0057       -0.0029      0.0028        0.32
 acf_absr_1                0.2555        0.2684      0.0129        0.63
 acf_absr_5                0.2189        0.1827      0.0363        1.15
 acf_absr_10               0.2006        0.1404      0.0601        2.23
 acf_absr_20               0.2047        0.1466      0.0581        2.87
 hill_tail_index           3.1785        2.9116      0.2669        1.42
 ks_stat                   0.0000        0.0235      0.0235        2.64

 grouped Δ contributions (Franke-standardised, 5 in loss):
 ΔKS     = 2.6373 (mean sampling-SDs off)
 ΔV      = 0.0811 (mean sampling-SDs off)
 ΔACF1   = 0.6472 (mean sampling-SDs off)
 ΔACF2   = 1.7210 (mean sampling-SDs off)
 ΔHill   = 1.4238 (mean sampling-SDs off)

 validated true loss D(θ) at stage-2 θ: 6.5104

Saved output/calibrated_params.json (regimes now: stressed merged with any prior)
