
======================================================================
  CALIBRATING REGIME: stressed  (HFABM 2-stage, bootstrap weights)
======================================================================
[stressed][1/7] Franke weights from historical 1-min mid returns (200 block resamples × 390-bar blocks)
      per-moment empirical sampling SD s_i (Franke weights, 390-bar block bootstrap):
        Hill  hill_tail_index    s_i=2.227e-01
        V     ret_std            s_i=1.547e-04
        ACF1  acf_r_1            s_i=1.175e-02
        ACF1  acf_r_5            s_i=4.969e-03
        ACF1  acf_r_10           s_i=5.944e-03
        ACF2  acf_absr_1         s_i=2.174e-02
        ACF2  acf_absr_2         s_i=1.916e-02
        ACF2  acf_absr_5         s_i=3.001e-02
        ACF2  acf_absr_10        s_i=2.353e-02
        ACF2  acf_absr_15        s_i=2.494e-02
        ACF2  acf_absr_30        s_i=2.185e-02
[stressed][2/7] Initial LHS: 100 samples × 20 days × 8 seeds
  LHS 20/100
  LHS 40/100
  LHS 60/100
  LHS 80/100
  LHS 100/100
      1368s → /Users/siddharth/Desktop/GitHub/mscthesis_abm/output/calibration_lhs_stressed.csv
[stressed][3/7] Initial XGBoost surrogate training
      trained 11 regressors
      held-out R² (n=11): median +0.12, range [-0.05, +0.66]
      weak fits (R² < 0.3): acf_r_5, acf_r_10, acf_absr_1, acf_absr_2, acf_absr_10, acf_absr_15, acf_absr_30
      UNREACHABLE targets (model-side gap — flag for design review):
        acf_r_10               target -0.0180  LHS [+0.0017, +0.0274]  miss +0.0197
        acf_absr_1             target +0.2708  LHS [+0.0297, +0.1464]  miss +0.1245
        acf_absr_2             target +0.2555  LHS [+0.0222, +0.1140]  miss +0.1415
        acf_absr_5             target +0.2298  LHS [-0.0023, +0.0348]  miss +0.1950
        acf_absr_10            target +0.2149  LHS [-0.0083, +0.0128]  miss +0.2022
        acf_absr_15            target +0.2091  LHS [-0.0075, +0.0052]  miss +0.2039
        acf_absr_30            target +0.1905  LHS [-0.0089, +0.0045]  miss +0.1860
        hill_tail_index        target +3.2524  LHS [+0.7407, +1.8453]  miss +1.4071
[stressed][4/7] Active-learning round 1/2: 20 new sims
    refine sim 5/20
    refine sim 10/20
    refine sim 15/20
    refine sim 20/20
      total samples now 120, 279s
      held-out R² (n=11): median +0.42, range [-0.09, +0.79]
      weak fits (R² < 0.3): acf_absr_1, acf_absr_5, acf_absr_10, acf_absr_15, acf_absr_30
      UNREACHABLE targets (model-side gap — flag for design review):
        acf_r_10               target -0.0180  LHS [+0.0017, +0.0274]  miss +0.0197
        acf_absr_1             target +0.2708  LHS [+0.0297, +0.1464]  miss +0.1245
        acf_absr_2             target +0.2555  LHS [+0.0222, +0.1140]  miss +0.1415
        acf_absr_5             target +0.2298  LHS [-0.0023, +0.0396]  miss +0.1902
        acf_absr_10            target +0.2149  LHS [-0.0083, +0.0128]  miss +0.2022
        acf_absr_15            target +0.2091  LHS [-0.0075, +0.0052]  miss +0.2039
        acf_absr_30            target +0.1905  LHS [-0.0089, +0.0045]  miss +0.1860
        hill_tail_index        target +3.2524  LHS [+0.7407, +1.8453]  miss +1.4071
[stressed][5/7] Active-learning round 2/2: 20 new sims
    refine sim 5/20
    refine sim 10/20
    refine sim 15/20
    refine sim 20/20
      total samples now 140, 268s
      held-out R² (n=11): median +0.42, range [-0.31, +0.78]
      weak fits (R² < 0.3): acf_absr_10, acf_absr_15, acf_absr_30
      UNREACHABLE targets (model-side gap — flag for design review):
        acf_r_10               target -0.0180  LHS [-0.0017, +0.0274]  miss +0.0163
        acf_absr_1             target +0.2708  LHS [+0.0297, +0.1596]  miss +0.1113
        acf_absr_2             target +0.2555  LHS [+0.0222, +0.1347]  miss +0.1208
        acf_absr_5             target +0.2298  LHS [-0.0023, +0.0529]  miss +0.1769
        acf_absr_10            target +0.2149  LHS [-0.0083, +0.0128]  miss +0.2022
        acf_absr_15            target +0.2091  LHS [-0.0093, +0.0052]  miss +0.2039
        acf_absr_30            target +0.1905  LHS [-0.0089, +0.0050]  miss +0.1855
        hill_tail_index        target +3.2524  LHS [+0.7407, +1.8453]  miss +1.4071
[stressed][6/7] Stage 1: surrogate optimisation (multi-start L-BFGS-B)
      surrogate loss at stage-1 optimum: 21.6946
[stressed][7/7] Stage 2: grid search around θ* on true simulator (40 sims in ±10% box)
    stage-2 sim 10/41  (best so far 20.8419)
    stage-2 sim 20/41  (best so far 20.8419)
    stage-2 sim 30/41  (best so far 20.8419)
    stage-2 sim 40/41  (best so far 20.8419)
      stage-2 best TRUE loss: 20.8419  (surrogate-predicted 21.6946)  [498s → /Users/siddharth/Desktop/GitHub/mscthesis_abm/output/calibration_stage2_stressed.csv]
[stressed][8/7] Validating at stage-2 optimum

    moment                    target     simulator       |s-t|   |s-t|/s_i
    ret_std                   0.0018        0.0019      0.0001        0.55
    acf_r_1                   0.0000       -0.0063      0.0063        0.54
    acf_r_5                  -0.0034        0.0101      0.0135        2.71
    acf_r_10                 -0.0180        0.0091      0.0271        4.57
    acf_absr_1                0.2708        0.0704      0.2005        9.22
    acf_absr_2                0.2555        0.0532      0.2023       10.56
    acf_absr_5                0.2298        0.0097      0.2202        7.34
    acf_absr_10               0.2149       -0.0047      0.2197        9.34
    acf_absr_15               0.2091       -0.0043      0.2134        8.56
    acf_absr_30               0.1905       -0.0038      0.1943        8.89
    hill_tail_index           3.2524        1.1298      2.1225        9.53
    ret_kurtosis             34.7549      394.7087    359.9538  (diag)

    grouped Δ contributions (Franke-standardised, 4 in loss):
      ΔHill   = 9.5318   (mean sampling-SDs off)
      ΔV      = 0.5539   (mean sampling-SDs off)
      ΔACF1   = 2.6032   (mean sampling-SDs off)
      ΔACF2   = 8.9847   (mean sampling-SDs off)

    validated true loss D(θ) at stage-2 θ: 21.6736

Saved output/calibrated_params.json (regimes: stressed)
