
======================================================================
  CALIBRATING REGIME: calm  (HFABM 2-stage, bootstrap weights)
======================================================================
[calm][1/8] Franke weights from historical 1-min mid returns (200 block resamples × 390-bar blocks)
      per-moment empirical sampling SD s_i (Franke weights, 390-bar block bootstrap):
        Hill  hill_tail_index    s_i=1.298e-01
        V     ret_std            s_i=8.616e-06
        ACF1  acf_r_1            s_i=3.820e-03
        ACF1  acf_r_5            s_i=2.756e-03
        ACF1  acf_r_10           s_i=3.701e-03
        ACF2  acf_absr_1         s_i=1.034e-02
        ACF2  acf_absr_2         s_i=1.027e-02
        ACF2  acf_absr_5         s_i=1.064e-02
        ACF2  acf_absr_10        s_i=1.114e-02
        ACF2  acf_absr_15        s_i=1.043e-02
        ACF2  acf_absr_30        s_i=1.005e-02
[calm][2/8] Initial LHS: 150 samples × 30 days × 8 seeds
  LHS 20/150
  LHS 40/150
  LHS 60/150
  LHS 80/150
  LHS 100/150
  LHS 120/150
  LHS 140/150
      4684s → /Users/siddharth/Desktop/GitHub/mscthesis_abm/output/calibration_lhs_calm.csv
[calm][3/8] Initial XGBoost surrogate training
      trained 11 regressors
      held-out R² (n=11): median +0.69, range [-0.08, +0.91]
      weak fits (R² < 0.3): ret_std
      UNREACHABLE targets (model-side gap — flag for design review):
        acf_r_5                target -0.0035  LHS [+0.0005, +0.1081]  miss +0.0040
        acf_absr_1             target +0.3068  LHS [+0.0416, +0.2147]  miss +0.0921
        acf_absr_2             target +0.2955  LHS [+0.0320, +0.1881]  miss +0.1075
        acf_absr_5             target +0.2600  LHS [-0.0011, +0.0915]  miss +0.1685
        acf_absr_10            target +0.2461  LHS [-0.0084, +0.0684]  miss +0.1778
        acf_absr_15            target +0.2313  LHS [-0.0087, +0.0680]  miss +0.1634
        acf_absr_30            target +0.2099  LHS [-0.0078, +0.0591]  miss +0.1508
[calm][4/8] Active-learning round 1/3: 30 new sims
    refine sim 5/30
    refine sim 10/30
    refine sim 15/30
    refine sim 20/30
    refine sim 25/30
    refine sim 30/30
      total samples now 180, 764s
      held-out R² (n=11): median +0.63, range [-0.02, +0.89]
      weak fits (R² < 0.3): ret_std
      UNREACHABLE targets (model-side gap — flag for design review):
        acf_r_5                target -0.0035  LHS [+0.0005, +0.1081]  miss +0.0040
        acf_absr_1             target +0.3068  LHS [+0.0416, +0.2147]  miss +0.0921
        acf_absr_2             target +0.2955  LHS [+0.0320, +0.1881]  miss +0.1075
        acf_absr_5             target +0.2600  LHS [-0.0011, +0.0915]  miss +0.1685
        acf_absr_10            target +0.2461  LHS [-0.0084, +0.0684]  miss +0.1778
        acf_absr_15            target +0.2313  LHS [-0.0087, +0.0680]  miss +0.1634
        acf_absr_30            target +0.2099  LHS [-0.0078, +0.0591]  miss +0.1508
[calm][5/8] Active-learning round 2/3: 30 new sims
    refine sim 5/30
    refine sim 10/30
    refine sim 15/30
    refine sim 20/30
    refine sim 25/30
    refine sim 30/30
      total samples now 210, 790s
      held-out R² (n=11): median +0.68, range [-0.16, +0.87]
      weak fits (R² < 0.3): ret_std
      UNREACHABLE targets (model-side gap — flag for design review):
        acf_r_5                target -0.0035  LHS [+0.0005, +0.1081]  miss +0.0040
        acf_absr_1             target +0.3068  LHS [+0.0416, +0.2147]  miss +0.0921
        acf_absr_2             target +0.2955  LHS [+0.0320, +0.1881]  miss +0.1075
        acf_absr_5             target +0.2600  LHS [-0.0011, +0.0915]  miss +0.1685
        acf_absr_10            target +0.2461  LHS [-0.0084, +0.0684]  miss +0.1778
        acf_absr_15            target +0.2313  LHS [-0.0087, +0.0680]  miss +0.1634
        acf_absr_30            target +0.2099  LHS [-0.0078, +0.0591]  miss +0.1508
[calm][6/8] Active-learning round 3/3: 30 new sims
    refine sim 5/30
    refine sim 10/30
    refine sim 15/30
    refine sim 20/30
    refine sim 25/30
    refine sim 30/30
      total samples now 240, 868s
      held-out R² (n=11): median +0.65, range [-0.07, +0.88]
      weak fits (R² < 0.3): ret_std
      UNREACHABLE targets (model-side gap — flag for design review):
        acf_r_5                target -0.0035  LHS [+0.0005, +0.1081]  miss +0.0040
        acf_absr_1             target +0.3068  LHS [+0.0416, +0.2147]  miss +0.0921
        acf_absr_2             target +0.2955  LHS [+0.0320, +0.1881]  miss +0.1075
        acf_absr_5             target +0.2600  LHS [-0.0011, +0.0915]  miss +0.1685
        acf_absr_10            target +0.2461  LHS [-0.0084, +0.0684]  miss +0.1778
        acf_absr_15            target +0.2313  LHS [-0.0087, +0.0680]  miss +0.1634
        acf_absr_30            target +0.2099  LHS [-0.0078, +0.0591]  miss +0.1508
[calm][7/8] Stage 1: surrogate optimisation (multi-start L-BFGS-B)
      surrogate loss at stage-1 optimum: 29.1182
[calm][8/8] Stage 2: grid search around θ* on true simulator (60 sims in ±10% box)
    stage-2 sim 10/61  (best so far 26.4947)
    stage-2 sim 20/61  (best so far 26.4947)
    stage-2 sim 30/61  (best so far 26.4947)
    stage-2 sim 40/61  (best so far 26.2670)
    stage-2 sim 50/61  (best so far 26.2670)
    stage-2 sim 60/61  (best so far 26.2670)
      stage-2 best TRUE loss: 26.2670  (surrogate-predicted 29.1182)  [1723s → /Users/siddharth/Desktop/GitHub/mscthesis_abm/output/calibration_stage2_calm.csv]
[calm][9/8] Validating at stage-2 optimum

    moment                    target     simulator       |s-t|   |s-t|/s_i
    ret_std                   0.0003        0.0003      0.0000        0.59
    acf_r_1                   0.0009       -0.0023      0.0032        0.83
    acf_r_5                  -0.0035        0.0322      0.0358       12.98
    acf_r_10                  0.0016        0.0009      0.0007        0.20
    acf_absr_1                0.3068        0.1166      0.1901       18.38
    acf_absr_2                0.2955        0.0938      0.2017       19.65
    acf_absr_5                0.2600        0.0250      0.2349       22.09
    acf_absr_10               0.2461        0.0152      0.2309       20.73
    acf_absr_15               0.2313        0.0144      0.2170       20.79
    acf_absr_30               0.2099        0.0059      0.2040       20.30
    hill_tail_index           2.9960        2.4421      0.5539        4.27
    ret_kurtosis             19.8656       96.4973     76.6317  (diag)

    grouped Δ contributions (Franke-standardised, 4 in loss):
      ΔHill   = 4.2660   (mean sampling-SDs off)
      ΔV      = 0.5914   (mean sampling-SDs off)
      ΔACF1   = 4.6705   (mean sampling-SDs off)
      ΔACF2   = 20.3245   (mean sampling-SDs off)

    validated true loss D(θ) at stage-2 θ: 29.8523

======================================================================
  CALIBRATING REGIME: stressed  (HFABM 2-stage, bootstrap weights)
======================================================================
[stressed][1/8] Franke weights from historical 1-min mid returns (200 block resamples × 390-bar blocks)
      per-moment empirical sampling SD s_i (Franke weights, 390-bar block bootstrap):
        Hill  hill_tail_index    s_i=2.227e-01
        V     ret_std            s_i=1.547e-04
        ACF1  acf_r_1            s_i=1.175e-02
        ACF1  acf_r_5            s_i=4.969e-03
        ACF1  acf_r_10           s_i=5.944e-03
        ACF2  acf_absr_1         s_i=2.174e-02
        ACF2  acf_absr_2         s_i=1.916e-02
        ACF2  acf_absr_5         s_i=3.001e-02
        ACF2  acf_absr_10        s_i=2.353e-02
        ACF2  acf_absr_15        s_i=2.494e-02
        ACF2  acf_absr_30        s_i=2.185e-02
[stressed][2/8] Reusing cached: /Users/siddharth/Desktop/GitHub/mscthesis_abm/output/calibration_lhs_stressed.csv (140 samples)
[stressed][3/8] Initial XGBoost surrogate training
      trained 11 regressors
      held-out R² (n=11): median +0.50, range [-0.05, +0.88]
      weak fits (R² < 0.3): acf_absr_10, acf_absr_15, acf_absr_30
      UNREACHABLE targets (model-side gap — flag for design review):
        acf_r_10               target -0.0180  LHS [-0.0017, +0.0274]  miss +0.0163
        acf_absr_1             target +0.2708  LHS [+0.0297, +0.1596]  miss +0.1113
        acf_absr_2             target +0.2555  LHS [+0.0222, +0.1347]  miss +0.1208
        acf_absr_5             target +0.2298  LHS [-0.0023, +0.0529]  miss +0.1769
        acf_absr_10            target +0.2149  LHS [-0.0083, +0.0128]  miss +0.2022
        acf_absr_15            target +0.2091  LHS [-0.0093, +0.0052]  miss +0.2039
        acf_absr_30            target +0.1905  LHS [-0.0089, +0.0050]  miss +0.1855
        hill_tail_index        target +3.2524  LHS [+0.7407, +1.8453]  miss +1.4071
[stressed][4/8] Active-learning round 1/3: 30 new sims
    refine sim 5/30
    refine sim 10/30
    refine sim 15/30
    refine sim 20/30
    refine sim 25/30
    refine sim 30/30
      total samples now 170, 1336s
      held-out R² (n=11): median +0.35, range [-0.18, +0.65]
      weak fits (R² < 0.3): acf_absr_2, acf_absr_5, acf_absr_10, acf_absr_15, acf_absr_30
      UNREACHABLE targets (model-side gap — flag for design review):
        acf_r_10               target -0.0180  LHS [-0.0052, +0.0274]  miss +0.0128
        acf_absr_1             target +0.2708  LHS [+0.0297, +0.1706]  miss +0.1002
        acf_absr_2             target +0.2555  LHS [+0.0222, +0.1495]  miss +0.1060
        acf_absr_5             target +0.2298  LHS [-0.0023, +0.0548]  miss +0.1750
        acf_absr_10            target +0.2149  LHS [-0.0083, +0.0179]  miss +0.1970
        acf_absr_15            target +0.2091  LHS [-0.0093, +0.0074]  miss +0.2017
        acf_absr_30            target +0.1905  LHS [-0.0089, +0.0050]  miss +0.1855
        hill_tail_index        target +3.2524  LHS [+0.7407, +1.8453]  miss +1.4071
[stressed][5/8] Active-learning round 2/3: 30 new sims
    refine sim 5/30
    refine sim 10/30
    refine sim 15/30
    refine sim 20/30
    refine sim 25/30
    refine sim 30/30
      total samples now 200, 1165s
      held-out R² (n=11): median +0.26, range [-0.27, +0.70]
      weak fits (R² < 0.3): acf_r_5, acf_absr_1, acf_absr_5, acf_absr_10, acf_absr_15, acf_absr_30
      UNREACHABLE targets (model-side gap — flag for design review):
        acf_r_10               target -0.0180  LHS [-0.0052, +0.0274]  miss +0.0128
        acf_absr_1             target +0.2708  LHS [+0.0297, +0.1706]  miss +0.1002
        acf_absr_2             target +0.2555  LHS [+0.0222, +0.1495]  miss +0.1060
        acf_absr_5             target +0.2298  LHS [-0.0023, +0.0548]  miss +0.1750
        acf_absr_10            target +0.2149  LHS [-0.0083, +0.0179]  miss +0.1970
        acf_absr_15            target +0.2091  LHS [-0.0093, +0.0074]  miss +0.2017
        acf_absr_30            target +0.1905  LHS [-0.0089, +0.0050]  miss +0.1855
        hill_tail_index        target +3.2524  LHS [+0.7407, +1.8453]  miss +1.4071
[stressed][6/8] Active-learning round 3/3: 30 new sims
    refine sim 5/30
    refine sim 10/30
    refine sim 15/30
    refine sim 20/30
    refine sim 25/30
    refine sim 30/30
      total samples now 230, 841s
      held-out R² (n=11): median +0.50, range [-0.23, +0.69]
      weak fits (R² < 0.3): acf_absr_5, acf_absr_10, acf_absr_15, acf_absr_30
      UNREACHABLE targets (model-side gap — flag for design review):
        acf_r_10               target -0.0180  LHS [-0.0052, +0.0274]  miss +0.0128
        acf_absr_1             target +0.2708  LHS [+0.0297, +0.1706]  miss +0.1002
        acf_absr_2             target +0.2555  LHS [+0.0222, +0.1495]  miss +0.1060
        acf_absr_5             target +0.2298  LHS [-0.0023, +0.0548]  miss +0.1750
        acf_absr_10            target +0.2149  LHS [-0.0083, +0.0179]  miss +0.1970
        acf_absr_15            target +0.2091  LHS [-0.0093, +0.0074]  miss +0.2017
        acf_absr_30            target +0.1905  LHS [-0.0089, +0.0050]  miss +0.1855
        hill_tail_index        target +3.2524  LHS [+0.7407, +1.8453]  miss +1.4071
[stressed][7/8] Stage 1: surrogate optimisation (multi-start L-BFGS-B)
      surrogate loss at stage-1 optimum: 21.4276
[stressed][8/8] Stage 2: grid search around θ* on true simulator (60 sims in ±10% box)
    stage-2 sim 10/61  (best so far 20.7921)
    stage-2 sim 20/61  (best so far 20.7921)
    stage-2 sim 30/61  (best so far 20.7921)
    stage-2 sim 40/61  (best so far 20.7921)
    stage-2 sim 50/61  (best so far 20.7921)
    stage-2 sim 60/61  (best so far 20.7921)
      stage-2 best TRUE loss: 20.7921  (surrogate-predicted 21.4276)  [1765s → /Users/siddharth/Desktop/GitHub/mscthesis_abm/output/calibration_stage2_stressed.csv]
[stressed][9/8] Validating at stage-2 optimum

    moment                    target     simulator       |s-t|   |s-t|/s_i
    ret_std                   0.0018        0.0018      0.0001        0.39
    acf_r_1                   0.0000        0.0123      0.0123        1.04
    acf_r_5                  -0.0034        0.0094      0.0128        2.57
    acf_r_10                 -0.0180        0.0024      0.0204        3.44
    acf_absr_1                0.2708        0.0591      0.2118        9.74
    acf_absr_2                0.2555        0.0444      0.2111       11.02
    acf_absr_5                0.2298        0.0099      0.2199        7.33
    acf_absr_10               0.2149        0.0040      0.2109        8.96
    acf_absr_15               0.2091       -0.0050      0.2141        8.59
    acf_absr_30               0.1905       -0.0062      0.1967        9.00
    hill_tail_index           3.2524        1.2035      2.0488        9.20
    ret_kurtosis             34.7549      449.6772    414.9223  (diag)

    grouped Δ contributions (Franke-standardised, 4 in loss):
      ΔHill   = 9.2009   (mean sampling-SDs off)
      ΔV      = 0.3940   (mean sampling-SDs off)
      ΔACF1   = 2.3507   (mean sampling-SDs off)
      ΔACF2   = 9.1072   (mean sampling-SDs off)

    validated true loss D(θ) at stage-2 θ: 21.0528

Saved output/calibrated_params.json (regimes: calm, stressed)
