
======================================================================
  CALIBRATING REGIME: calm  (HFABM 2-stage, bootstrap weights)
======================================================================
[calm][1/8] Franke weights from historical 1-min mid returns (200 block resamples × 390-bar blocks)
      per-moment empirical sampling SD s_i (Franke weights, 390-bar block bootstrap):
        Hill  hill_tail_index    s_i=1.298e-01
        V     ret_std            s_i=8.616e-06
        ACF1  acf_r_1            s_i=3.820e-03
        ACF1  acf_r_5            s_i=2.756e-03
        ACF1  acf_r_10           s_i=3.701e-03
        ACF2  acf_absr_1         s_i=1.034e-02
        ACF2  acf_absr_2         s_i=1.027e-02
        ACF2  acf_absr_5         s_i=1.064e-02
        ACF2  acf_absr_10        s_i=1.114e-02
        ACF2  acf_absr_15        s_i=1.043e-02
        ACF2  acf_absr_30        s_i=1.005e-02
[calm][2/8] Initial LHS: 200 samples × 30 days × 16 seeds
  LHS 20/200
  LHS 40/200
  LHS 60/200
  LHS 80/200
  LHS 100/200
  LHS 120/200
  LHS 140/200
  LHS 160/200
  LHS 180/200
  LHS 200/200
      7092s → /Users/siddharth/Desktop/GitHub/mscthesis_abm/output/calibration_lhs_calm.csv
[calm][3/8] Initial XGBoost surrogate training
      trained 11 regressors
      held-out R² (n=11): median +0.74, range [+0.21, +0.93]
      weak fits (R² < 0.3): hill_tail_index
      UNREACHABLE targets (model-side gap — flag for design review):
        acf_absr_5             target +0.2600  LHS [+0.0054, +0.1610]  miss +0.0989
        acf_absr_10            target +0.2461  LHS [-0.0046, +0.1265]  miss +0.1196
        acf_absr_15            target +0.2313  LHS [-0.0046, +0.1104]  miss +0.1209
        acf_absr_30            target +0.2099  LHS [-0.0036, +0.0839]  miss +0.1260
[calm][4/8] Active-learning round 1/3: 30 new sims
    refine sim 5/30
    refine sim 10/30
    refine sim 15/30
    refine sim 20/30
    refine sim 25/30
    refine sim 30/30
      total samples now 230, 1209s
      held-out R² (n=11): median +0.82, range [+0.31, +0.91]
      UNREACHABLE targets (model-side gap — flag for design review):
        acf_absr_5             target +0.2600  LHS [+0.0054, +0.1610]  miss +0.0989
        acf_absr_10            target +0.2461  LHS [-0.0046, +0.1265]  miss +0.1196
        acf_absr_15            target +0.2313  LHS [-0.0046, +0.1104]  miss +0.1209
        acf_absr_30            target +0.2099  LHS [-0.0036, +0.0839]  miss +0.1260
[calm][5/8] Active-learning round 2/3: 30 new sims
    refine sim 5/30
    refine sim 10/30
    refine sim 15/30
    refine sim 20/30
    refine sim 25/30
    refine sim 30/30
      total samples now 260, 1193s
      held-out R² (n=11): median +0.77, range [+0.56, +0.92]
      UNREACHABLE targets (model-side gap — flag for design review):
        acf_absr_5             target +0.2600  LHS [+0.0054, +0.1610]  miss +0.0989
        acf_absr_10            target +0.2461  LHS [-0.0046, +0.1265]  miss +0.1196
        acf_absr_15            target +0.2313  LHS [-0.0046, +0.1104]  miss +0.1209
        acf_absr_30            target +0.2099  LHS [-0.0036, +0.0839]  miss +0.1260
[calm][6/8] Active-learning round 3/3: 30 new sims
    refine sim 5/30
    refine sim 10/30
    refine sim 15/30
    refine sim 20/30
    refine sim 25/30
    refine sim 30/30
      total samples now 290, 1200s
      held-out R² (n=11): median +0.79, range [+0.29, +0.93]
      weak fits (R² < 0.3): hill_tail_index
      UNREACHABLE targets (model-side gap — flag for design review):
        acf_absr_5             target +0.2600  LHS [+0.0054, +0.1610]  miss +0.0989
        acf_absr_10            target +0.2461  LHS [-0.0046, +0.1265]  miss +0.1196
        acf_absr_15            target +0.2313  LHS [-0.0046, +0.1104]  miss +0.1209
        acf_absr_30            target +0.2099  LHS [-0.0036, +0.0839]  miss +0.1260
[calm][7/8] Stage 1: surrogate optimisation (multi-start L-BFGS-B)
      surrogate loss at stage-1 optimum: 30.5830
[calm][8/8] Stage 2: grid search around θ* on true simulator (80 sims in ±10% box)
    stage-2 sim 10/81  (best so far 28.9431)
    stage-2 sim 20/81  (best so far 28.9431)
    stage-2 sim 30/81  (best so far 28.9431)
    stage-2 sim 40/81  (best so far 26.9609)
    stage-2 sim 50/81  (best so far 26.9609)
    stage-2 sim 60/81  (best so far 26.9609)
    stage-2 sim 70/81  (best so far 26.9609)
    stage-2 sim 80/81  (best so far 26.9609)
      stage-2 best TRUE loss: 26.9609  (surrogate-predicted 30.5830)  [3165s → /Users/siddharth/Desktop/GitHub/mscthesis_abm/output/calibration_stage2_calm.csv]
[calm][9/8] Validating at stage-2 optimum

    moment                    target     simulator       |s-t|   |s-t|/s_i
    ret_std                   0.0003        0.0003      0.0000        0.57
    acf_r_1                   0.0009       -0.0065      0.0074        1.95
    acf_r_5                  -0.0035        0.0440      0.0476       17.26
    acf_r_10                  0.0016       -0.0069      0.0085        2.29
    acf_absr_1                0.3068        0.1282      0.1786       17.27
    acf_absr_2                0.2955        0.1064      0.1891       18.42
    acf_absr_5                0.2600        0.0425      0.2175       20.44
    acf_absr_10               0.2461        0.0253      0.2208       19.82
    acf_absr_15               0.2313        0.0232      0.2081       19.95
    acf_absr_30               0.2099        0.0207      0.1892       18.83
    hill_tail_index           2.9960        3.0818      0.0857        0.66
    ret_kurtosis             19.8656       90.9755     71.1100  (diag)

    grouped Δ contributions (Franke-standardised, 4 in loss):
      ΔHill   = 0.6602   (mean sampling-SDs off)
      ΔV      = 0.5720   (mean sampling-SDs off)
      ΔACF1   = 7.1638   (mean sampling-SDs off)
      ΔACF2   = 19.1218   (mean sampling-SDs off)

    validated true loss D(θ) at stage-2 θ: 27.5178

======================================================================
  CALIBRATING REGIME: stressed  (HFABM 2-stage, bootstrap weights)
======================================================================
[stressed][1/8] Franke weights from historical 1-min mid returns (200 block resamples × 390-bar blocks)
      per-moment empirical sampling SD s_i (Franke weights, 390-bar block bootstrap):
        Hill  hill_tail_index    s_i=2.227e-01
        V     ret_std            s_i=1.547e-04
        ACF1  acf_r_1            s_i=1.175e-02
        ACF1  acf_r_5            s_i=4.969e-03
        ACF1  acf_r_10           s_i=5.944e-03
        ACF2  acf_absr_1         s_i=2.174e-02
        ACF2  acf_absr_2         s_i=1.916e-02
        ACF2  acf_absr_5         s_i=3.001e-02
        ACF2  acf_absr_10        s_i=2.353e-02
        ACF2  acf_absr_15        s_i=2.494e-02
        ACF2  acf_absr_30        s_i=2.185e-02
[stressed][2/8] Initial LHS: 200 samples × 30 days × 16 seeds
  LHS 20/200
  LHS 40/200
  LHS 60/200
  LHS 80/200
  LHS 100/200
  LHS 120/200
  LHS 140/200
  LHS 160/200
  LHS 180/200
  LHS 200/200
      6965s → /Users/siddharth/Desktop/GitHub/mscthesis_abm/output/calibration_lhs_stressed.csv
[stressed][3/8] Initial XGBoost surrogate training
      trained 11 regressors
      held-out R² (n=11): median +0.91, range [+0.54, +0.94]
      UNREACHABLE targets (model-side gap — flag for design review):
        acf_r_10               target -0.0180  LHS [-0.0090, +0.0237]  miss +0.0090
        acf_absr_5             target +0.2298  LHS [+0.0042, +0.1895]  miss +0.0403
        acf_absr_10            target +0.2149  LHS [-0.0034, +0.0946]  miss +0.1204
        acf_absr_15            target +0.2091  LHS [-0.0056, +0.0726]  miss +0.1366
        acf_absr_30            target +0.1905  LHS [-0.0052, +0.0468]  miss +0.1437
        hill_tail_index        target +3.2524  LHS [+0.4328, +1.7321]  miss +1.5203
[stressed][4/8] Active-learning round 1/3: 30 new sims
    refine sim 5/30
    refine sim 10/30
    refine sim 15/30
    refine sim 20/30
    refine sim 25/30
    refine sim 30/30
      total samples now 230, 1109s
      held-out R² (n=11): median +0.89, range [+0.51, +0.96]
      UNREACHABLE targets (model-side gap — flag for design review):
        acf_r_10               target -0.0180  LHS [-0.0090, +0.0237]  miss +0.0090
        acf_absr_5             target +0.2298  LHS [+0.0042, +0.1895]  miss +0.0403
        acf_absr_10            target +0.2149  LHS [-0.0034, +0.0946]  miss +0.1204
        acf_absr_15            target +0.2091  LHS [-0.0056, +0.0726]  miss +0.1366
        acf_absr_30            target +0.1905  LHS [-0.0052, +0.0468]  miss +0.1437
        hill_tail_index        target +3.2524  LHS [+0.4328, +1.7321]  miss +1.5203
[stressed][5/8] Active-learning round 2/3: 30 new sims
    refine sim 5/30
    refine sim 10/30
    refine sim 15/30
    refine sim 20/30
    refine sim 25/30
    refine sim 30/30
      total samples now 260, 1132s
      held-out R² (n=11): median +0.88, range [+0.42, +0.96]
      UNREACHABLE targets (model-side gap — flag for design review):
        acf_r_10               target -0.0180  LHS [-0.0090, +0.0237]  miss +0.0090
        acf_absr_5             target +0.2298  LHS [+0.0042, +0.1895]  miss +0.0403
        acf_absr_10            target +0.2149  LHS [-0.0034, +0.0946]  miss +0.1204
        acf_absr_15            target +0.2091  LHS [-0.0056, +0.0726]  miss +0.1366
        acf_absr_30            target +0.1905  LHS [-0.0052, +0.0468]  miss +0.1437
        hill_tail_index        target +3.2524  LHS [+0.4328, +1.7321]  miss +1.5203
[stressed][6/8] Active-learning round 3/3: 30 new sims
    refine sim 5/30
    refine sim 10/30
    refine sim 15/30
    refine sim 20/30
    refine sim 25/30
    refine sim 30/30
      total samples now 290, 1130s
      held-out R² (n=11): median +0.88, range [+0.41, +0.94]
      UNREACHABLE targets (model-side gap — flag for design review):
        acf_r_10               target -0.0180  LHS [-0.0090, +0.0237]  miss +0.0090
        acf_absr_5             target +0.2298  LHS [+0.0042, +0.1895]  miss +0.0403
        acf_absr_10            target +0.2149  LHS [-0.0034, +0.0946]  miss +0.1204
        acf_absr_15            target +0.2091  LHS [-0.0066, +0.0726]  miss +0.1366
        acf_absr_30            target +0.1905  LHS [-0.0052, +0.0468]  miss +0.1437
        hill_tail_index        target +3.2524  LHS [+0.4328, +1.7321]  miss +1.5203
[stressed][7/8] Stage 1: surrogate optimisation (multi-start L-BFGS-B)
      surrogate loss at stage-1 optimum: 20.5727
[stressed][8/8] Stage 2: grid search around θ* on true simulator (80 sims in ±10% box)
    stage-2 sim 10/81  (best so far 20.3826)
    stage-2 sim 20/81  (best so far 20.3826)
    stage-2 sim 30/81  (best so far 20.2820)
    stage-2 sim 40/81  (best so far 20.2820)
    stage-2 sim 50/81  (best so far 20.1069)
    stage-2 sim 60/81  (best so far 20.1069)
    stage-2 sim 70/81  (best so far 19.6982)
    stage-2 sim 80/81  (best so far 19.6982)
      stage-2 best TRUE loss: 19.6982  (surrogate-predicted 20.5727)  [2936s → /Users/siddharth/Desktop/GitHub/mscthesis_abm/output/calibration_stage2_stressed.csv]
[stressed][9/8] Validating at stage-2 optimum

    moment                    target     simulator       |s-t|   |s-t|/s_i
    ret_std                   0.0018        0.0017      0.0001        0.94
    acf_r_1                   0.0000        0.0039      0.0038        0.32
    acf_r_5                  -0.0034        0.0063      0.0097        1.95
    acf_r_10                 -0.0180        0.0094      0.0274        4.61
    acf_absr_1                0.2708        0.0841      0.1867        8.59
    acf_absr_2                0.2555        0.0691      0.1864        9.73
    acf_absr_5                0.2298        0.0196      0.2102        7.01
    acf_absr_10               0.2149        0.0006      0.2143        9.11
    acf_absr_15               0.2091       -0.0017      0.2108        8.45
    acf_absr_30               0.1905       -0.0033      0.1939        8.87
    hill_tail_index           3.2524        1.1230      2.1293        9.56
    ret_kurtosis             34.7549      602.2925    567.5376  (diag)

    grouped Δ contributions (Franke-standardised, 4 in loss):
      ΔHill   = 9.5624   (mean sampling-SDs off)
      ΔV      = 0.9438   (mean sampling-SDs off)
      ΔACF1   = 2.2954   (mean sampling-SDs off)
      ΔACF2   = 8.6268   (mean sampling-SDs off)

    validated true loss D(θ) at stage-2 θ: 21.4283

Saved output/calibrated_params.json (regimes: calm, stressed)
