
======================================================================
  CALIBRATING REGIME: stressed  (HFABM 2-stage, bootstrap weights)
======================================================================
[stressed][1/7] Franke weights from historical 1-min mid returns (200 block resamples × 390-bar blocks)
      per-moment empirical sampling SD s_i (Franke weights, 390-bar block bootstrap):
        KS    ks_stat            s_i=8.918e-03
        V     ret_std            s_i=1.575e-04
        ACF1  acf_r_1            s_i=5.807e-03
        ACF1  acf_r_5            s_i=7.809e-03
        ACF1  acf_r_10           s_i=5.276e-03
        ACF1  acf_r_20           s_i=8.475e-03
        ACF2  acf_absr_1         s_i=2.050e-02
        ACF2  acf_absr_5         s_i=3.156e-02
        ACF2  acf_absr_10        s_i=2.696e-02
        ACF2  acf_absr_20        s_i=2.022e-02
        Hill  hill_tail_index    s_i=1.875e-01
[stressed][2/7] Initial LHS: 36 samples × 20 days × 2 seeds
  LHS 20/36
      435s → /Users/siddharth/Desktop/GitHub/mscthesis_abm/output/calibration_lhs_stressed.csv
[stressed][3/7] Initial XGBoost surrogate training
      D(θ) surrogate (single regressor, n=36, label-clip cap=60.17): held-out R²=+0.27, Pearson r=+0.54
      UNREACHABLE targets (model-side gap — flag for design review):
        ret_kurtosis           target +34.7549  LHS [+50.8155, +871.2714]  miss +16.0606
        acf_absr_5             target +0.2189  LHS [+0.0045, +0.1694]  miss +0.0496
        acf_absr_10            target +0.2006  LHS [-0.0119, +0.1150]  miss +0.0856
        acf_absr_20            target +0.2047  LHS [+0.0021, +0.0615]  miss +0.1432
        hill_tail_index        target +3.1785  LHS [+1.1299, +2.7037]  miss +0.4749
        ks_stat                target +0.0000  LHS [+0.0608, +0.3959]  miss +0.0608
[stressed][4/7] Active-learning round 1/1: 12 new sims
    refine sim 5/12 (exploit 8 / explore 4)
    refine sim 10/12 (exploit 8 / explore 4)
      total samples now 48, 138s
      D(θ) surrogate (single regressor, n=48, label-clip cap=59.34): held-out R²=+0.79, Pearson r=+0.91
      UNREACHABLE targets (model-side gap — flag for design review):
        ret_kurtosis           target +34.7549  LHS [+50.8155, +871.2714]  miss +16.0606
        acf_absr_5             target +0.2189  LHS [+0.0045, +0.1694]  miss +0.0496
        acf_absr_10            target +0.2006  LHS [-0.0119, +0.1150]  miss +0.0856
        acf_absr_20            target +0.2047  LHS [+0.0021, +0.0956]  miss +0.1091
        hill_tail_index        target +3.1785  LHS [+1.1299, +3.0162]  miss +0.1623
        ks_stat                target +0.0000  LHS [+0.0556, +0.3959]  miss +0.0556
[stressed][5/7] Stage 1: surrogate optimum (pool argmin over Sobol candidates)
      surrogate-predicted D at stage-1 optimum: 15.1684
[stressed][6/7] Stage 2: grid search around θ* on true simulator (8 sims in ±10% box)
      stage-2 best TRUE loss: 10.3368  (surrogate-predicted 15.1684)  [106s → /Users/siddharth/Desktop/GitHub/mscthesis_abm/output/calibration_stage2_stressed.csv]
[stressed][7/7] Validating at stage-2 optimum

    moment                    target     simulator       |s-t|   |s-t|/s_i
    ret_std                   0.0018        0.0017      0.0001        0.73
    ret_kurtosis             34.7549      118.6784     83.9235  (diag)
    acf_r_1                  -0.0053       -0.0081      0.0028        0.48
    acf_r_5                  -0.0017        0.0048      0.0065        0.83
    acf_r_10                 -0.0024       -0.0059      0.0035        0.66
    acf_r_20                 -0.0057       -0.0082      0.0025        0.30
    acf_absr_1                0.2555        0.1929      0.0626        3.05
    acf_absr_5                0.2189        0.1398      0.0792        2.51
    acf_absr_10               0.2006        0.0754      0.1252        4.64
    acf_absr_20               0.2047        0.0790      0.1257        6.22
    hill_tail_index           3.1785        2.9565      0.2220        1.18
    ks_stat                   0.0000        0.0560      0.0560        6.28

    grouped Δ contributions (Franke-standardised, 5 in loss):
      ΔKS     = 6.2765   (mean sampling-SDs off)
      ΔV      = 0.7327   (mean sampling-SDs off)
      ΔACF1   = 0.5671   (mean sampling-SDs off)
      ΔACF2   = 4.1056   (mean sampling-SDs off)
      ΔHill   = 1.1841   (mean sampling-SDs off)

    validated true loss D(θ) at stage-2 θ: 12.8661

Saved output/calibrated_params.json (regimes now: calm, stressed merged with any prior)
