
======================================================================
  CALIBRATING REGIME: calm  (HFABM 2-stage, bootstrap weights)
======================================================================
[calm][1/7] Franke weights from historical 1-min mid returns (200 block resamples × 390-bar blocks)
      per-moment empirical sampling SD s_i (Franke weights, 390-bar block bootstrap):
        KS    ks_stat            s_i=9.855e-03
        V     ret_std            s_i=9.321e-06
        ACF1  acf_r_1            s_i=3.118e-03
        ACF1  acf_r_5            s_i=2.858e-03
        ACF1  acf_r_10           s_i=2.958e-03
        ACF1  acf_r_20           s_i=2.755e-03
        ACF2  acf_absr_1         s_i=1.103e-02
        ACF2  acf_absr_5         s_i=1.038e-02
        ACF2  acf_absr_10        s_i=1.086e-02
        ACF2  acf_absr_20        s_i=1.049e-02
        Hill  hill_tail_index    s_i=7.064e-02
[calm][2/7] Initial LHS: 36 samples × 20 days × 2 seeds
  LHS 20/36
      317s → /Users/siddharth/Desktop/GitHub/mscthesis_abm/output/calibration_lhs_calm.csv
[calm][3/7] Initial XGBoost surrogate training
      D(θ) surrogate (single regressor, n=36, label-clip cap=76.67): held-out R²=+0.83, Pearson r=+0.91
      UNREACHABLE targets (model-side gap — flag for design review):
        acf_absr_5             target +0.2543  LHS [+0.0265, +0.1563]  miss +0.0980
        acf_absr_10            target +0.2426  LHS [+0.0411, +0.1163]  miss +0.1263
        acf_absr_20            target +0.2167  LHS [+0.0324, +0.0975]  miss +0.1192
        ks_stat                target +0.0000  LHS [+0.1095, +0.2463]  miss +0.1095
[calm][4/7] Active-learning round 1/1: 12 new sims
    refine sim 5/12 (exploit 8 / explore 4)
    refine sim 10/12 (exploit 8 / explore 4)
      total samples now 48, 113s
      D(θ) surrogate (single regressor, n=48, label-clip cap=69.00): held-out R²=+0.80, Pearson r=+0.90
      UNREACHABLE targets (model-side gap — flag for design review):
        acf_absr_5             target +0.2543  LHS [+0.0265, +0.1563]  miss +0.0980
        acf_absr_10            target +0.2426  LHS [+0.0411, +0.1163]  miss +0.1263
        acf_absr_20            target +0.2167  LHS [+0.0324, +0.0975]  miss +0.1192
        ks_stat                target +0.0000  LHS [+0.1095, +0.2463]  miss +0.1095
[calm][5/7] Stage 1: surrogate optimum (pool argmin over Sobol candidates)
      surrogate-predicted D at stage-1 optimum: 43.9268
[calm][6/7] Stage 2: grid search around θ* on true simulator (8 sims in ±10% box)
      stage-2 best TRUE loss: 42.4489  (surrogate-predicted 43.9268)  [81s → /Users/siddharth/Desktop/GitHub/mscthesis_abm/output/calibration_stage2_calm.csv]
[calm][7/7] Validating at stage-2 optimum

    moment                    target     simulator       |s-t|   |s-t|/s_i
    ret_std                   0.0003        0.0004      0.0001        8.64
    ret_kurtosis             19.8656        5.5315     14.3340  (diag)
    acf_r_1                  -0.0023        0.0208      0.0231        7.42
    acf_r_5                  -0.0020        0.0029      0.0049        1.73
    acf_r_10                 -0.0001        0.0004      0.0005        0.18
    acf_r_20                  0.0048        0.0076      0.0028        1.03
    acf_absr_1                0.2955        0.1623      0.1332       12.08
    acf_absr_5                0.2543        0.1062      0.1481       14.27
    acf_absr_10               0.2426        0.0945      0.1481       13.64
    acf_absr_20               0.2167        0.0823      0.1344       12.81
    hill_tail_index           2.9577        2.9759      0.0182        0.26
    ks_stat                   0.0000        0.1794      0.1794       18.20

    grouped Δ contributions (Franke-standardised, 5 in loss):
      ΔKS     = 18.2050   (mean sampling-SDs off)
      ΔV      = 8.6438   (mean sampling-SDs off)
      ΔACF1   = 2.5919   (mean sampling-SDs off)
      ΔACF2   = 13.1985   (mean sampling-SDs off)
      ΔHill   = 0.2575   (mean sampling-SDs off)

    validated true loss D(θ) at stage-2 θ: 42.8967

Saved output/calibrated_params.json (regimes now: calm, stressed merged with any prior)
