
======================================================================
  CALIBRATING REGIME: stressed  (HFABM 2-stage, bootstrap weights)
======================================================================
[stressed][1/7] Franke weights from historical 1-min mid returns (200 block resamples × 390-bar blocks)
      per-moment empirical sampling SD s_i (Franke weights, 390-bar block bootstrap):
        KS    ks_stat            s_i=8.918e-03
        V     ret_std            s_i=1.575e-04
        ACF1  acf_r_1            s_i=5.807e-03
        ACF1  acf_r_5            s_i=7.809e-03
        ACF1  acf_r_10           s_i=5.276e-03
        ACF1  acf_r_20           s_i=8.475e-03
        ACF2  acf_absr_1         s_i=2.050e-02
        ACF2  acf_absr_5         s_i=3.156e-02
        ACF2  acf_absr_10        s_i=2.696e-02
        ACF2  acf_absr_20        s_i=2.022e-02
        Hill  hill_tail_index    s_i=1.875e-01
[stressed][2/7] Initial LHS: 64 samples × 15 days × 3 seeds
  LHS 20/64
  LHS 40/64
  LHS 60/64
      1104s → /Users/siddharth/Desktop/GitHub/mscthesis_abm/output/calibration_lhs_stressed.csv
[stressed][3/7] Initial XGBoost surrogate training
      D(θ) surrogate (single regressor, n=64, label-clip cap=58.76): held-out R²=+0.71, Pearson r=+0.88
      UNREACHABLE targets (model-side gap — flag for design review):
        ret_kurtosis           target +34.7549  LHS [+70.3435, +1494.3774]  miss +35.5886
        acf_absr_5             target +0.2189  LHS [+0.0149, +0.2127]  miss +0.0063
        acf_absr_10            target +0.2006  LHS [-0.0046, +0.0900]  miss +0.1106
        acf_absr_20            target +0.2047  LHS [-0.0109, +0.0416]  miss +0.1631
        hill_tail_index        target +3.1785  LHS [+1.0893, +2.3153]  miss +0.8632
        ks_stat                target +0.0000  LHS [+0.0586, +0.3984]  miss +0.0586
[stressed][4/7] Active-learning round 1/1: 16 new sims
    refine sim 5/16 (exploit 11 / explore 5)
    refine sim 10/16 (exploit 11 / explore 5)
    refine sim 15/16 (exploit 11 / explore 5)
      total samples now 80, 287s
      D(θ) surrogate (single regressor, n=80, label-clip cap=57.49): held-out R²=+0.85, Pearson r=+0.93
      UNREACHABLE targets (model-side gap — flag for design review):
        ret_kurtosis           target +34.7549  LHS [+70.3435, +1494.3774]  miss +35.5886
        acf_absr_5             target +0.2189  LHS [+0.0149, +0.2127]  miss +0.0063
        acf_absr_10            target +0.2006  LHS [-0.0046, +0.0900]  miss +0.1106
        acf_absr_20            target +0.2047  LHS [-0.0109, +0.0481]  miss +0.1567
        hill_tail_index        target +3.1785  LHS [+1.0893, +2.4283]  miss +0.7502
        ks_stat                target +0.0000  LHS [+0.0586, +0.3984]  miss +0.0586
[stressed][5/7] Stage 1: surrogate optimum (pool argmin over Sobol candidates)
      surrogate-predicted D at stage-1 optimum: 20.1389
[stressed][6/7] Stage 2: grid search around θ* on true simulator (16 sims in ±10% box)
    stage-2 sim 10/17  (best so far 16.8983)
      stage-2 best TRUE loss: 16.4676  (surrogate-predicted 20.1389)  [300s → /Users/siddharth/Desktop/GitHub/mscthesis_abm/output/calibration_stage2_stressed.csv]
[stressed][7/7] Validating at stage-2 optimum

    moment                    target     simulator       |s-t|   |s-t|/s_i
    ret_std                   0.0018        0.0021      0.0003        1.89
    ret_kurtosis             34.7549      258.6932    223.9383  (diag)
    acf_r_1                  -0.0053        0.0460      0.0513        8.83
    acf_r_5                  -0.0017        0.0074      0.0091        1.17
    acf_r_10                 -0.0024       -0.0057      0.0033        0.62
    acf_r_20                 -0.0057       -0.0065      0.0008        0.09
    acf_absr_1                0.2555        0.1920      0.0636        3.10
    acf_absr_5                0.2189        0.0576      0.1613        5.11
    acf_absr_10               0.2006        0.0457      0.1549        5.75
    acf_absr_20               0.2047        0.0515      0.1532        7.58
    hill_tail_index           3.1785        2.5592      0.6193        3.30
    ks_stat                   0.0000        0.0666      0.0666        7.47

    grouped Δ contributions (Franke-standardised, 5 in loss):
      ΔKS     = 7.4716   (mean sampling-SDs off)
      ΔV      = 1.8853   (mean sampling-SDs off)
      ΔACF1   = 2.6780   (mean sampling-SDs off)
      ΔACF2   = 5.3833   (mean sampling-SDs off)
      ΔHill   = 3.3035   (mean sampling-SDs off)

    validated true loss D(θ) at stage-2 θ: 20.7217

Saved output/calibrated_params.json (regimes now: calm, stressed merged with any prior)
