
======================================================================
  CALIBRATING REGIME: calm  (HFABM 2-stage, bootstrap weights)
======================================================================
[calm][1/8] Franke weights from historical 1-min mid returns (200 block resamples × 390-bar blocks)
      per-moment empirical sampling SD s_i (Franke weights, 390-bar block bootstrap):
        KS    ks_stat            s_i=5.485e-03
        V     ret_std            s_i=9.132e-06
        ACF1  acf_r_1            s_i=2.990e-03
        ACF1  acf_r_5            s_i=2.929e-03
        ACF1  acf_r_10           s_i=2.870e-03
        ACF1  acf_r_20           s_i=2.674e-03
        ACF2  acf_absr_1         s_i=1.094e-02
        ACF2  acf_absr_5         s_i=1.040e-02
        ACF2  acf_absr_10        s_i=1.073e-02
        ACF2  acf_absr_20        s_i=1.003e-02
        Hill  hill_tail_index    s_i=7.449e-02
[calm][2/8] Initial LHS: 160 samples × 20 days × 6 seeds
  LHS 20/160
  LHS 40/160
  LHS 60/160
  LHS 80/160
  LHS 100/160
  LHS 120/160
  LHS 140/160
  LHS 160/160
      4324s → /Users/siddharth/Desktop/GitHub/mscthesis_abm/output/calibration_lhs_calm.csv
[calm][3/8] Initial XGBoost surrogate training
      D(θ) surrogate (single regressor, n=160, label-clip cap=93.76): held-out R²=+0.92, Pearson r=+0.97
      UNREACHABLE targets (model-side gap — flag for design review):
        ret_std                target +0.0003  LHS [+0.0003, +0.0008]  miss +0.0000
        acf_absr_5             target +0.2543  LHS [+0.0520, +0.2180]  miss +0.0363
        acf_absr_10            target +0.2426  LHS [+0.0503, +0.1819]  miss +0.0608
        acf_absr_20            target +0.2167  LHS [+0.0508, +0.1498]  miss +0.0669
        ks_stat                target +0.0000  LHS [+0.1053, +0.2497]  miss +0.1053
[calm][4/8] Active-learning round 1/2: 32 new sims
    refine sim 5/32 (exploit 21 / explore 11)
    refine sim 10/32 (exploit 21 / explore 11)
    refine sim 15/32 (exploit 21 / explore 11)
    refine sim 20/32 (exploit 21 / explore 11)
    refine sim 25/32 (exploit 21 / explore 11)
    refine sim 30/32 (exploit 21 / explore 11)
      total samples now 192, 790s
      D(θ) surrogate (single regressor, n=192, label-clip cap=92.25): held-out R²=+0.93, Pearson r=+0.97
      UNREACHABLE targets (model-side gap — flag for design review):
        ret_std                target +0.0003  LHS [+0.0003, +0.0008]  miss +0.0000
        acf_absr_5             target +0.2543  LHS [+0.0520, +0.2180]  miss +0.0363
        acf_absr_10            target +0.2426  LHS [+0.0503, +0.1819]  miss +0.0608
        acf_absr_20            target +0.2167  LHS [+0.0508, +0.1498]  miss +0.0669
        ks_stat                target +0.0000  LHS [+0.1053, +0.2497]  miss +0.1053
[calm][5/8] Active-learning round 2/2: 32 new sims
    refine sim 5/32 (exploit 21 / explore 11)
    refine sim 10/32 (exploit 21 / explore 11)
    refine sim 15/32 (exploit 21 / explore 11)
    refine sim 20/32 (exploit 21 / explore 11)
    refine sim 25/32 (exploit 21 / explore 11)
    refine sim 30/32 (exploit 21 / explore 11)
      total samples now 224, 783s
      D(θ) surrogate (single regressor, n=224, label-clip cap=91.40): held-out R²=+0.94, Pearson r=+0.97
      UNREACHABLE targets (model-side gap — flag for design review):
        ret_std                target +0.0003  LHS [+0.0003, +0.0008]  miss +0.0000
        acf_absr_5             target +0.2543  LHS [+0.0520, +0.2180]  miss +0.0363
        acf_absr_10            target +0.2426  LHS [+0.0503, +0.1819]  miss +0.0608
        acf_absr_20            target +0.2167  LHS [+0.0508, +0.1498]  miss +0.0669
        ks_stat                target +0.0000  LHS [+0.1053, +0.2497]  miss +0.1053
[calm][6/8] Stage 1: surrogate optimum (pool argmin over Sobol candidates)
      surrogate-predicted D at stage-1 optimum: 56.1687
[calm][7/8] Stage 2: grid search around θ* on true simulator (24 sims in ±10% box)
    stage-2 sim 10/25  (best so far 54.5602)
    stage-2 sim 20/25  (best so far 54.5602)
      stage-2 best TRUE loss: 54.5602  (surrogate-predicted 56.1687)  [625s → /Users/siddharth/Desktop/GitHub/mscthesis_abm/output/calibration_stage2_calm.csv]
[calm][8/8] Validating at stage-2 optimum

    moment                    target     simulator       |s-t|   |s-t|/s_i
    ret_std                   0.0003        0.0004      0.0001        9.41
    ret_kurtosis             19.8656       11.6750      8.1906  (diag)
    acf_r_1                  -0.0023        0.0295      0.0318       10.64
    acf_r_5                  -0.0020       -0.0007      0.0014        0.47
    acf_r_10                 -0.0001        0.0002      0.0003        0.10
    acf_r_20                  0.0048        0.0081      0.0033        1.24
    acf_absr_1                0.2955        0.2024      0.0931        8.51
    acf_absr_5                0.2543        0.0887      0.1656       15.92
    acf_absr_10               0.2426        0.1027      0.1399       13.04
    acf_absr_20               0.2167        0.0869      0.1297       12.94
    hill_tail_index           2.9577        2.7209      0.2368        3.18
    ks_stat                   0.0000        0.1568      0.1568       28.58

    grouped Δ contributions (Franke-standardised, 5 in loss):
      ΔKS     = 28.5849   (mean sampling-SDs off)
      ΔV      = 9.4120   (mean sampling-SDs off)
      ΔACF1   = 3.1137   (mean sampling-SDs off)
      ΔACF2   = 12.6024   (mean sampling-SDs off)
      ΔHill   = 3.1789   (mean sampling-SDs off)

    validated true loss D(θ) at stage-2 θ: 56.8918

Saved output/calibrated_params.json (regimes now: calm merged with any prior)
