
======================================================================
  CALIBRATING REGIME: stressed  (HFABM 2-stage, bootstrap weights)
======================================================================
[stressed][1/7] Franke weights from historical 1-min mid returns (200 block resamples × 390-bar blocks)
      per-moment empirical sampling SD s_i (Franke weights, 390-bar block bootstrap):
        KS    ks_stat            s_i=8.918e-03
        V     ret_std            s_i=1.575e-04
        ACF1  acf_r_1            s_i=5.807e-03
        ACF1  acf_r_5            s_i=7.809e-03
        ACF1  acf_r_10           s_i=5.276e-03
        ACF1  acf_r_20           s_i=8.475e-03
        ACF2  acf_absr_1         s_i=2.050e-02
        ACF2  acf_absr_5         s_i=3.156e-02
        ACF2  acf_absr_10        s_i=2.696e-02
        ACF2  acf_absr_20        s_i=2.022e-02
        Hill  hill_tail_index    s_i=1.875e-01
[stressed][2/7] Initial LHS: 48 samples × 20 days × 2 seeds
  LHS 20/48
  LHS 40/48
      457s → /Users/siddharth/Desktop/GitHub/mscthesis_abm/output/calibration_lhs_stressed.csv
[stressed][3/7] Initial XGBoost surrogate training
      D(θ) surrogate (single regressor, n=48, label-clip cap=58.14): held-out R²=+0.62, Pearson r=+0.82
      UNREACHABLE targets (model-side gap — flag for design review):
        acf_absr_5             target +0.2189  LHS [+0.0059, +0.1704]  miss +0.0485
        acf_absr_10            target +0.2006  LHS [-0.0027, +0.1383]  miss +0.0623
        acf_absr_20            target +0.2047  LHS [-0.0039, +0.1175]  miss +0.0873
        hill_tail_index        target +3.1785  LHS [+1.3325, +2.7905]  miss +0.3880
        ks_stat                target +0.0000  LHS [+0.0260, +0.3840]  miss +0.0260
[stressed][4/7] Active-learning round 1/1: 12 new sims
    refine sim 5/12 (exploit 8 / explore 4)
    refine sim 10/12 (exploit 8 / explore 4)
      total samples now 60, 117s
      D(θ) surrogate (single regressor, n=60, label-clip cap=57.59): held-out R²=+0.74, Pearson r=+0.90
      UNREACHABLE targets (model-side gap — flag for design review):
        acf_absr_5             target +0.2189  LHS [+0.0059, +0.1704]  miss +0.0485
        acf_absr_10            target +0.2006  LHS [-0.0027, +0.1383]  miss +0.0623
        acf_absr_20            target +0.2047  LHS [-0.0039, +0.1238]  miss +0.0809
        hill_tail_index        target +3.1785  LHS [+1.3325, +2.8669]  miss +0.3116
        ks_stat                target +0.0000  LHS [+0.0260, +0.3840]  miss +0.0260
[stressed][5/7] Stage 1: surrogate optimum (pool argmin over Sobol candidates)
      surrogate-predicted D at stage-1 optimum: 14.4911
[stressed][6/7] Stage 2: grid search around θ* on true simulator (8 sims in ±10% box)
      stage-2 best TRUE loss: 12.3005  (surrogate-predicted 14.4911)  [80s → /Users/siddharth/Desktop/GitHub/mscthesis_abm/output/calibration_stage2_stressed.csv]
[stressed][7/7] Validating at stage-2 optimum

    moment                    target     simulator       |s-t|   |s-t|/s_i
    ret_std                   0.0018        0.0019      0.0001        0.75
    ret_kurtosis             34.7549       39.6353      4.8804  (diag)
    acf_r_1                  -0.0053       -0.0337      0.0284        4.90
    acf_r_5                  -0.0017       -0.0055      0.0038        0.49
    acf_r_10                 -0.0024       -0.0040      0.0016        0.30
    acf_r_20                 -0.0057       -0.0019      0.0038        0.45
    acf_absr_1                0.2555        0.2106      0.0449        2.19
    acf_absr_5                0.2189        0.1486      0.0704        2.23
    acf_absr_10               0.2006        0.1078      0.0927        3.44
    acf_absr_20               0.2047        0.1031      0.1016        5.02
    hill_tail_index           3.1785        3.0083      0.1702        0.91
    ks_stat                   0.0000        0.0492      0.0492        5.52

    grouped Δ contributions (Franke-standardised, 5 in loss):
      ΔKS     = 5.5153   (mean sampling-SDs off)
      ΔV      = 0.7540   (mean sampling-SDs off)
      ΔACF1   = 1.5329   (mean sampling-SDs off)
      ΔACF2   = 3.2208   (mean sampling-SDs off)
      ΔHill   = 0.9078   (mean sampling-SDs off)

    validated true loss D(θ) at stage-2 θ: 11.9309

Saved output/calibrated_params.json (regimes now: calm, stressed merged with any prior)
