
======================================================================
  CALIBRATING REGIME: calm  (HFABM 2-stage, bootstrap weights)
======================================================================
[calm][1/7] Franke weights from historical 1-min mid returns (200 block resamples × 390-bar blocks)
      per-moment empirical sampling SD s_i (Franke weights, 390-bar block bootstrap):
        KS    ks_stat            s_i=9.855e-03
        V     ret_std            s_i=9.321e-06
        ACF1  acf_r_1            s_i=3.118e-03
        ACF1  acf_r_5            s_i=2.858e-03
        ACF1  acf_r_10           s_i=2.958e-03
        ACF1  acf_r_20           s_i=2.755e-03
        ACF2  acf_absr_1         s_i=1.103e-02
        ACF2  acf_absr_5         s_i=1.038e-02
        ACF2  acf_absr_10        s_i=1.086e-02
        ACF2  acf_absr_20        s_i=1.049e-02
        Hill  hill_tail_index    s_i=7.064e-02
[calm][2/7] Initial LHS: 48 samples × 20 days × 2 seeds
  LHS 20/48
  LHS 40/48
      327s → /Users/siddharth/Desktop/GitHub/mscthesis_abm/output/calibration_lhs_calm.csv
[calm][3/7] Initial XGBoost surrogate training
      D(θ) surrogate (single regressor, n=48, label-clip cap=79.85): held-out R²=-0.01, Pearson r=+0.43
      UNREACHABLE targets (model-side gap — flag for design review):
        acf_absr_5             target +0.2543  LHS [+0.0464, +0.1928]  miss +0.0615
        acf_absr_10            target +0.2426  LHS [+0.0501, +0.1556]  miss +0.0870
        acf_absr_20            target +0.2167  LHS [+0.0386, +0.1387]  miss +0.0780
        ks_stat                target +0.0000  LHS [+0.0928, +0.2455]  miss +0.0928
[calm][4/7] Active-learning round 1/1: 12 new sims
    refine sim 5/12 (exploit 8 / explore 4)
    refine sim 10/12 (exploit 8 / explore 4)
      total samples now 60, 89s
      D(θ) surrogate (single regressor, n=60, label-clip cap=74.95): held-out R²=+0.69, Pearson r=+0.85
      UNREACHABLE targets (model-side gap — flag for design review):
        acf_absr_5             target +0.2543  LHS [+0.0464, +0.1928]  miss +0.0615
        acf_absr_10            target +0.2426  LHS [+0.0501, +0.1702]  miss +0.0724
        acf_absr_20            target +0.2167  LHS [+0.0386, +0.1387]  miss +0.0780
        ks_stat                target +0.0000  LHS [+0.0928, +0.2455]  miss +0.0928
[calm][5/7] Stage 1: surrogate optimum (pool argmin over Sobol candidates)
      surrogate-predicted D at stage-1 optimum: 39.9465
[calm][6/7] Stage 2: grid search around θ* on true simulator (8 sims in ±10% box)
      stage-2 best TRUE loss: 41.4606  (surrogate-predicted 39.9465)  [66s → /Users/siddharth/Desktop/GitHub/mscthesis_abm/output/calibration_stage2_calm.csv]
[calm][7/7] Validating at stage-2 optimum

    moment                    target     simulator       |s-t|   |s-t|/s_i
    ret_std                   0.0003        0.0003      0.0000        3.25
    ret_kurtosis             19.8656       11.7623      8.1032  (diag)
    acf_r_1                  -0.0023        0.0654      0.0677       21.73
    acf_r_5                  -0.0020        0.0024      0.0045        1.56
    acf_r_10                 -0.0001        0.0077      0.0078        2.64
    acf_r_20                  0.0048        0.0148      0.0100        3.62
    acf_absr_1                0.2955        0.1681      0.1274       11.55
    acf_absr_5                0.2543        0.0777      0.1766       17.02
    acf_absr_10               0.2426        0.0923      0.1503       13.84
    acf_absr_20               0.2167        0.0762      0.1404       13.38
    hill_tail_index           2.9577        2.3869      0.5708        8.08
    ks_stat                   0.0000        0.0844      0.0844        8.56

    grouped Δ contributions (Franke-standardised, 5 in loss):
      ΔKS     = 8.5595   (mean sampling-SDs off)
      ΔV      = 3.2509   (mean sampling-SDs off)
      ΔACF1   = 7.3896   (mean sampling-SDs off)
      ΔACF2   = 13.9480   (mean sampling-SDs off)
      ΔHill   = 8.0795   (mean sampling-SDs off)

    validated true loss D(θ) at stage-2 θ: 41.2275

Saved output/calibrated_params.json (regimes now: calm merged with any prior)
