
======================================================================
  CALIBRATING REGIME: stressed  (HFABM 2-stage, bootstrap weights)
======================================================================
[stressed][1/7] Franke weights from historical 1-min mid returns (200 block resamples × 390-bar blocks)
      per-moment empirical sampling SD s_i (Franke weights, 390-bar block bootstrap):
        KS    ks_stat            s_i=8.918e-03
        V     ret_std            s_i=1.575e-04
        ACF1  acf_r_1            s_i=5.807e-03
        ACF1  acf_r_5            s_i=7.809e-03
        ACF1  acf_r_10           s_i=5.276e-03
        ACF1  acf_r_20           s_i=8.475e-03
        ACF2  acf_absr_1         s_i=2.050e-02
        ACF2  acf_absr_5         s_i=3.156e-02
        ACF2  acf_absr_10        s_i=2.696e-02
        ACF2  acf_absr_20        s_i=2.022e-02
        Hill  hill_tail_index    s_i=1.875e-01
[stressed][2/7] Initial LHS: 48 samples × 20 days × 2 seeds
  LHS 20/48
  LHS 40/48
      469s → /Users/siddharth/Desktop/GitHub/mscthesis_abm/output/calibration_lhs_stressed.csv
[stressed][3/7] Initial XGBoost surrogate training
      D(θ) surrogate (single regressor, n=48, label-clip cap=58.43): held-out R²=+0.45, Pearson r=+0.76
      UNREACHABLE targets (model-side gap — flag for design review):
        acf_absr_5             target +0.2189  LHS [+0.0314, +0.1967]  miss +0.0223
        acf_absr_10            target +0.2006  LHS [+0.0129, +0.1572]  miss +0.0434
        acf_absr_20            target +0.2047  LHS [+0.0037, +0.1052]  miss +0.0995
        hill_tail_index        target +3.1785  LHS [+1.4622, +2.9843]  miss +0.1943
        ks_stat                target +0.0000  LHS [+0.0451, +0.3874]  miss +0.0451
[stressed][4/7] Active-learning round 1/1: 12 new sims
    refine sim 5/12 (exploit 8 / explore 4)
    refine sim 10/12 (exploit 8 / explore 4)
      total samples now 60, 113s
      D(θ) surrogate (single regressor, n=60, label-clip cap=57.68): held-out R²=+0.74, Pearson r=+0.86
      UNREACHABLE targets (model-side gap — flag for design review):
        acf_absr_5             target +0.2189  LHS [+0.0314, +0.1967]  miss +0.0223
        acf_absr_10            target +0.2006  LHS [+0.0129, +0.1572]  miss +0.0434
        acf_absr_20            target +0.2047  LHS [+0.0037, +0.1260]  miss +0.0787
        hill_tail_index        target +3.1785  LHS [+1.4622, +3.0099]  miss +0.1687
        ks_stat                target +0.0000  LHS [+0.0440, +0.3874]  miss +0.0440
[stressed][5/7] Stage 1: surrogate optimum (pool argmin over Sobol candidates)
      surrogate-predicted D at stage-1 optimum: 14.4870
[stressed][6/7] Stage 2: grid search around θ* on true simulator (8 sims in ±10% box)
      stage-2 best TRUE loss: 12.6820  (surrogate-predicted 14.4870)  [82s → /Users/siddharth/Desktop/GitHub/mscthesis_abm/output/calibration_stage2_stressed.csv]
[stressed][7/7] Validating at stage-2 optimum

    moment                    target     simulator       |s-t|   |s-t|/s_i
    ret_std                   0.0018        0.0021      0.0003        1.83
    ret_kurtosis             34.7549       55.3726     20.6177  (diag)
    acf_r_1                  -0.0053       -0.0632      0.0579        9.98
    acf_r_5                  -0.0017       -0.0018      0.0001        0.01
    acf_r_10                 -0.0024       -0.0053      0.0030        0.56
    acf_r_20                 -0.0057       -0.0041      0.0016        0.19
    acf_absr_1                0.2555        0.2409      0.0146        0.71
    acf_absr_5                0.2189        0.1502      0.0687        2.18
    acf_absr_10               0.2006        0.1287      0.0719        2.67
    acf_absr_20               0.2047        0.1040      0.1007        4.98
    hill_tail_index           3.1785        2.8163      0.3622        1.93
    ks_stat                   0.0000        0.0472      0.0472        5.29

    grouped Δ contributions (Franke-standardised, 5 in loss):
      ΔKS     = 5.2943   (mean sampling-SDs off)
      ΔV      = 1.8320   (mean sampling-SDs off)
      ΔACF1   = 2.6829   (mean sampling-SDs off)
      ΔACF2   = 2.6339   (mean sampling-SDs off)
      ΔHill   = 1.9321   (mean sampling-SDs off)

    validated true loss D(θ) at stage-2 θ: 14.3751

Saved output/calibrated_params.json (regimes now: calm, stressed merged with any prior)
