
======================================================================
  CALIBRATING REGIME: stressed  (HFABM 2-stage, bootstrap weights)
======================================================================
[stressed][1/7] Franke weights from historical 1-min mid returns (200 block resamples × 390-bar blocks)
      per-moment empirical sampling SD s_i (Franke weights, 390-bar block bootstrap):
        KS    ks_stat            s_i=8.918e-03
        V     ret_std            s_i=1.575e-04
        ACF1  acf_r_1            s_i=5.807e-03
        ACF1  acf_r_5            s_i=7.809e-03
        ACF1  acf_r_10           s_i=5.276e-03
        ACF1  acf_r_20           s_i=8.475e-03
        ACF2  acf_absr_1         s_i=2.050e-02
        ACF2  acf_absr_5         s_i=3.156e-02
        ACF2  acf_absr_10        s_i=2.696e-02
        ACF2  acf_absr_20        s_i=2.022e-02
        Hill  hill_tail_index    s_i=1.875e-01
[stressed][2/7] Initial LHS: 48 samples × 20 days × 2 seeds
  LHS 20/48
  LHS 40/48
      540s → /Users/siddharth/Desktop/GitHub/mscthesis_abm/output/calibration_lhs_stressed.csv
[stressed][3/7] Initial XGBoost surrogate training
      D(θ) surrogate (single regressor, n=48, label-clip cap=68.65): held-out R²=+0.48, Pearson r=+0.77
      UNREACHABLE targets (model-side gap — flag for design review):
        acf_absr_1             target +0.2555  LHS [+0.0355, +0.2484]  miss +0.0071
        acf_absr_5             target +0.2189  LHS [-0.0004, +0.1248]  miss +0.0941
        acf_absr_10            target +0.2006  LHS [+0.0005, +0.0878]  miss +0.1127
        acf_absr_20            target +0.2047  LHS [-0.0031, +0.0676]  miss +0.1371
        hill_tail_index        target +3.1785  LHS [+1.0748, +2.5908]  miss +0.5877
        ks_stat                target +0.0000  LHS [+0.0829, +0.4134]  miss +0.0829
[stressed][4/7] Active-learning round 1/1: 12 new sims
    refine sim 5/12 (exploit 8 / explore 4)
    refine sim 10/12 (exploit 8 / explore 4)
      total samples now 60, 128s
      D(θ) surrogate (single regressor, n=60, label-clip cap=68.03): held-out R²=+0.83, Pearson r=+0.93
      UNREACHABLE targets (model-side gap — flag for design review):
        acf_absr_5             target +0.2189  LHS [-0.0004, +0.1514]  miss +0.0676
        acf_absr_10            target +0.2006  LHS [+0.0005, +0.1151]  miss +0.0855
        acf_absr_20            target +0.2047  LHS [-0.0031, +0.1015]  miss +0.1032
        hill_tail_index        target +3.1785  LHS [+1.0748, +2.5908]  miss +0.5877
        ks_stat                target +0.0000  LHS [+0.0593, +0.4134]  miss +0.0593
[stressed][5/7] Stage 1: surrogate optimum (pool argmin over Sobol candidates)
      surrogate-predicted D at stage-1 optimum: 19.3345
[stressed][6/7] Stage 2: grid search around θ* on true simulator (8 sims in ±10% box)
      stage-2 best TRUE loss: 13.7069  (surrogate-predicted 19.3345)  [97s → /Users/siddharth/Desktop/GitHub/mscthesis_abm/output/calibration_stage2_stressed.csv]
[stressed][7/7] Validating at stage-2 optimum

    moment                    target     simulator       |s-t|   |s-t|/s_i
    ret_std                   0.0018        0.0017      0.0001        0.85
    ret_kurtosis             34.7549       31.0142      3.7407  (diag)
    acf_r_1                  -0.0053        0.0038      0.0091        1.56
    acf_r_5                  -0.0017       -0.0027      0.0010        0.12
    acf_r_10                 -0.0024       -0.0005      0.0019        0.35
    acf_r_20                 -0.0057       -0.0013      0.0043        0.51
    acf_absr_1                0.2555        0.1773      0.0783        3.82
    acf_absr_5                0.2189        0.1238      0.0952        3.01
    acf_absr_10               0.2006        0.0888      0.1117        4.15
    acf_absr_20               0.2047        0.0872      0.1176        5.81
    hill_tail_index           3.1785        2.6538      0.5247        2.80
    ks_stat                   0.0000        0.0731      0.0731        8.19

    grouped Δ contributions (Franke-standardised, 5 in loss):
      ΔKS     = 8.1919   (mean sampling-SDs off)
      ΔV      = 0.8502   (mean sampling-SDs off)
      ΔACF1   = 0.6374   (mean sampling-SDs off)
      ΔACF2   = 4.1976   (mean sampling-SDs off)
      ΔHill   = 2.7985   (mean sampling-SDs off)

    validated true loss D(θ) at stage-2 θ: 16.6756

Saved output/calibrated_params.json (regimes now: calm, stressed merged with any prior)
