
======================================================================
  CALIBRATING REGIME: stressed  (HFABM 2-stage, bootstrap weights)
======================================================================
[stressed][1/7] Franke weights from historical 1-min mid returns (200 block resamples × 390-bar blocks)
      per-moment empirical sampling SD s_i (Franke weights, 390-bar block bootstrap):
        KS    ks_stat            s_i=8.918e-03
        V     ret_std            s_i=1.575e-04
        ACF1  acf_r_1            s_i=5.807e-03
        ACF1  acf_r_5            s_i=7.809e-03
        ACF1  acf_r_10           s_i=5.276e-03
        ACF1  acf_r_20           s_i=8.475e-03
        ACF2  acf_absr_1         s_i=2.050e-02
        ACF2  acf_absr_5         s_i=3.156e-02
        ACF2  acf_absr_10        s_i=2.696e-02
        ACF2  acf_absr_20        s_i=2.022e-02
        Hill  hill_tail_index    s_i=1.875e-01
[stressed][2/7] Initial LHS: 48 samples × 20 days × 2 seeds
  LHS 20/48
  LHS 40/48
      556s → /Users/siddharth/Desktop/GitHub/mscthesis_abm/output/calibration_lhs_stressed.csv
[stressed][3/7] Initial XGBoost surrogate training
      D(θ) surrogate (single regressor, n=48, label-clip cap=67.85): held-out R²=+0.46, Pearson r=+0.75
      UNREACHABLE targets (model-side gap — flag for design review):
        acf_absr_5             target +0.2189  LHS [+0.0063, +0.1277]  miss +0.0912
        acf_absr_10            target +0.2006  LHS [-0.0014, +0.0932]  miss +0.1074
        acf_absr_20            target +0.2047  LHS [-0.0008, +0.0851]  miss +0.1196
        hill_tail_index        target +3.1785  LHS [+1.1329, +2.6602]  miss +0.5183
        ks_stat                target +0.0000  LHS [+0.0910, +0.4050]  miss +0.0910
[stressed][4/7] Active-learning round 1/1: 12 new sims
    refine sim 5/12 (exploit 8 / explore 4)
    refine sim 10/12 (exploit 8 / explore 4)
      total samples now 60, 132s
      D(θ) surrogate (single regressor, n=60, label-clip cap=66.95): held-out R²=+0.84, Pearson r=+0.93
      UNREACHABLE targets (model-side gap — flag for design review):
        acf_absr_5             target +0.2189  LHS [+0.0063, +0.1494]  miss +0.0695
        acf_absr_10            target +0.2006  LHS [-0.0014, +0.1192]  miss +0.0813
        acf_absr_20            target +0.2047  LHS [-0.0008, +0.1159]  miss +0.0889
        hill_tail_index        target +3.1785  LHS [+1.1329, +2.7597]  miss +0.4188
        ks_stat                target +0.0000  LHS [+0.0587, +0.4050]  miss +0.0587
[stressed][5/7] Stage 1: surrogate optimum (pool argmin over Sobol candidates)
      surrogate-predicted D at stage-1 optimum: 16.9853
[stressed][6/7] Stage 2: grid search around θ* on true simulator (8 sims in ±10% box)
      stage-2 best TRUE loss: 14.4825  (surrogate-predicted 16.9853)  [100s → /Users/siddharth/Desktop/GitHub/mscthesis_abm/output/calibration_stage2_stressed.csv]
[stressed][7/7] Validating at stage-2 optimum

    moment                    target     simulator       |s-t|   |s-t|/s_i
    ret_std                   0.0018        0.0017      0.0001        0.92
    ret_kurtosis             34.7549       30.2437      4.5112  (diag)
    acf_r_1                  -0.0053        0.0079      0.0132        2.27
    acf_r_5                  -0.0017       -0.0025      0.0007        0.10
    acf_r_10                 -0.0024       -0.0053      0.0029        0.54
    acf_r_20                 -0.0057       -0.0058      0.0001        0.02
    acf_absr_1                0.2555        0.1732      0.0824        4.02
    acf_absr_5                0.2189        0.1126      0.1063        3.37
    acf_absr_10               0.2006        0.0879      0.1127        4.18
    acf_absr_20               0.2047        0.0782      0.1266        6.26
    hill_tail_index           3.1785        2.6359      0.5426        2.89
    ks_stat                   0.0000        0.0695      0.0695        7.79

    grouped Δ contributions (Franke-standardised, 5 in loss):
      ΔKS     = 7.7892   (mean sampling-SDs off)
      ΔV      = 0.9240   (mean sampling-SDs off)
      ΔACF1   = 0.7323   (mean sampling-SDs off)
      ΔACF2   = 4.4557   (mean sampling-SDs off)
      ΔHill   = 2.8941   (mean sampling-SDs off)

    validated true loss D(θ) at stage-2 θ: 16.7952

Saved output/calibrated_params.json (regimes now: calm, stressed merged with any prior)
