
======================================================================
  CALIBRATING REGIME: calm  (HFABM 2-stage, bootstrap weights)
======================================================================
[calm][1/7] Franke weights from historical 1-min mid returns (200 block resamples × 390-bar blocks)
      per-moment empirical sampling SD s_i (Franke weights, 390-bar block bootstrap):
        KS    ks_stat            s_i=9.855e-03
        V     ret_std            s_i=9.321e-06
        ACF1  acf_r_1            s_i=3.118e-03
        ACF1  acf_r_5            s_i=2.858e-03
        ACF1  acf_r_10           s_i=2.958e-03
        ACF1  acf_r_20           s_i=2.755e-03
        ACF2  acf_absr_1         s_i=1.103e-02
        ACF2  acf_absr_5         s_i=1.038e-02
        ACF2  acf_absr_10        s_i=1.086e-02
        ACF2  acf_absr_20        s_i=1.049e-02
        Hill  hill_tail_index    s_i=7.064e-02
[calm][2/7] Initial LHS: 96 samples × 20 days × 2 seeds
  LHS 20/96
  LHS 40/96
  LHS 60/96
  LHS 80/96
      563s → /Users/siddharth/Desktop/GitHub/mscthesis_abm/output/calibration_lhs_calm.csv
[calm][3/7] Initial XGBoost surrogate training
      D(θ) surrogate (single regressor, n=96, label-clip cap=96.27): held-out R²=+0.53, Pearson r=+0.77
      UNREACHABLE targets (model-side gap — flag for design review):
        acf_absr_5             target +0.2543  LHS [-0.0051, +0.2349]  miss +0.0194
        acf_absr_10            target +0.2426  LHS [-0.0145, +0.1852]  miss +0.0574
        acf_absr_20            target +0.2167  LHS [-0.0287, +0.1355]  miss +0.0811
        ks_stat                target +0.0000  LHS [+0.1058, +0.3462]  miss +0.1058
[calm][4/7] Active-learning round 1/1: 16 new sims
    refine sim 5/16 (exploit 11 / explore 5)
    refine sim 10/16 (exploit 11 / explore 5)
    refine sim 15/16 (exploit 11 / explore 5)
      total samples now 112, 101s
      D(θ) surrogate (single regressor, n=112, label-clip cap=95.90): held-out R²=+0.76, Pearson r=+0.90
      UNREACHABLE targets (model-side gap — flag for design review):
        acf_absr_5             target +0.2543  LHS [-0.0051, +0.2349]  miss +0.0194
        acf_absr_10            target +0.2426  LHS [-0.0145, +0.1852]  miss +0.0574
        acf_absr_20            target +0.2167  LHS [-0.0287, +0.1355]  miss +0.0811
        ks_stat                target +0.0000  LHS [+0.1058, +0.3462]  miss +0.1058
[calm][5/7] Stage 1: surrogate optimum (pool argmin over Sobol candidates)
      surrogate-predicted D at stage-1 optimum: 39.8498
[calm][6/7] Stage 2: grid search around θ* on true simulator (12 sims in ±10% box)
    stage-2 sim 10/13  (best so far 39.7116)
      stage-2 best TRUE loss: 39.7116  (surrogate-predicted 39.8498)  [83s → /Users/siddharth/Desktop/GitHub/mscthesis_abm/output/calibration_stage2_calm.csv]
[calm][7/7] Validating at stage-2 optimum

    moment                    target     simulator       |s-t|   |s-t|/s_i
    ret_std                   0.0003        0.0004      0.0001        9.14
    ret_kurtosis             19.8656        5.9261     13.9394  (diag)
    acf_r_1                  -0.0023        0.0143      0.0167        5.35
    acf_r_5                  -0.0020       -0.0009      0.0011        0.38
    acf_r_10                 -0.0001       -0.0033      0.0032        1.09
    acf_r_20                  0.0048        0.0079      0.0031        1.13
    acf_absr_1                0.2955        0.2296      0.0659        5.98
    acf_absr_5                0.2543        0.1328      0.1215       11.71
    acf_absr_10               0.2426        0.1399      0.1027        9.46
    acf_absr_20               0.2167        0.1168      0.0999        9.52
    hill_tail_index           2.9577        2.9590      0.0014        0.02
    ks_stat                   0.0000        0.1783      0.1783       18.09

    grouped Δ contributions (Franke-standardised, 5 in loss):
      ΔKS     = 18.0941   (mean sampling-SDs off)
      ΔV      = 9.1374   (mean sampling-SDs off)
      ΔACF1   = 1.9888   (mean sampling-SDs off)
      ΔACF2   = 9.1658   (mean sampling-SDs off)
      ΔHill   = 0.0195   (mean sampling-SDs off)

    validated true loss D(θ) at stage-2 θ: 38.4056

Saved output/calibrated_params.json (regimes now: calm merged with any prior)
