
======================================================================
  CALIBRATING REGIME: stressed  (HFABM 2-stage, bootstrap weights)
======================================================================
[stressed][1/7] Franke weights from historical 1-min mid returns (200 block resamples × 390-bar blocks)
      per-moment empirical sampling SD s_i (Franke weights, 390-bar block bootstrap):
        KS    ks_stat            s_i=8.918e-03
        V     ret_std            s_i=1.575e-04
        ACF1  acf_r_1            s_i=5.807e-03
        ACF1  acf_r_5            s_i=7.809e-03
        ACF1  acf_r_10           s_i=5.276e-03
        ACF1  acf_r_20           s_i=8.475e-03
        ACF2  acf_absr_1         s_i=2.050e-02
        ACF2  acf_absr_5         s_i=3.156e-02
        ACF2  acf_absr_10        s_i=2.696e-02
        ACF2  acf_absr_20        s_i=2.022e-02
        Hill  hill_tail_index    s_i=1.875e-01
[stressed][2/7] Initial LHS: 96 samples × 20 days × 2 seeds
  LHS 20/96
  LHS 40/96
  LHS 60/96
  LHS 80/96
      788s → /Users/siddharth/Desktop/GitHub/mscthesis_abm/output/calibration_lhs_stressed.csv
[stressed][3/7] Initial XGBoost surrogate training
      D(θ) surrogate (single regressor, n=96, label-clip cap=79.96): held-out R²=+0.66, Pearson r=+0.84
      UNREACHABLE targets (model-side gap — flag for design review):
        ret_kurtosis           target +34.7549  LHS [+48.7253, +996.0485]  miss +13.9704
        acf_absr_5             target +0.2189  LHS [-0.0066, +0.2112]  miss +0.0078
        acf_absr_10            target +0.2006  LHS [-0.0134, +0.1200]  miss +0.0806
        acf_absr_20            target +0.2047  LHS [-0.0131, +0.1021]  miss +0.1027
        hill_tail_index        target +3.1785  LHS [+0.7761, +2.9633]  miss +0.2153
        ks_stat                target +0.0000  LHS [+0.0750, +0.4697]  miss +0.0750
[stressed][4/7] Active-learning round 1/1: 16 new sims
    refine sim 5/16 (exploit 11 / explore 5)
    refine sim 10/16 (exploit 11 / explore 5)
    refine sim 15/16 (exploit 11 / explore 5)
      total samples now 112, 139s
      D(θ) surrogate (single regressor, n=112, label-clip cap=77.56): held-out R²=+0.83, Pearson r=+0.91
      UNREACHABLE targets (model-side gap — flag for design review):
        acf_absr_10            target +0.2006  LHS [-0.0134, +0.1977]  miss +0.0029
        acf_absr_20            target +0.2047  LHS [-0.0131, +0.1258]  miss +0.0789
        hill_tail_index        target +3.1785  LHS [+0.7761, +3.0522]  miss +0.1263
        ks_stat                target +0.0000  LHS [+0.0423, +0.4697]  miss +0.0423
[stressed][5/7] Stage 1: surrogate optimum (pool argmin over Sobol candidates)
      surrogate-predicted D at stage-1 optimum: 14.9098
[stressed][6/7] Stage 2: grid search around θ* on true simulator (12 sims in ±10% box)
    stage-2 sim 10/13  (best so far 15.2460)
      stage-2 best TRUE loss: 15.2460  (surrogate-predicted 14.9098)  [104s → /Users/siddharth/Desktop/GitHub/mscthesis_abm/output/calibration_stage2_stressed.csv]
[stressed][7/7] Validating at stage-2 optimum

    moment                    target     simulator       |s-t|   |s-t|/s_i
    ret_std                   0.0018        0.0021      0.0003        2.03
    ret_kurtosis             34.7549       68.1707     33.4158  (diag)
    acf_r_1                  -0.0053       -0.0677      0.0624       10.75
    acf_r_5                  -0.0017        0.0015      0.0032        0.41
    acf_r_10                 -0.0024       -0.0039      0.0016        0.30
    acf_r_20                 -0.0057       -0.0046      0.0011        0.13
    acf_absr_1                0.2555        0.2249      0.0306        1.49
    acf_absr_5                0.2189        0.1603      0.0586        1.86
    acf_absr_10               0.2006        0.1141      0.0865        3.21
    acf_absr_20               0.2047        0.1105      0.0942        4.66
    hill_tail_index           3.1785        3.2435      0.0650        0.35
    ks_stat                   0.0000        0.0591      0.0591        6.63

    grouped Δ contributions (Franke-standardised, 5 in loss):
      ΔKS     = 6.6252   (mean sampling-SDs off)
      ΔV      = 2.0269   (mean sampling-SDs off)
      ΔACF1   = 2.8971   (mean sampling-SDs off)
      ΔACF2   = 2.8054   (mean sampling-SDs off)
      ΔHill   = 0.3466   (mean sampling-SDs off)

    validated true loss D(θ) at stage-2 θ: 14.7012

Saved output/calibrated_params.json (regimes now: calm, stressed merged with any prior)
