
======================================================================
  CALIBRATING REGIME: calm  (HFABM 2-stage, bootstrap weights)
======================================================================
[calm][1/8] Franke weights from historical 1-min mid returns (200 block resamples × 390-bar blocks)
      per-moment empirical sampling SD s_i (Franke weights, 390-bar block bootstrap):
        KS    ks_stat            s_i=5.485e-03
        V     ret_std            s_i=9.132e-06
        ACF1  acf_r_1            s_i=2.990e-03
        ACF1  acf_r_5            s_i=2.929e-03
        ACF1  acf_r_10           s_i=2.870e-03
        ACF1  acf_r_20           s_i=2.674e-03
        ACF2  acf_absr_1         s_i=1.094e-02
        ACF2  acf_absr_5         s_i=1.040e-02
        ACF2  acf_absr_10        s_i=1.073e-02
        ACF2  acf_absr_20        s_i=1.003e-02
        Hill  hill_tail_index    s_i=7.449e-02
[calm][2/8] Initial LHS: 160 samples × 20 days × 6 seeds
  LHS 20/160
  LHS 40/160
  LHS 60/160
  LHS 80/160
  LHS 100/160
  LHS 120/160
  LHS 140/160
  LHS 160/160
      3656s → /Users/siddharth/Desktop/GitHub/mscthesis_abm/output/calibration_lhs_calm_gbm.csv
[calm][3/8] Initial XGBoost surrogate training
      D(θ) surrogate (single regressor, n=160, label-clip cap=77.12): held-out R²=+0.77, Pearson r=+0.88
      UNREACHABLE targets (model-side gap — flag for design review):
        acf_absr_5             target +0.2543  LHS [+0.0161, +0.2229]  miss +0.0314
        acf_absr_10            target +0.2426  LHS [+0.0158, +0.1947]  miss +0.0479
        acf_absr_20            target +0.2167  LHS [+0.0269, +0.1646]  miss +0.0521
        ks_stat                target +0.0000  LHS [+0.1023, +0.2310]  miss +0.1023
[calm][4/8] Active-learning round 1/2: 32 new sims
    refine sim 5/32 (exploit 21 / explore 11)
    refine sim 10/32 (exploit 21 / explore 11)
    refine sim 15/32 (exploit 21 / explore 11)
    refine sim 20/32 (exploit 21 / explore 11)
    refine sim 25/32 (exploit 21 / explore 11)
    refine sim 30/32 (exploit 21 / explore 11)
      total samples now 192, 751s
      D(θ) surrogate (single regressor, n=192, label-clip cap=76.03): held-out R²=+0.79, Pearson r=+0.89
      UNREACHABLE targets (model-side gap — flag for design review):
        acf_absr_5             target +0.2543  LHS [+0.0161, +0.2229]  miss +0.0314
        acf_absr_10            target +0.2426  LHS [+0.0158, +0.1947]  miss +0.0479
        acf_absr_20            target +0.2167  LHS [+0.0269, +0.1646]  miss +0.0521
        ks_stat                target +0.0000  LHS [+0.1023, +0.2310]  miss +0.1023
[calm][5/8] Active-learning round 2/2: 32 new sims
    refine sim 5/32 (exploit 21 / explore 11)
    refine sim 10/32 (exploit 21 / explore 11)
    refine sim 15/32 (exploit 21 / explore 11)
    refine sim 20/32 (exploit 21 / explore 11)
    refine sim 25/32 (exploit 21 / explore 11)
    refine sim 30/32 (exploit 21 / explore 11)
      total samples now 224, 735s
      D(θ) surrogate (single regressor, n=224, label-clip cap=74.99): held-out R²=+0.78, Pearson r=+0.89
      UNREACHABLE targets (model-side gap — flag for design review):
        acf_absr_5             target +0.2543  LHS [+0.0161, +0.2229]  miss +0.0314
        acf_absr_10            target +0.2426  LHS [+0.0158, +0.1947]  miss +0.0479
        acf_absr_20            target +0.2167  LHS [+0.0269, +0.1646]  miss +0.0521
        ks_stat                target +0.0000  LHS [+0.1023, +0.2310]  miss +0.1023
[calm][6/8] Stage 1: surrogate optimum (pool argmin over Sobol candidates)
      surrogate-predicted D at stage-1 optimum: 46.7989
[calm][7/8] Stage 2: grid search around θ* on true simulator (32 sims in ±10% box)
    stage-2 sim 10/33  (best so far 45.2058)
    stage-2 sim 20/33  (best so far 44.9733)
    stage-2 sim 30/33  (best so far 44.9733)
      stage-2 best TRUE loss: 44.9733  (surrogate-predicted 46.7989)  [757s → /Users/siddharth/Desktop/GitHub/mscthesis_abm/output/calibration_stage2_calm.csv]
[calm][8/8] Validating at stage-2 optimum

    moment                    target     simulator       |s-t|   |s-t|/s_i
    ret_std                   0.0003        0.0003      0.0000        0.77
    ret_kurtosis             19.8656        7.9321     11.9335  (diag)
    acf_r_1                  -0.0023        0.0063      0.0086        2.88
    acf_r_5                  -0.0020       -0.0001      0.0019        0.65
    acf_r_10                 -0.0001       -0.0080      0.0079        2.74
    acf_r_20                  0.0048        0.0031      0.0017        0.63
    acf_absr_1                0.2955        0.1987      0.0968        8.85
    acf_absr_5                0.2543        0.0976      0.1567       15.06
    acf_absr_10               0.2426        0.0786      0.1640       15.29
    acf_absr_20               0.2167        0.0678      0.1489       14.85
    hill_tail_index           2.9577        2.8926      0.0651        0.87
    ks_stat                   0.0000        0.1591      0.1591       29.01

    grouped Δ contributions (Franke-standardised, 5 in loss):
      ΔKS     = 29.0072   (mean sampling-SDs off)
      ΔV      = 0.7689   (mean sampling-SDs off)
      ΔACF1   = 1.7254   (mean sampling-SDs off)
      ΔACF2   = 13.5135   (mean sampling-SDs off)
      ΔHill   = 0.8734   (mean sampling-SDs off)

    validated true loss D(θ) at stage-2 θ: 45.8883

Saved output/calibrated_params.json (regimes now: calm merged with any prior)
