
======================================================================
  CALIBRATING REGIME: calm  (HFABM 2-stage, bootstrap weights)
======================================================================
[calm][1/8] Franke weights from historical 1-min mid returns (200 block resamples × 390-bar blocks)
      per-moment empirical sampling SD s_i (Franke weights, 390-bar block bootstrap):
        KS    ks_stat            s_i=5.485e-03
        V     ret_std            s_i=9.132e-06
        ACF1  acf_r_1            s_i=2.990e-03
        ACF1  acf_r_5            s_i=2.929e-03
        ACF1  acf_r_10           s_i=2.870e-03
        ACF1  acf_r_20           s_i=2.674e-03
        ACF2  acf_absr_1         s_i=1.094e-02
        ACF2  acf_absr_5         s_i=1.040e-02
        ACF2  acf_absr_10        s_i=1.073e-02
        ACF2  acf_absr_20        s_i=1.003e-02
        Hill  hill_tail_index    s_i=7.449e-02
[calm][2/8] Initial LHS: 160 samples × 20 days × 6 seeds
  LHS 20/160
  LHS 40/160
  LHS 60/160
  LHS 80/160
  LHS 100/160
  LHS 120/160
  LHS 140/160
  LHS 160/160
      3594s → /Users/siddharth/Desktop/GitHub/mscthesis_abm/output/calibration_lhs_calm_gbm.csv
[calm][3/8] Initial XGBoost surrogate training
      D(θ) surrogate (single regressor, n=160, label-clip cap=76.87): held-out R²=+0.73, Pearson r=+0.86
      UNREACHABLE targets (model-side gap — flag for design review):
        acf_absr_5             target +0.2543  LHS [+0.0146, +0.2016]  miss +0.0527
        acf_absr_10            target +0.2426  LHS [+0.0080, +0.1653]  miss +0.0773
        acf_absr_20            target +0.2167  LHS [+0.0297, +0.1462]  miss +0.0704
        ks_stat                target +0.0000  LHS [+0.1077, +0.2324]  miss +0.1077
[calm][4/8] Active-learning round 1/2: 32 new sims
    refine sim 5/32 (exploit 21 / explore 11)
    refine sim 10/32 (exploit 21 / explore 11)
    refine sim 15/32 (exploit 21 / explore 11)
    refine sim 20/32 (exploit 21 / explore 11)
    refine sim 25/32 (exploit 21 / explore 11)
    refine sim 30/32 (exploit 21 / explore 11)
      total samples now 192, 716s
      D(θ) surrogate (single regressor, n=192, label-clip cap=76.46): held-out R²=+0.76, Pearson r=+0.88
      UNREACHABLE targets (model-side gap — flag for design review):
        acf_absr_5             target +0.2543  LHS [+0.0146, +0.2016]  miss +0.0527
        acf_absr_10            target +0.2426  LHS [+0.0080, +0.1653]  miss +0.0773
        acf_absr_20            target +0.2167  LHS [+0.0297, +0.1462]  miss +0.0704
        ks_stat                target +0.0000  LHS [+0.1077, +0.2324]  miss +0.1077
[calm][5/8] Active-learning round 2/2: 32 new sims
    refine sim 5/32 (exploit 21 / explore 11)
    refine sim 10/32 (exploit 21 / explore 11)
    refine sim 15/32 (exploit 21 / explore 11)
    refine sim 20/32 (exploit 21 / explore 11)
    refine sim 25/32 (exploit 21 / explore 11)
    refine sim 30/32 (exploit 21 / explore 11)
      total samples now 224, 736s
      D(θ) surrogate (single regressor, n=224, label-clip cap=76.35): held-out R²=+0.72, Pearson r=+0.85
      UNREACHABLE targets (model-side gap — flag for design review):
        acf_absr_5             target +0.2543  LHS [+0.0146, +0.2016]  miss +0.0527
        acf_absr_10            target +0.2426  LHS [+0.0080, +0.1653]  miss +0.0773
        acf_absr_20            target +0.2167  LHS [+0.0297, +0.1462]  miss +0.0704
        ks_stat                target +0.0000  LHS [+0.1077, +0.2324]  miss +0.1077
[calm][6/8] Stage 1: surrogate optimum (pool argmin over Sobol candidates)
      surrogate-predicted D at stage-1 optimum: 47.3091
[calm][7/8] Stage 2: grid search around θ* on true simulator (32 sims in ±10% box)
    stage-2 sim 10/33  (best so far 47.8743)
    stage-2 sim 20/33  (best so far 47.1897)
    stage-2 sim 30/33  (best so far 47.1897)
      stage-2 best TRUE loss: 47.1897  (surrogate-predicted 47.3091)  [769s → /Users/siddharth/Desktop/GitHub/mscthesis_abm/output/calibration_stage2_calm.csv]
[calm][8/8] Validating at stage-2 optimum

    moment                    target     simulator       |s-t|   |s-t|/s_i
    ret_std                   0.0003        0.0003      0.0000        1.02
    ret_kurtosis             19.8656       15.5581      4.3075  (diag)
    acf_r_1                  -0.0023        0.0158      0.0181        6.06
    acf_r_5                  -0.0020       -0.0053      0.0032        1.10
    acf_r_10                 -0.0001       -0.0097      0.0096        3.35
    acf_r_20                  0.0048        0.0081      0.0034        1.25
    acf_absr_1                0.2955        0.1948      0.1007        9.21
    acf_absr_5                0.2543        0.0577      0.1966       18.90
    acf_absr_10               0.2426        0.0470      0.1957       18.24
    acf_absr_20               0.2167        0.0579      0.1588       15.83
    hill_tail_index           2.9577        2.4820      0.4756        6.39
    ks_stat                   0.0000        0.1289      0.1289       23.50

    grouped Δ contributions (Franke-standardised, 5 in loss):
      ΔKS     = 23.5038   (mean sampling-SDs off)
      ΔV      = 1.0230   (mean sampling-SDs off)
      ΔACF1   = 2.9403   (mean sampling-SDs off)
      ΔACF2   = 15.5450   (mean sampling-SDs off)
      ΔHill   = 6.3853   (mean sampling-SDs off)

    validated true loss D(θ) at stage-2 θ: 49.3974

Saved output/calibrated_params.json (regimes now: calm merged with any prior)
