
======================================================================
  CALIBRATING REGIME: calm  (HFABM 2-stage, bootstrap weights)
======================================================================
[calm][1/7] Franke weights from historical 1-min mid returns (200 block resamples × 390-bar blocks)
      per-moment empirical sampling SD s_i (Franke weights, 390-bar block bootstrap):
        KS    ks_stat            s_i=7.884e-03
        V     ret_std            s_i=8.848e-06
        ACF1  acf_r_1            s_i=3.207e-03
        ACF1  acf_r_10           s_i=2.899e-03
        ACF1  acf_r_20           s_i=2.876e-03
        ACF2  acf_absr_1         s_i=1.091e-02
        ACF2  acf_absr_5         s_i=1.045e-02
        ACF2  acf_absr_10        s_i=1.077e-02
        ACF2  acf_absr_20        s_i=9.830e-03
[calm][2/7] Initial LHS: 128 samples × 20 days × 4 seeds
  LHS 20/128
  LHS 40/128
  LHS 60/128
  LHS 80/128
  LHS 100/128
  LHS 120/128
      720s → /Users/siddharth/Desktop/GitHub/mscthesis_abm/output/calibration_lhs_calm.csv
[calm][3/7] Initial XGBoost surrogate training
      D(θ) surrogate (single regressor, n=128, label-clip cap=128.48): held-out R²=+0.89, Pearson r=+0.96
      UNREACHABLE targets (model-side gap — flag for design review):
        acf_absr_5             target +0.2543  LHS [-0.0013, +0.1938]  miss +0.0605
        acf_absr_10            target +0.2426  LHS [-0.0045, +0.0979]  miss +0.1448
        acf_absr_20            target +0.2167  LHS [-0.0062, +0.0829]  miss +0.1338
        ks_stat                target +0.0000  LHS [+0.1138, +0.3350]  miss +0.1138
[calm][4/7] Active-learning round 1/2: 32 new sims
    refine sim 5/32 (exploit 21 / explore 11)
    refine sim 10/32 (exploit 21 / explore 11)
    refine sim 15/32 (exploit 21 / explore 11)
    refine sim 20/32 (exploit 21 / explore 11)
    refine sim 25/32 (exploit 21 / explore 11)
    refine sim 30/32 (exploit 21 / explore 11)
      total samples now 160, 183s
      D(θ) surrogate (single regressor, n=160, label-clip cap=116.36): held-out R²=+0.82, Pearson r=+0.93
      UNREACHABLE targets (model-side gap — flag for design review):
        acf_absr_5             target +0.2543  LHS [-0.0013, +0.1938]  miss +0.0605
        acf_absr_10            target +0.2426  LHS [-0.0045, +0.1063]  miss +0.1364
        acf_absr_20            target +0.2167  LHS [-0.0062, +0.0890]  miss +0.1276
        ks_stat                target +0.0000  LHS [+0.1138, +0.3350]  miss +0.1138
[calm][5/7] Active-learning round 2/2: 32 new sims
    refine sim 5/32 (exploit 21 / explore 11)
    refine sim 10/32 (exploit 21 / explore 11)
    refine sim 15/32 (exploit 21 / explore 11)
    refine sim 20/32 (exploit 21 / explore 11)
    refine sim 25/32 (exploit 21 / explore 11)
    refine sim 30/32 (exploit 21 / explore 11)
      total samples now 192, 183s
      D(θ) surrogate (single regressor, n=192, label-clip cap=115.15): held-out R²=+0.83, Pearson r=+0.92
      UNREACHABLE targets (model-side gap — flag for design review):
        acf_absr_5             target +0.2543  LHS [-0.0013, +0.1938]  miss +0.0605
        acf_absr_10            target +0.2426  LHS [-0.0045, +0.1063]  miss +0.1364
        acf_absr_20            target +0.2167  LHS [-0.0062, +0.0890]  miss +0.1276
        ks_stat                target +0.0000  LHS [+0.1050, +0.3437]  miss +0.1050
[calm][6/7] Stage 1: surrogate optimum (pool argmin over Sobol candidates)
      surrogate-predicted D at stage-1 optimum: 44.3494
[calm][7/7] Stage 2: grid search around θ* on true simulator (32 sims in ±10% box)
    stage-2 sim 10/33  (best so far 43.1518)
    stage-2 sim 20/33  (best so far 43.1518)
    stage-2 sim 30/33  (best so far 43.1518)
      stage-2 best TRUE loss: 43.1518  (surrogate-predicted 44.3494)  [186s → /Users/siddharth/Desktop/GitHub/mscthesis_abm/output/calibration_stage2_calm.csv]
[calm][8/7] Validating at stage-2 optimum

    moment                    target     simulator       |s-t|   |s-t|/s_i
    ret_std                   0.0003        0.0004      0.0001       10.61
    ret_kurtosis             19.8656      108.7949     88.9294  (diag)
    acf_r_1                  -0.0023        0.0068      0.0091        2.85
    acf_r_10                 -0.0001        0.0030      0.0031        1.09
    acf_r_20                  0.0048        0.0029      0.0019        0.66
    acf_absr_1                0.2955        0.1868      0.1088        9.97
    acf_absr_5                0.2543        0.0513      0.2030       19.42
    acf_absr_10               0.2426        0.0321      0.2105       19.55
    acf_absr_20               0.2167        0.0229      0.1938       19.71
    hill_tail_index           2.9577        1.6718      1.2858       16.72
    ks_stat                   0.0000        0.1757      0.1757       22.29

    grouped Δ contributions (Franke-standardised, 4 in loss):
      ΔKS     = 22.2911   (mean sampling-SDs off)
      ΔV      = 10.6098   (mean sampling-SDs off)
      ΔACF1   = 1.5303   (mean sampling-SDs off)
      ΔACF2   = 17.1630   (mean sampling-SDs off)

    validated true loss D(θ) at stage-2 θ: 51.5942

======================================================================
  CALIBRATING REGIME: stressed  (HFABM 2-stage, bootstrap weights)
======================================================================
[stressed][1/7] Franke weights from historical 1-min mid returns (200 block resamples × 390-bar blocks)
      per-moment empirical sampling SD s_i (Franke weights, 390-bar block bootstrap):
        KS    ks_stat            s_i=8.918e-03
        V     ret_std            s_i=1.575e-04
        ACF1  acf_r_1            s_i=5.807e-03
        ACF1  acf_r_10           s_i=5.276e-03
        ACF1  acf_r_20           s_i=8.475e-03
        ACF2  acf_absr_1         s_i=2.050e-02
        ACF2  acf_absr_5         s_i=3.156e-02
        ACF2  acf_absr_10        s_i=2.696e-02
        ACF2  acf_absr_20        s_i=2.022e-02
[stressed][2/7] Initial LHS: 128 samples × 20 days × 4 seeds
  LHS 20/128
  LHS 40/128
  LHS 60/128
  LHS 80/128
  LHS 100/128
  LHS 120/128
      1027s → /Users/siddharth/Desktop/GitHub/mscthesis_abm/output/calibration_lhs_stressed.csv
[stressed][3/7] Initial XGBoost surrogate training
      D(θ) surrogate (single regressor, n=128, label-clip cap=68.49): held-out R²=+0.85, Pearson r=+0.93
      UNREACHABLE targets (model-side gap — flag for design review):
        ret_kurtosis           target +34.7549  LHS [+42.6317, +5202.0420]  miss +7.8768
        acf_absr_5             target +0.2189  LHS [+0.0016, +0.1830]  miss +0.0359
        acf_absr_10            target +0.2006  LHS [-0.0069, +0.0919]  miss +0.1086
        acf_absr_20            target +0.2047  LHS [-0.0073, +0.0757]  miss +0.1290
        hill_tail_index        target +3.1785  LHS [+0.8119, +2.5454]  miss +0.6332
        ks_stat                target +0.0000  LHS [+0.1064, +0.4370]  miss +0.1064
[stressed][4/7] Active-learning round 1/2: 32 new sims
    refine sim 5/32 (exploit 21 / explore 11)
    refine sim 10/32 (exploit 21 / explore 11)
    refine sim 15/32 (exploit 21 / explore 11)
    refine sim 20/32 (exploit 21 / explore 11)
    refine sim 25/32 (exploit 21 / explore 11)
    refine sim 30/32 (exploit 21 / explore 11)
      total samples now 160, 255s
      D(θ) surrogate (single regressor, n=160, label-clip cap=68.32): held-out R²=+0.89, Pearson r=+0.95
      UNREACHABLE targets (model-side gap — flag for design review):
        acf_absr_5             target +0.2189  LHS [+0.0016, +0.1830]  miss +0.0359
        acf_absr_10            target +0.2006  LHS [-0.0069, +0.1029]  miss +0.0977
        acf_absr_20            target +0.2047  LHS [-0.0073, +0.0828]  miss +0.1220
        hill_tail_index        target +3.1785  LHS [+0.8119, +2.6513]  miss +0.5272
        ks_stat                target +0.0000  LHS [+0.1061, +0.4370]  miss +0.1061
[stressed][5/7] Active-learning round 2/2: 32 new sims
    refine sim 5/32 (exploit 21 / explore 11)
    refine sim 10/32 (exploit 21 / explore 11)
    refine sim 15/32 (exploit 21 / explore 11)
    refine sim 20/32 (exploit 21 / explore 11)
    refine sim 25/32 (exploit 21 / explore 11)
    refine sim 30/32 (exploit 21 / explore 11)
      total samples now 192, 257s
      D(θ) surrogate (single regressor, n=192, label-clip cap=67.81): held-out R²=+0.94, Pearson r=+0.97
      UNREACHABLE targets (model-side gap — flag for design review):
        acf_absr_5             target +0.2189  LHS [+0.0016, +0.1944]  miss +0.0246
        acf_absr_10            target +0.2006  LHS [-0.0069, +0.1135]  miss +0.0870
        acf_absr_20            target +0.2047  LHS [-0.0073, +0.0828]  miss +0.1220
        hill_tail_index        target +3.1785  LHS [+0.8119, +2.6513]  miss +0.5272
        ks_stat                target +0.0000  LHS [+0.1003, +0.4392]  miss +0.1003
[stressed][6/7] Stage 1: surrogate optimum (pool argmin over Sobol candidates)
      surrogate-predicted D at stage-1 optimum: 24.2934
[stressed][7/7] Stage 2: grid search around θ* on true simulator (32 sims in ±10% box)
    stage-2 sim 10/33  (best so far 23.6109)
    stage-2 sim 20/33  (best so far 22.0758)
    stage-2 sim 30/33  (best so far 22.0758)
      stage-2 best TRUE loss: 22.0758  (surrogate-predicted 24.2934)  [273s → /Users/siddharth/Desktop/GitHub/mscthesis_abm/output/calibration_stage2_stressed.csv]
[stressed][8/7] Validating at stage-2 optimum

    moment                    target     simulator       |s-t|   |s-t|/s_i
    ret_std                   0.0018        0.0018      0.0000        0.06
    ret_kurtosis             34.7549       58.4443     23.6893  (diag)
    acf_r_1                  -0.0053       -0.0474      0.0421        7.24
    acf_r_10                 -0.0024       -0.0002      0.0022        0.41
    acf_r_20                 -0.0057       -0.0037      0.0020        0.23
    acf_absr_1                0.2555        0.2642      0.0087        0.43
    acf_absr_5                0.2189        0.1302      0.0888        2.81
    acf_absr_10               0.2006        0.0663      0.1343        4.98
    acf_absr_20               0.2047        0.0441      0.1607        7.94
    hill_tail_index           3.1785        2.4424      0.7361        3.93
    ks_stat                   0.0000        0.1645      0.1645       18.45

    grouped Δ contributions (Franke-standardised, 4 in loss):
      ΔKS     = 18.4463   (mean sampling-SDs off)
      ΔV      = 0.0634   (mean sampling-SDs off)
      ΔACF1   = 2.6292   (mean sampling-SDs off)
      ΔACF2   = 4.0409   (mean sampling-SDs off)

    validated true loss D(θ) at stage-2 θ: 25.1798

Saved output/calibrated_params.json (regimes: calm, stressed)
