
======================================================================
  CALIBRATING REGIME: calm  (HFABM 2-stage, bootstrap weights)
======================================================================
[calm][1/7] Franke weights from historical 1-min mid returns (200 block resamples × 390-bar blocks)
      per-moment empirical sampling SD s_i (Franke weights, 390-bar block bootstrap):
        KS    ks_stat            s_i=7.884e-03
        V     ret_std            s_i=8.848e-06
        ACF1  acf_r_1            s_i=3.207e-03
        ACF1  acf_r_10           s_i=2.899e-03
        ACF1  acf_r_20           s_i=2.876e-03
        ACF2  acf_absr_1         s_i=1.091e-02
        ACF2  acf_absr_5         s_i=1.045e-02
        ACF2  acf_absr_10        s_i=1.077e-02
        ACF2  acf_absr_20        s_i=9.830e-03
        Hill  hill_tail_index    s_i=7.689e-02
[calm][2/7] Initial LHS: 128 samples × 20 days × 4 seeds
  LHS 20/128
  LHS 40/128
  LHS 60/128
  LHS 80/128
  LHS 100/128
  LHS 120/128
      724s → /Users/siddharth/Desktop/GitHub/mscthesis_abm/output/calibration_lhs_calm.csv
[calm][3/7] Initial XGBoost surrogate training
      D(θ) surrogate (single regressor, n=128, label-clip cap=149.93): held-out R²=+0.89, Pearson r=+0.96
      UNREACHABLE targets (model-side gap — flag for design review):
        acf_absr_5             target +0.2543  LHS [-0.0013, +0.1938]  miss +0.0605
        acf_absr_10            target +0.2426  LHS [-0.0045, +0.0979]  miss +0.1448
        acf_absr_20            target +0.2167  LHS [-0.0062, +0.0829]  miss +0.1338
        ks_stat                target +0.0000  LHS [+0.1138, +0.3350]  miss +0.1138
[calm][4/7] Active-learning round 1/2: 32 new sims
    refine sim 5/32 (exploit 21 / explore 11)
    refine sim 10/32 (exploit 21 / explore 11)
    refine sim 15/32 (exploit 21 / explore 11)
    refine sim 20/32 (exploit 21 / explore 11)
    refine sim 25/32 (exploit 21 / explore 11)
    refine sim 30/32 (exploit 21 / explore 11)
      total samples now 160, 185s
      D(θ) surrogate (single regressor, n=160, label-clip cap=141.79): held-out R²=+0.83, Pearson r=+0.94
      UNREACHABLE targets (model-side gap — flag for design review):
        acf_absr_5             target +0.2543  LHS [-0.0013, +0.1938]  miss +0.0605
        acf_absr_10            target +0.2426  LHS [-0.0051, +0.1010]  miss +0.1416
        acf_absr_20            target +0.2167  LHS [-0.0062, +0.0859]  miss +0.1307
        ks_stat                target +0.0000  LHS [+0.1138, +0.3350]  miss +0.1138
[calm][5/7] Active-learning round 2/2: 32 new sims
    refine sim 5/32 (exploit 21 / explore 11)
    refine sim 10/32 (exploit 21 / explore 11)
    refine sim 15/32 (exploit 21 / explore 11)
    refine sim 20/32 (exploit 21 / explore 11)
    refine sim 25/32 (exploit 21 / explore 11)
    refine sim 30/32 (exploit 21 / explore 11)
      total samples now 192, 189s
      D(θ) surrogate (single regressor, n=192, label-clip cap=139.10): held-out R²=+0.90, Pearson r=+0.95
      UNREACHABLE targets (model-side gap — flag for design review):
        acf_absr_5             target +0.2543  LHS [-0.0013, +0.1938]  miss +0.0605
        acf_absr_10            target +0.2426  LHS [-0.0051, +0.1034]  miss +0.1393
        acf_absr_20            target +0.2167  LHS [-0.0062, +0.0872]  miss +0.1295
        ks_stat                target +0.0000  LHS [+0.1138, +0.3437]  miss +0.1138
[calm][6/7] Stage 1: surrogate optimum (pool argmin over Sobol candidates)
      surrogate-predicted D at stage-1 optimum: 47.1883
[calm][7/7] Stage 2: grid search around θ* on true simulator (32 sims in ±10% box)
    stage-2 sim 10/33  (best so far 48.0024)
    stage-2 sim 20/33  (best so far 48.0024)
    stage-2 sim 30/33  (best so far 48.0024)
      stage-2 best TRUE loss: 48.0024  (surrogate-predicted 47.1883)  [193s → /Users/siddharth/Desktop/GitHub/mscthesis_abm/output/calibration_stage2_calm.csv]
[calm][8/7] Validating at stage-2 optimum

    moment                    target     simulator       |s-t|   |s-t|/s_i
    ret_std                   0.0003        0.0004      0.0001        6.50
    ret_kurtosis             19.8656        9.0153     10.8503  (diag)
    acf_r_1                  -0.0023        0.0280      0.0303        9.46
    acf_r_10                 -0.0001        0.0103      0.0104        3.57
    acf_r_20                  0.0048        0.0045      0.0003        0.12
    acf_absr_1                0.2955        0.1889      0.1066        9.77
    acf_absr_5                0.2543        0.0944      0.1598       15.29
    acf_absr_10               0.2426        0.0952      0.1475       13.70
    acf_absr_20               0.2167        0.0755      0.1412       14.36
    hill_tail_index           2.9577        3.0213      0.0636        0.83
    ks_stat                   0.0000        0.1842      0.1842       23.37

    grouped Δ contributions (Franke-standardised, 5 in loss):
      ΔKS     = 23.3676   (mean sampling-SDs off)
      ΔV      = 6.5011   (mean sampling-SDs off)
      ΔACF1   = 4.3852   (mean sampling-SDs off)
      ΔACF2   = 13.2809   (mean sampling-SDs off)
      ΔHill   = 0.8273   (mean sampling-SDs off)

    validated true loss D(θ) at stage-2 θ: 48.3621

======================================================================
  CALIBRATING REGIME: stressed  (HFABM 2-stage, bootstrap weights)
======================================================================
[stressed][1/7] Franke weights from historical 1-min mid returns (200 block resamples × 390-bar blocks)
      per-moment empirical sampling SD s_i (Franke weights, 390-bar block bootstrap):
        KS    ks_stat            s_i=8.918e-03
        V     ret_std            s_i=1.575e-04
        ACF1  acf_r_1            s_i=5.807e-03
        ACF1  acf_r_10           s_i=5.276e-03
        ACF1  acf_r_20           s_i=8.475e-03
        ACF2  acf_absr_1         s_i=2.050e-02
        ACF2  acf_absr_5         s_i=3.156e-02
        ACF2  acf_absr_10        s_i=2.696e-02
        ACF2  acf_absr_20        s_i=2.022e-02
        Hill  hill_tail_index    s_i=1.875e-01
[stressed][2/7] Initial LHS: 128 samples × 20 days × 4 seeds
  LHS 20/128
  LHS 40/128
  LHS 60/128
  LHS 80/128
  LHS 100/128
  LHS 120/128
      1048s → /Users/siddharth/Desktop/GitHub/mscthesis_abm/output/calibration_lhs_stressed.csv
[stressed][3/7] Initial XGBoost surrogate training
      D(θ) surrogate (single regressor, n=128, label-clip cap=80.54): held-out R²=+0.87, Pearson r=+0.94
      UNREACHABLE targets (model-side gap — flag for design review):
        ret_kurtosis           target +34.7549  LHS [+42.6317, +5202.0420]  miss +7.8768
        acf_absr_5             target +0.2189  LHS [+0.0016, +0.1830]  miss +0.0359
        acf_absr_10            target +0.2006  LHS [-0.0069, +0.0919]  miss +0.1086
        acf_absr_20            target +0.2047  LHS [-0.0073, +0.0757]  miss +0.1290
        hill_tail_index        target +3.1785  LHS [+0.8119, +2.5454]  miss +0.6332
        ks_stat                target +0.0000  LHS [+0.1064, +0.4370]  miss +0.1064
[stressed][4/7] Active-learning round 1/2: 32 new sims
    refine sim 5/32 (exploit 21 / explore 11)
    refine sim 10/32 (exploit 21 / explore 11)
    refine sim 15/32 (exploit 21 / explore 11)
    refine sim 20/32 (exploit 21 / explore 11)
    refine sim 25/32 (exploit 21 / explore 11)
    refine sim 30/32 (exploit 21 / explore 11)
      total samples now 160, 255s
      D(θ) surrogate (single regressor, n=160, label-clip cap=80.30): held-out R²=+0.91, Pearson r=+0.96
      UNREACHABLE targets (model-side gap — flag for design review):
        ret_kurtosis           target +34.7549  LHS [+34.8329, +5202.0420]  miss +0.0780
        acf_absr_5             target +0.2189  LHS [+0.0016, +0.1830]  miss +0.0359
        acf_absr_10            target +0.2006  LHS [-0.0097, +0.1016]  miss +0.0990
        acf_absr_20            target +0.2047  LHS [-0.0073, +0.0766]  miss +0.1282
        hill_tail_index        target +3.1785  LHS [+0.8119, +2.5985]  miss +0.5800
        ks_stat                target +0.0000  LHS [+0.1064, +0.4370]  miss +0.1064
[stressed][5/7] Active-learning round 2/2: 32 new sims
    refine sim 5/32 (exploit 21 / explore 11)
    refine sim 10/32 (exploit 21 / explore 11)
    refine sim 15/32 (exploit 21 / explore 11)
    refine sim 20/32 (exploit 21 / explore 11)
    refine sim 25/32 (exploit 21 / explore 11)
    refine sim 30/32 (exploit 21 / explore 11)
      total samples now 192, 256s
      D(θ) surrogate (single regressor, n=192, label-clip cap=79.22): held-out R²=+0.95, Pearson r=+0.98
      UNREACHABLE targets (model-side gap — flag for design review):
        ret_kurtosis           target +34.7549  LHS [+34.8329, +5303.1052]  miss +0.0780
        acf_absr_5             target +0.2189  LHS [+0.0016, +0.1830]  miss +0.0359
        acf_absr_10            target +0.2006  LHS [-0.0097, +0.1205]  miss +0.0801
        acf_absr_20            target +0.2047  LHS [-0.0073, +0.0811]  miss +0.1237
        hill_tail_index        target +3.1785  LHS [+0.8119, +2.6021]  miss +0.5764
        ks_stat                target +0.0000  LHS [+0.1003, +0.4370]  miss +0.1003
[stressed][6/7] Stage 1: surrogate optimum (pool argmin over Sobol candidates)
      surrogate-predicted D at stage-1 optimum: 27.7962
[stressed][7/7] Stage 2: grid search around θ* on true simulator (32 sims in ±10% box)
    stage-2 sim 10/33  (best so far 27.5777)
    stage-2 sim 20/33  (best so far 25.6951)
    stage-2 sim 30/33  (best so far 25.6951)
      stage-2 best TRUE loss: 25.6951  (surrogate-predicted 27.7962)  [315s → /Users/siddharth/Desktop/GitHub/mscthesis_abm/output/calibration_stage2_stressed.csv]
[stressed][8/7] Validating at stage-2 optimum

    moment                    target     simulator       |s-t|   |s-t|/s_i
    ret_std                   0.0018        0.0018      0.0000        0.06
    ret_kurtosis             34.7549       58.4443     23.6893  (diag)
    acf_r_1                  -0.0053       -0.0474      0.0421        7.24
    acf_r_10                 -0.0024       -0.0002      0.0022        0.41
    acf_r_20                 -0.0057       -0.0037      0.0020        0.23
    acf_absr_1                0.2555        0.2642      0.0087        0.43
    acf_absr_5                0.2189        0.1302      0.0888        2.81
    acf_absr_10               0.2006        0.0663      0.1343        4.98
    acf_absr_20               0.2047        0.0441      0.1607        7.94
    hill_tail_index           3.1785        2.4424      0.7361        3.93
    ks_stat                   0.0000        0.1645      0.1645       18.45

    grouped Δ contributions (Franke-standardised, 5 in loss):
      ΔKS     = 18.4463   (mean sampling-SDs off)
      ΔV      = 0.0634   (mean sampling-SDs off)
      ΔACF1   = 2.6292   (mean sampling-SDs off)
      ΔACF2   = 4.0409   (mean sampling-SDs off)
      ΔHill   = 3.9264   (mean sampling-SDs off)

    validated true loss D(θ) at stage-2 θ: 29.1063

Saved output/calibrated_params.json (regimes: calm, stressed)
