
======================================================================
  CALIBRATING REGIME: calm  (HFABM 2-stage, bootstrap weights)
======================================================================
[calm][1/7] Franke weights from historical 1-min mid returns (200 block resamples × 390-bar blocks)
      per-moment empirical sampling SD s_i (Franke weights, 390-bar block bootstrap):
        KS    ks_stat            s_i=7.884e-03
        V     ret_std            s_i=8.848e-06
        ACF1  acf_r_1            s_i=3.207e-03
        ACF1  acf_r_10           s_i=2.899e-03
        ACF1  acf_r_20           s_i=2.876e-03
        ACF2  acf_absr_1         s_i=1.091e-02
        ACF2  acf_absr_5         s_i=1.045e-02
        ACF2  acf_absr_10        s_i=1.077e-02
        ACF2  acf_absr_20        s_i=9.830e-03
        Hill  hill_tail_index    s_i=7.689e-02
[calm][2/7] Initial LHS: 128 samples × 20 days × 4 seeds
  LHS 20/128
  LHS 40/128
  LHS 60/128
  LHS 80/128
  LHS 100/128
  LHS 120/128
      734s → /Users/siddharth/Desktop/GitHub/mscthesis_abm/output/calibration_lhs_calm.csv
[calm][3/7] Initial XGBoost surrogate training
      D(θ) surrogate (single regressor, n=128, label-clip cap=322.65): held-out R²=+0.83, Pearson r=+0.93
      UNREACHABLE targets (model-side gap — flag for design review):
        ret_kurtosis           target +19.8656  LHS [+201.9899, +18792.0235]  miss +182.1243
        acf_absr_10            target +0.2426  LHS [-0.0022, +0.1085]  miss +0.1341
        acf_absr_20            target +0.2167  LHS [-0.0067, +0.0780]  miss +0.1387
        hill_tail_index        target +2.9577  LHS [+0.9386, +1.7159]  miss +1.2418
        ks_stat                target +0.0000  LHS [+0.1901, +0.3732]  miss +0.1901
[calm][4/7] Active-learning round 1/2: 32 new sims
    refine sim 5/32 (exploit 21 / explore 11)
    refine sim 10/32 (exploit 21 / explore 11)
    refine sim 15/32 (exploit 21 / explore 11)
    refine sim 20/32 (exploit 21 / explore 11)
    refine sim 25/32 (exploit 21 / explore 11)
    refine sim 30/32 (exploit 21 / explore 11)
      total samples now 160, 193s
      D(θ) surrogate (single regressor, n=160, label-clip cap=319.62): held-out R²=+0.88, Pearson r=+0.95
      UNREACHABLE targets (model-side gap — flag for design review):
        ret_kurtosis           target +19.8656  LHS [+201.9899, +18792.0235]  miss +182.1243
        acf_absr_10            target +0.2426  LHS [-0.0026, +0.1085]  miss +0.1341
        acf_absr_20            target +0.2167  LHS [-0.0067, +0.0780]  miss +0.1387
        hill_tail_index        target +2.9577  LHS [+0.9386, +1.7159]  miss +1.2418
        ks_stat                target +0.0000  LHS [+0.1901, +0.3760]  miss +0.1901
[calm][5/7] Active-learning round 2/2: 32 new sims
    refine sim 5/32 (exploit 21 / explore 11)
    refine sim 10/32 (exploit 21 / explore 11)
    refine sim 15/32 (exploit 21 / explore 11)
    refine sim 20/32 (exploit 21 / explore 11)
    refine sim 25/32 (exploit 21 / explore 11)
    refine sim 30/32 (exploit 21 / explore 11)
      total samples now 192, 194s
      D(θ) surrogate (single regressor, n=192, label-clip cap=296.90): held-out R²=+0.87, Pearson r=+0.94
      UNREACHABLE targets (model-side gap — flag for design review):
        ret_kurtosis           target +19.8656  LHS [+201.9899, +18792.0235]  miss +182.1243
        acf_absr_10            target +0.2426  LHS [-0.0026, +0.1085]  miss +0.1341
        acf_absr_20            target +0.2167  LHS [-0.0067, +0.0780]  miss +0.1387
        hill_tail_index        target +2.9577  LHS [+0.9386, +1.7159]  miss +1.2418
        ks_stat                target +0.0000  LHS [+0.1901, +0.3760]  miss +0.1901
[calm][6/7] Stage 1: surrogate optimum (pool argmin over Sobol candidates)
      surrogate-predicted D at stage-1 optimum: 90.2151
[calm][7/7] Stage 2: grid search around θ* on true simulator (32 sims in ±10% box)
    stage-2 sim 10/33  (best so far 94.3210)
    stage-2 sim 20/33  (best so far 94.3210)
    stage-2 sim 30/33  (best so far 94.3210)
      stage-2 best TRUE loss: 94.3210  (surrogate-predicted 90.2151)  [204s → /Users/siddharth/Desktop/GitHub/mscthesis_abm/output/calibration_stage2_calm.csv]
[calm][8/7] Validating at stage-2 optimum

    moment                    target     simulator       |s-t|   |s-t|/s_i
    ret_std                   0.0003        0.0004      0.0001        6.84
    ret_kurtosis             19.8656     5255.7512   5235.8857  (diag)
    acf_r_1                  -0.0023        0.0443      0.0466       14.54
    acf_r_10                 -0.0001        0.0131      0.0132        4.56
    acf_r_20                  0.0048        0.0135      0.0088        3.04
    acf_absr_1                0.2955        0.0397      0.2558       23.44
    acf_absr_5                0.2543        0.0123      0.2420       23.14
    acf_absr_10               0.2426        0.0050      0.2377       22.07
    acf_absr_20               0.2167        0.0053      0.2114       21.51
    hill_tail_index           2.9577        1.5010      1.4567       18.94
    ks_stat                   0.0000        0.3704      0.3704       46.99

    grouped Δ contributions (Franke-standardised, 5 in loss):
      ΔKS     = 46.9882   (mean sampling-SDs off)
      ΔV      = 6.8374   (mean sampling-SDs off)
      ΔACF1   = 7.3832   (mean sampling-SDs off)
      ΔACF2   = 22.5412   (mean sampling-SDs off)
      ΔHill   = 18.9443   (mean sampling-SDs off)

    validated true loss D(θ) at stage-2 θ: 102.6942

======================================================================
  CALIBRATING REGIME: stressed  (HFABM 2-stage, bootstrap weights)
======================================================================
[stressed][1/7] Franke weights from historical 1-min mid returns (200 block resamples × 390-bar blocks)
      per-moment empirical sampling SD s_i (Franke weights, 390-bar block bootstrap):
        KS    ks_stat            s_i=8.918e-03
        V     ret_std            s_i=1.575e-04
        ACF1  acf_r_1            s_i=5.807e-03
        ACF1  acf_r_10           s_i=5.276e-03
        ACF1  acf_r_20           s_i=8.475e-03
        ACF2  acf_absr_1         s_i=2.050e-02
        ACF2  acf_absr_5         s_i=3.156e-02
        ACF2  acf_absr_10        s_i=2.696e-02
        ACF2  acf_absr_20        s_i=2.022e-02
        Hill  hill_tail_index    s_i=1.875e-01
[stressed][2/7] Initial LHS: 128 samples × 20 days × 4 seeds
  LHS 20/128
  LHS 40/128
  LHS 60/128
  LHS 80/128
  LHS 100/128
  LHS 120/128
      1044s → /Users/siddharth/Desktop/GitHub/mscthesis_abm/output/calibration_lhs_stressed.csv
[stressed][3/7] Initial XGBoost surrogate training
      D(θ) surrogate (single regressor, n=128, label-clip cap=140.72): held-out R²=+0.82, Pearson r=+0.92
      UNREACHABLE targets (model-side gap — flag for design review):
        ret_kurtosis           target +34.7549  LHS [+211.5446, +10844.6923]  miss +176.7897
        acf_absr_5             target +0.2189  LHS [-0.0004, +0.2158]  miss +0.0031
        acf_absr_10            target +0.2006  LHS [-0.0024, +0.0923]  miss +0.1082
        acf_absr_20            target +0.2047  LHS [-0.0053, +0.0568]  miss +0.1479
        hill_tail_index        target +3.1785  LHS [+0.6775, +1.4359]  miss +1.7426
        ks_stat                target +0.0000  LHS [+0.2684, +0.4658]  miss +0.2684
[stressed][4/7] Active-learning round 1/2: 32 new sims
    refine sim 5/32 (exploit 21 / explore 11)
    refine sim 10/32 (exploit 21 / explore 11)
    refine sim 15/32 (exploit 21 / explore 11)
    refine sim 20/32 (exploit 21 / explore 11)
    refine sim 25/32 (exploit 21 / explore 11)
    refine sim 30/32 (exploit 21 / explore 11)
      total samples now 160, 273s
      D(θ) surrogate (single regressor, n=160, label-clip cap=133.97): held-out R²=+0.86, Pearson r=+0.94
      UNREACHABLE targets (model-side gap — flag for design review):
        ret_kurtosis           target +34.7549  LHS [+211.5446, +11034.3222]  miss +176.7897
        acf_absr_5             target +0.2189  LHS [-0.0004, +0.2158]  miss +0.0031
        acf_absr_10            target +0.2006  LHS [-0.0024, +0.0923]  miss +0.1082
        acf_absr_20            target +0.2047  LHS [-0.0060, +0.0568]  miss +0.1479
        hill_tail_index        target +3.1785  LHS [+0.6775, +1.4359]  miss +1.7426
        ks_stat                target +0.0000  LHS [+0.2684, +0.4658]  miss +0.2684
[stressed][5/7] Active-learning round 2/2: 32 new sims
    refine sim 5/32 (exploit 21 / explore 11)
    refine sim 10/32 (exploit 21 / explore 11)
    refine sim 15/32 (exploit 21 / explore 11)
    refine sim 20/32 (exploit 21 / explore 11)
    refine sim 25/32 (exploit 21 / explore 11)
    refine sim 30/32 (exploit 21 / explore 11)
      total samples now 192, 270s
      D(θ) surrogate (single regressor, n=192, label-clip cap=134.95): held-out R²=+0.82, Pearson r=+0.92
      UNREACHABLE targets (model-side gap — flag for design review):
        ret_kurtosis           target +34.7549  LHS [+211.5446, +11034.3222]  miss +176.7897
        acf_absr_5             target +0.2189  LHS [-0.0004, +0.2158]  miss +0.0031
        acf_absr_10            target +0.2006  LHS [-0.0024, +0.0923]  miss +0.1082
        acf_absr_20            target +0.2047  LHS [-0.0060, +0.0568]  miss +0.1479
        hill_tail_index        target +3.1785  LHS [+0.6775, +1.4359]  miss +1.7426
        ks_stat                target +0.0000  LHS [+0.2684, +0.4658]  miss +0.2684
[stressed][6/7] Stage 1: surrogate optimum (pool argmin over Sobol candidates)
      surrogate-predicted D at stage-1 optimum: 71.4520
[stressed][7/7] Stage 2: grid search around θ* on true simulator (32 sims in ±10% box)
    stage-2 sim 10/33  (best so far 70.8566)
    stage-2 sim 20/33  (best so far 70.8566)
    stage-2 sim 30/33  (best so far 70.7143)
      stage-2 best TRUE loss: 69.4177  (surrogate-predicted 71.4520)  [291s → /Users/siddharth/Desktop/GitHub/mscthesis_abm/output/calibration_stage2_stressed.csv]
[stressed][8/7] Validating at stage-2 optimum

    moment                    target     simulator       |s-t|   |s-t|/s_i
    ret_std                   0.0018        0.0018      0.0001        0.35
    ret_kurtosis             34.7549     1409.4906   1374.7357  (diag)
    acf_r_1                  -0.0053        0.0006      0.0059        1.01
    acf_r_10                 -0.0024        0.0077      0.0101        1.92
    acf_r_20                 -0.0057        0.0080      0.0137        1.62
    acf_absr_1                0.2555        0.0328      0.2227       10.86
    acf_absr_5                0.2189        0.0248      0.1942        6.15
    acf_absr_10               0.2006        0.0007      0.1999        7.42
    acf_absr_20               0.2047        0.0015      0.2032       10.05
    hill_tail_index           3.1785        1.2724      1.9062       10.17
    ks_stat                   0.0000        0.4570      0.4570       51.25

    grouped Δ contributions (Franke-standardised, 5 in loss):
      ΔKS     = 51.2451   (mean sampling-SDs off)
      ΔV      = 0.3541   (mean sampling-SDs off)
      ΔACF1   = 1.5154   (mean sampling-SDs off)
      ΔACF2   = 8.6191   (mean sampling-SDs off)
      ΔHill   = 10.1670   (mean sampling-SDs off)

    validated true loss D(θ) at stage-2 θ: 71.9008

Saved output/calibrated_params.json (regimes: calm, stressed)
