
======================================================================
  CALIBRATING REGIME: calm  (HFABM 2-stage, bootstrap weights)
======================================================================
[calm][1/7] Franke weights from historical 1-min mid returns (200 block resamples × 390-bar blocks)
      per-moment empirical sampling SD s_i (Franke weights, 390-bar block bootstrap):
        KS    ks_stat            s_i=7.884e-03
        V     ret_std            s_i=8.848e-06
        ACF1  acf_r_1            s_i=3.207e-03
        ACF1  acf_r_10           s_i=2.899e-03
        ACF1  acf_r_20           s_i=2.876e-03
        ACF2  acf_absr_1         s_i=1.091e-02
        ACF2  acf_absr_5         s_i=1.045e-02
        ACF2  acf_absr_10        s_i=1.077e-02
        ACF2  acf_absr_20        s_i=9.830e-03
        Hill  hill_tail_index    s_i=7.689e-02
[calm][2/7] Initial LHS: 128 samples × 20 days × 4 seeds
  LHS 20/128
  LHS 40/128
  LHS 60/128
  LHS 80/128
  LHS 100/128
  LHS 120/128
      685s → /Users/siddharth/Desktop/GitHub/mscthesis_abm/output/calibration_lhs_calm.csv
[calm][3/7] Initial XGBoost surrogate training
      D(θ) surrogate (single regressor, n=128, label-clip cap=136.43): held-out R²=+0.85, Pearson r=+0.93
      UNREACHABLE targets (model-side gap — flag for design review):
        ret_std                target +0.0003  LHS [+0.0004, +0.0011]  miss +0.0001
        acf_absr_5             target +0.2543  LHS [+0.0167, +0.2241]  miss +0.0302
        acf_absr_10            target +0.2426  LHS [+0.0061, +0.0972]  miss +0.1455
        acf_absr_20            target +0.2167  LHS [+0.0066, +0.0794]  miss +0.1373
        hill_tail_index        target +2.9577  LHS [+1.1599, +2.9271]  miss +0.0306
        ks_stat                target +0.0000  LHS [+0.1263, +0.2703]  miss +0.1263
[calm][4/7] Active-learning round 1/2: 32 new sims
    refine sim 5/32 (exploit 21 / explore 11)
    refine sim 10/32 (exploit 21 / explore 11)
    refine sim 15/32 (exploit 21 / explore 11)
    refine sim 20/32 (exploit 21 / explore 11)
    refine sim 25/32 (exploit 21 / explore 11)
    refine sim 30/32 (exploit 21 / explore 11)
      total samples now 160, 169s
      D(θ) surrogate (single regressor, n=160, label-clip cap=135.35): held-out R²=+0.87, Pearson r=+0.93
      UNREACHABLE targets (model-side gap — flag for design review):
        ret_std                target +0.0003  LHS [+0.0004, +0.0011]  miss +0.0001
        acf_absr_5             target +0.2543  LHS [+0.0167, +0.2241]  miss +0.0302
        acf_absr_10            target +0.2426  LHS [+0.0061, +0.1199]  miss +0.1227
        acf_absr_20            target +0.2167  LHS [+0.0066, +0.0989]  miss +0.1177
        ks_stat                target +0.0000  LHS [+0.1263, +0.2703]  miss +0.1263
[calm][5/7] Active-learning round 2/2: 32 new sims
    refine sim 5/32 (exploit 21 / explore 11)
    refine sim 10/32 (exploit 21 / explore 11)
    refine sim 15/32 (exploit 21 / explore 11)
    refine sim 20/32 (exploit 21 / explore 11)
    refine sim 25/32 (exploit 21 / explore 11)
    refine sim 30/32 (exploit 21 / explore 11)
      total samples now 192, 168s
      D(θ) surrogate (single regressor, n=192, label-clip cap=135.12): held-out R²=+0.91, Pearson r=+0.95
      UNREACHABLE targets (model-side gap — flag for design review):
        ret_std                target +0.0003  LHS [+0.0004, +0.0011]  miss +0.0001
        acf_absr_5             target +0.2543  LHS [+0.0141, +0.2241]  miss +0.0302
        acf_absr_10            target +0.2426  LHS [+0.0061, +0.1199]  miss +0.1227
        acf_absr_20            target +0.2167  LHS [+0.0066, +0.0989]  miss +0.1177
        ks_stat                target +0.0000  LHS [+0.1263, +0.2703]  miss +0.1263
[calm][6/7] Stage 1: surrogate optimum (pool argmin over Sobol candidates)
      surrogate-predicted D at stage-1 optimum: 56.8585
[calm][7/7] Stage 2: grid search around θ* on true simulator (32 sims in ±10% box)
    stage-2 sim 10/33  (best so far 56.3321)
    stage-2 sim 20/33  (best so far 56.3321)
    stage-2 sim 30/33  (best so far 56.3321)
      stage-2 best TRUE loss: 56.3321  (surrogate-predicted 56.8585)  [170s → /Users/siddharth/Desktop/GitHub/mscthesis_abm/output/calibration_stage2_calm.csv]
[calm][8/7] Validating at stage-2 optimum

    moment                    target     simulator       |s-t|   |s-t|/s_i
    ret_std                   0.0003        0.0004      0.0001       13.55
    ret_kurtosis             19.8656       33.7079     13.8423  (diag)
    acf_r_1                  -0.0023       -0.0392      0.0369       11.50
    acf_r_10                 -0.0001        0.0041      0.0042        1.44
    acf_r_20                  0.0048        0.0003      0.0045        1.55
    acf_absr_1                0.2955        0.2582      0.0373        3.42
    acf_absr_5                0.2543        0.0770      0.1773       16.96
    acf_absr_10               0.2426        0.0464      0.1963       18.23
    acf_absr_20               0.2167        0.0434      0.1733       17.63
    hill_tail_index           2.9577        2.0001      0.9575       12.45
    ks_stat                   0.0000        0.1693      0.1693       21.47

    grouped Δ contributions (Franke-standardised, 5 in loss):
      ΔKS     = 21.4684   (mean sampling-SDs off)
      ΔV      = 13.5458   (mean sampling-SDs off)
      ΔACF1   = 4.8296   (mean sampling-SDs off)
      ΔACF2   = 14.0574   (mean sampling-SDs off)
      ΔHill   = 12.4529   (mean sampling-SDs off)

    validated true loss D(θ) at stage-2 θ: 66.3541

======================================================================
  CALIBRATING REGIME: stressed  (HFABM 2-stage, bootstrap weights)
======================================================================
[stressed][1/7] Franke weights from historical 1-min mid returns (200 block resamples × 390-bar blocks)
      per-moment empirical sampling SD s_i (Franke weights, 390-bar block bootstrap):
        KS    ks_stat            s_i=8.918e-03
        V     ret_std            s_i=1.575e-04
        ACF1  acf_r_1            s_i=5.807e-03
        ACF1  acf_r_10           s_i=5.276e-03
        ACF1  acf_r_20           s_i=8.475e-03
        ACF2  acf_absr_1         s_i=2.050e-02
        ACF2  acf_absr_5         s_i=3.156e-02
        ACF2  acf_absr_10        s_i=2.696e-02
        ACF2  acf_absr_20        s_i=2.022e-02
        Hill  hill_tail_index    s_i=1.875e-01
[stressed][2/7] Initial LHS: 128 samples × 20 days × 4 seeds
  LHS 20/128
  LHS 40/128
  LHS 60/128
  LHS 80/128
  LHS 100/128
  LHS 120/128
      966s → /Users/siddharth/Desktop/GitHub/mscthesis_abm/output/calibration_lhs_stressed.csv
[stressed][3/7] Initial XGBoost surrogate training
      D(θ) surrogate (single regressor, n=128, label-clip cap=86.81): held-out R²=+0.89, Pearson r=+0.96
      UNREACHABLE targets (model-side gap — flag for design review):
        ret_std                target +0.0018  LHS [+0.0019, +0.0071]  miss +0.0000
        ret_kurtosis           target +34.7549  LHS [+51.8927, +1394.8075]  miss +17.1378
        acf_r_1                target -0.0053  LHS [-0.1590, -0.0630]  miss +0.0577
        acf_absr_5             target +0.2189  LHS [+0.0123, +0.1513]  miss +0.0676
        acf_absr_10            target +0.2006  LHS [-0.0035, +0.0728]  miss +0.1278
        acf_absr_20            target +0.2047  LHS [-0.0051, +0.0562]  miss +0.1486
        hill_tail_index        target +3.1785  LHS [+0.8109, +2.3867]  miss +0.7918
        ks_stat                target +0.0000  LHS [+0.1304, +0.3715]  miss +0.1304
[stressed][4/7] Active-learning round 1/2: 32 new sims
    refine sim 5/32 (exploit 21 / explore 11)
    refine sim 10/32 (exploit 21 / explore 11)
    refine sim 15/32 (exploit 21 / explore 11)
    refine sim 20/32 (exploit 21 / explore 11)
    refine sim 25/32 (exploit 21 / explore 11)
    refine sim 30/32 (exploit 21 / explore 11)
      total samples now 160, 243s
      D(θ) surrogate (single regressor, n=160, label-clip cap=86.67): held-out R²=+0.95, Pearson r=+0.98
      UNREACHABLE targets (model-side gap — flag for design review):
        ret_std                target +0.0018  LHS [+0.0019, +0.0071]  miss +0.0000
        ret_kurtosis           target +34.7549  LHS [+35.7286, +1394.8075]  miss +0.9737
        acf_r_1                target -0.0053  LHS [-0.1590, -0.0630]  miss +0.0577
        acf_absr_5             target +0.2189  LHS [+0.0123, +0.1908]  miss +0.0282
        acf_absr_10            target +0.2006  LHS [-0.0035, +0.1177]  miss +0.0829
        acf_absr_20            target +0.2047  LHS [-0.0051, +0.0871]  miss +0.1176
        hill_tail_index        target +3.1785  LHS [+0.8109, +2.6908]  miss +0.4877
        ks_stat                target +0.0000  LHS [+0.0925, +0.3715]  miss +0.0925
[stressed][5/7] Active-learning round 2/2: 32 new sims
    refine sim 5/32 (exploit 21 / explore 11)
    refine sim 10/32 (exploit 21 / explore 11)
    refine sim 15/32 (exploit 21 / explore 11)
    refine sim 20/32 (exploit 21 / explore 11)
    refine sim 25/32 (exploit 21 / explore 11)
    refine sim 30/32 (exploit 21 / explore 11)
      total samples now 192, 243s
      D(θ) surrogate (single regressor, n=192, label-clip cap=86.35): held-out R²=+0.96, Pearson r=+0.98
      UNREACHABLE targets (model-side gap — flag for design review):
        ret_std                target +0.0018  LHS [+0.0019, +0.0071]  miss +0.0000
        ret_kurtosis           target +34.7549  LHS [+35.7286, +1394.8075]  miss +0.9737
        acf_r_1                target -0.0053  LHS [-0.1594, -0.0630]  miss +0.0577
        acf_absr_5             target +0.2189  LHS [+0.0123, +0.1954]  miss +0.0235
        acf_absr_10            target +0.2006  LHS [-0.0035, +0.1177]  miss +0.0829
        acf_absr_20            target +0.2047  LHS [-0.0051, +0.0871]  miss +0.1176
        hill_tail_index        target +3.1785  LHS [+0.8109, +2.6908]  miss +0.4877
        ks_stat                target +0.0000  LHS [+0.0925, +0.3715]  miss +0.0925
[stressed][6/7] Stage 1: surrogate optimum (pool argmin over Sobol candidates)
      surrogate-predicted D at stage-1 optimum: 26.4476
[stressed][7/7] Stage 2: grid search around θ* on true simulator (32 sims in ±10% box)
    stage-2 sim 10/33  (best so far 26.6525)
    stage-2 sim 20/33  (best so far 26.6525)
    stage-2 sim 30/33  (best so far 26.6525)
      stage-2 best TRUE loss: 26.6525  (surrogate-predicted 26.4476)  [257s → /Users/siddharth/Desktop/GitHub/mscthesis_abm/output/calibration_stage2_stressed.csv]
[stressed][8/7] Validating at stage-2 optimum

    moment                    target     simulator       |s-t|   |s-t|/s_i
    ret_std                   0.0018        0.0023      0.0005        3.10
    ret_kurtosis             34.7549       54.5273     19.7723  (diag)
    acf_r_1                  -0.0053       -0.0851      0.0798       13.75
    acf_r_10                 -0.0024       -0.0040      0.0016        0.31
    acf_r_20                 -0.0057       -0.0014      0.0042        0.50
    acf_absr_1                0.2555        0.2552      0.0003        0.02
    acf_absr_5                0.2189        0.1530      0.0659        2.09
    acf_absr_10               0.2006        0.0962      0.1044        3.87
    acf_absr_20               0.2047        0.0729      0.1319        6.52
    hill_tail_index           3.1785        2.7465      0.4320        2.30
    ks_stat                   0.0000        0.1186      0.1186       13.30

    grouped Δ contributions (Franke-standardised, 5 in loss):
      ΔKS     = 13.3000   (mean sampling-SDs off)
      ΔV      = 3.0974   (mean sampling-SDs off)
      ΔACF1   = 4.8511   (mean sampling-SDs off)
      ΔACF2   = 3.1240   (mean sampling-SDs off)
      ΔHill   = 2.3043   (mean sampling-SDs off)

    validated true loss D(θ) at stage-2 θ: 26.6767

Saved output/calibrated_params.json (regimes: calm, stressed)
