
======================================================================
  CALIBRATING REGIME: calm  (HFABM 2-stage, bootstrap weights)
======================================================================
[calm][1/7] Franke weights from historical 1-min mid returns (200 block resamples × 390-bar blocks)
      per-moment empirical sampling SD s_i (Franke weights, 390-bar block bootstrap):
        KS    ks_stat            s_i=7.884e-03
        V     ret_std            s_i=8.848e-06
        ACF1  acf_r_1            s_i=3.207e-03
        ACF1  acf_r_10           s_i=2.899e-03
        ACF1  acf_r_20           s_i=2.876e-03
        ACF2  acf_absr_1         s_i=1.091e-02
        ACF2  acf_absr_5         s_i=1.045e-02
        ACF2  acf_absr_10        s_i=1.077e-02
        ACF2  acf_absr_20        s_i=9.830e-03
        Hill  hill_tail_index    s_i=7.689e-02
[calm][2/7] Initial LHS: 128 samples × 20 days × 4 seeds
  LHS 20/128
  LHS 40/128
  LHS 60/128
  LHS 80/128
  LHS 100/128
  LHS 120/128
      720s → /Users/siddharth/Desktop/GitHub/mscthesis_abm/output/calibration_lhs_calm.csv
[calm][3/7] Initial XGBoost surrogate training
      D(θ) surrogate (single regressor, n=128, label-clip cap=143.92): held-out R²=+0.88, Pearson r=+0.95
      UNREACHABLE targets (model-side gap — flag for design review):
        acf_absr_5             target +0.2543  LHS [+0.0022, +0.1851]  miss +0.0692
        acf_absr_10            target +0.2426  LHS [-0.0126, +0.0969]  miss +0.1457
        acf_absr_20            target +0.2167  LHS [-0.0047, +0.0928]  miss +0.1238
        ks_stat                target +0.0000  LHS [+0.1202, +0.3484]  miss +0.1202
[calm][4/7] Active-learning round 1/2: 32 new sims
    refine sim 5/32 (exploit 21 / explore 11)
    refine sim 10/32 (exploit 21 / explore 11)
    refine sim 15/32 (exploit 21 / explore 11)
    refine sim 20/32 (exploit 21 / explore 11)
    refine sim 25/32 (exploit 21 / explore 11)
    refine sim 30/32 (exploit 21 / explore 11)
      total samples now 160, 178s
      D(θ) surrogate (single regressor, n=160, label-clip cap=142.96): held-out R²=+0.86, Pearson r=+0.93
      UNREACHABLE targets (model-side gap — flag for design review):
        acf_absr_5             target +0.2543  LHS [+0.0022, +0.1851]  miss +0.0692
        acf_absr_10            target +0.2426  LHS [-0.0126, +0.1040]  miss +0.1386
        acf_absr_20            target +0.2167  LHS [-0.0047, +0.0928]  miss +0.1238
        ks_stat                target +0.0000  LHS [+0.1202, +0.3484]  miss +0.1202
[calm][5/7] Active-learning round 2/2: 32 new sims
    refine sim 5/32 (exploit 21 / explore 11)
    refine sim 10/32 (exploit 21 / explore 11)
    refine sim 15/32 (exploit 21 / explore 11)
    refine sim 20/32 (exploit 21 / explore 11)
    refine sim 25/32 (exploit 21 / explore 11)
    refine sim 30/32 (exploit 21 / explore 11)
      total samples now 192, 179s
      D(θ) surrogate (single regressor, n=192, label-clip cap=142.74): held-out R²=+0.93, Pearson r=+0.97
      UNREACHABLE targets (model-side gap — flag for design review):
        acf_absr_5             target +0.2543  LHS [+0.0022, +0.1851]  miss +0.0692
        acf_absr_10            target +0.2426  LHS [-0.0126, +0.1157]  miss +0.1269
        acf_absr_20            target +0.2167  LHS [-0.0047, +0.0928]  miss +0.1238
        ks_stat                target +0.0000  LHS [+0.1202, +0.3484]  miss +0.1202
[calm][6/7] Stage 1: surrogate optimum (pool argmin over Sobol candidates)
      surrogate-predicted D at stage-1 optimum: 48.2148
[calm][7/7] Stage 2: grid search around θ* on true simulator (32 sims in ±10% box)
    stage-2 sim 10/33  (best so far 47.0709)
    stage-2 sim 20/33  (best so far 47.0709)
    stage-2 sim 30/33  (best so far 47.0709)
      stage-2 best TRUE loss: 47.0709  (surrogate-predicted 48.2148)  [193s → /Users/siddharth/Desktop/GitHub/mscthesis_abm/output/calibration_stage2_calm.csv]
[calm][8/7] Validating at stage-2 optimum

    moment                    target     simulator       |s-t|   |s-t|/s_i
    ret_std                   0.0003        0.0003      0.0000        4.00
    ret_kurtosis             19.8656        5.8567     14.0088  (diag)
    acf_r_1                  -0.0023        0.0574      0.0598       18.63
    acf_r_10                 -0.0001        0.0064      0.0065        2.23
    acf_r_20                  0.0048        0.0090      0.0042        1.45
    acf_absr_1                0.2955        0.1652      0.1304       11.95
    acf_absr_5                0.2543        0.0996      0.1547       14.80
    acf_absr_10               0.2426        0.0885      0.1542       14.32
    acf_absr_20               0.2167        0.0693      0.1474       15.00
    hill_tail_index           2.9577        2.9982      0.0405        0.53
    ks_stat                   0.0000        0.1758      0.1758       22.30

    grouped Δ contributions (Franke-standardised, 5 in loss):
      ΔKS     = 22.2991   (mean sampling-SDs off)
      ΔV      = 3.9958   (mean sampling-SDs off)
      ΔACF1   = 7.4390   (mean sampling-SDs off)
      ΔACF2   = 14.0154   (mean sampling-SDs off)
      ΔHill   = 0.5266   (mean sampling-SDs off)

    validated true loss D(θ) at stage-2 θ: 48.2760

======================================================================
  CALIBRATING REGIME: stressed  (HFABM 2-stage, bootstrap weights)
======================================================================
[stressed][1/7] Franke weights from historical 1-min mid returns (200 block resamples × 390-bar blocks)
      per-moment empirical sampling SD s_i (Franke weights, 390-bar block bootstrap):
        KS    ks_stat            s_i=8.918e-03
        V     ret_std            s_i=1.575e-04
        ACF1  acf_r_1            s_i=5.807e-03
        ACF1  acf_r_10           s_i=5.276e-03
        ACF1  acf_r_20           s_i=8.475e-03
        ACF2  acf_absr_1         s_i=2.050e-02
        ACF2  acf_absr_5         s_i=3.156e-02
        ACF2  acf_absr_10        s_i=2.696e-02
        ACF2  acf_absr_20        s_i=2.022e-02
        Hill  hill_tail_index    s_i=1.875e-01
[stressed][2/7] Initial LHS: 128 samples × 20 days × 4 seeds
  LHS 20/128
  LHS 40/128
  LHS 60/128
  LHS 80/128
  LHS 100/128
  LHS 120/128
      1023s → /Users/siddharth/Desktop/GitHub/mscthesis_abm/output/calibration_lhs_stressed.csv
[stressed][3/7] Initial XGBoost surrogate training
      D(θ) surrogate (single regressor, n=128, label-clip cap=82.33): held-out R²=+0.86, Pearson r=+0.95
      UNREACHABLE targets (model-side gap — flag for design review):
        ret_kurtosis           target +34.7549  LHS [+35.8095, +4422.6674]  miss +1.0546
        acf_absr_5             target +0.2189  LHS [+0.0032, +0.1793]  miss +0.0397
        acf_absr_10            target +0.2006  LHS [-0.0084, +0.0962]  miss +0.1044
        acf_absr_20            target +0.2047  LHS [-0.0072, +0.0648]  miss +0.1400
        hill_tail_index        target +3.1785  LHS [+0.8105, +2.6050]  miss +0.5735
        ks_stat                target +0.0000  LHS [+0.1491, +0.4468]  miss +0.1491
[stressed][4/7] Active-learning round 1/2: 32 new sims
    refine sim 5/32 (exploit 21 / explore 11)
    refine sim 10/32 (exploit 21 / explore 11)
    refine sim 15/32 (exploit 21 / explore 11)
    refine sim 20/32 (exploit 21 / explore 11)
    refine sim 25/32 (exploit 21 / explore 11)
    refine sim 30/32 (exploit 21 / explore 11)
      total samples now 160, 259s
      D(θ) surrogate (single regressor, n=160, label-clip cap=79.76): held-out R²=+0.91, Pearson r=+0.96
      UNREACHABLE targets (model-side gap — flag for design review):
        acf_absr_5             target +0.2189  LHS [+0.0032, +0.1793]  miss +0.0397
        acf_absr_10            target +0.2006  LHS [-0.0084, +0.1065]  miss +0.0941
        acf_absr_20            target +0.2047  LHS [-0.0072, +0.0849]  miss +0.1199
        hill_tail_index        target +3.1785  LHS [+0.8105, +2.6962]  miss +0.4823
        ks_stat                target +0.0000  LHS [+0.1491, +0.4468]  miss +0.1491
[stressed][5/7] Active-learning round 2/2: 32 new sims
    refine sim 5/32 (exploit 21 / explore 11)
    refine sim 10/32 (exploit 21 / explore 11)
    refine sim 15/32 (exploit 21 / explore 11)
    refine sim 20/32 (exploit 21 / explore 11)
    refine sim 25/32 (exploit 21 / explore 11)
    refine sim 30/32 (exploit 21 / explore 11)
      total samples now 192, 258s
      D(θ) surrogate (single regressor, n=192, label-clip cap=77.77): held-out R²=+0.95, Pearson r=+0.98
      UNREACHABLE targets (model-side gap — flag for design review):
        acf_absr_5             target +0.2189  LHS [+0.0032, +0.1808]  miss +0.0382
        acf_absr_10            target +0.2006  LHS [-0.0084, +0.1110]  miss +0.0896
        acf_absr_20            target +0.2047  LHS [-0.0072, +0.0849]  miss +0.1199
        hill_tail_index        target +3.1785  LHS [+0.8105, +2.6962]  miss +0.4823
        ks_stat                target +0.0000  LHS [+0.1335, +0.4468]  miss +0.1335
[stressed][6/7] Stage 1: surrogate optimum (pool argmin over Sobol candidates)
      surrogate-predicted D at stage-1 optimum: 28.1847
[stressed][7/7] Stage 2: grid search around θ* on true simulator (32 sims in ±10% box)
    stage-2 sim 10/33  (best so far 27.6245)
    stage-2 sim 20/33  (best so far 25.4518)
    stage-2 sim 30/33  (best so far 25.4518)
      stage-2 best TRUE loss: 25.4518  (surrogate-predicted 28.1847)  [276s → /Users/siddharth/Desktop/GitHub/mscthesis_abm/output/calibration_stage2_stressed.csv]
[stressed][8/7] Validating at stage-2 optimum

    moment                    target     simulator       |s-t|   |s-t|/s_i
    ret_std                   0.0018        0.0015      0.0003        1.88
    ret_kurtosis             34.7549       40.8560      6.1010  (diag)
    acf_r_1                  -0.0053       -0.0348      0.0295        5.08
    acf_r_10                 -0.0024        0.0010      0.0034        0.65
    acf_r_20                 -0.0057        0.0022      0.0079        0.93
    acf_absr_1                0.2555        0.2786      0.0231        1.13
    acf_absr_5                0.2189        0.1474      0.0715        2.27
    acf_absr_10               0.2006        0.0926      0.1079        4.00
    acf_absr_20               0.2047        0.0580      0.1467        7.26
    hill_tail_index           3.1785        2.6115      0.5670        3.02
    ks_stat                   0.0000        0.1709      0.1709       19.17

    grouped Δ contributions (Franke-standardised, 5 in loss):
      ΔKS     = 19.1668   (mean sampling-SDs off)
      ΔV      = 1.8822   (mean sampling-SDs off)
      ΔACF1   = 2.2180   (mean sampling-SDs off)
      ΔACF2   = 3.6631   (mean sampling-SDs off)
      ΔHill   = 3.0245   (mean sampling-SDs off)

    validated true loss D(θ) at stage-2 θ: 29.9545

Saved output/calibrated_params.json (regimes: calm, stressed)
