
======================================================================
  CALIBRATING REGIME: calm  (HFABM 2-stage, bootstrap weights)
======================================================================
[calm][1/7] Franke weights from historical 1-min mid returns (200 block resamples × 390-bar blocks)
      per-moment empirical sampling SD s_i (Franke weights, 390-bar block bootstrap):
        KS    ks_stat            s_i=7.884e-03
        V     ret_std            s_i=8.848e-06
        ACF1  acf_r_1            s_i=3.207e-03
        ACF1  acf_r_10           s_i=2.899e-03
        ACF1  acf_r_20           s_i=2.876e-03
        ACF2  acf_absr_1         s_i=1.091e-02
        ACF2  acf_absr_5         s_i=1.045e-02
        ACF2  acf_absr_10        s_i=1.077e-02
        ACF2  acf_absr_20        s_i=9.830e-03
        Hill  hill_tail_index    s_i=7.689e-02
[calm][2/7] Initial LHS: 128 samples × 20 days × 4 seeds
  LHS 20/128
  LHS 40/128
  LHS 60/128
  LHS 80/128
  LHS 100/128
  LHS 120/128
      703s → /Users/siddharth/Desktop/GitHub/mscthesis_abm/output/calibration_lhs_calm.csv
[calm][3/7] Initial XGBoost surrogate training
      D(θ) surrogate (single regressor, n=128, label-clip cap=98.40): held-out R²=+0.83, Pearson r=+0.91
      UNREACHABLE targets (model-side gap — flag for design review):
        acf_absr_5             target +0.2543  LHS [+0.0095, +0.2369]  miss +0.0174
        acf_absr_10            target +0.2426  LHS [-0.0076, +0.1320]  miss +0.1106
        acf_absr_20            target +0.2167  LHS [-0.0100, +0.1032]  miss +0.1135
        ks_stat                target +0.0000  LHS [+0.1135, +0.2436]  miss +0.1135
[calm][4/7] Active-learning round 1/2: 32 new sims
    refine sim 5/32 (exploit 21 / explore 11)
    refine sim 10/32 (exploit 21 / explore 11)
    refine sim 15/32 (exploit 21 / explore 11)
    refine sim 20/32 (exploit 21 / explore 11)
    refine sim 25/32 (exploit 21 / explore 11)
    refine sim 30/32 (exploit 21 / explore 11)
      total samples now 160, 177s
      D(θ) surrogate (single regressor, n=160, label-clip cap=94.18): held-out R²=+0.80, Pearson r=+0.91
      UNREACHABLE targets (model-side gap — flag for design review):
        acf_absr_5             target +0.2543  LHS [+0.0095, +0.2369]  miss +0.0174
        acf_absr_10            target +0.2426  LHS [-0.0076, +0.1320]  miss +0.1106
        acf_absr_20            target +0.2167  LHS [-0.0100, +0.1051]  miss +0.1115
        ks_stat                target +0.0000  LHS [+0.1135, +0.2436]  miss +0.1135
[calm][5/7] Active-learning round 2/2: 32 new sims
    refine sim 5/32 (exploit 21 / explore 11)
    refine sim 10/32 (exploit 21 / explore 11)
    refine sim 15/32 (exploit 21 / explore 11)
    refine sim 20/32 (exploit 21 / explore 11)
    refine sim 25/32 (exploit 21 / explore 11)
    refine sim 30/32 (exploit 21 / explore 11)
      total samples now 192, 178s
      D(θ) surrogate (single regressor, n=192, label-clip cap=93.43): held-out R²=+0.88, Pearson r=+0.94
      UNREACHABLE targets (model-side gap — flag for design review):
        acf_absr_5             target +0.2543  LHS [+0.0095, +0.2369]  miss +0.0174
        acf_absr_10            target +0.2426  LHS [-0.0076, +0.1320]  miss +0.1106
        acf_absr_20            target +0.2167  LHS [-0.0100, +0.1051]  miss +0.1115
        ks_stat                target +0.0000  LHS [+0.1135, +0.2436]  miss +0.1135
[calm][6/7] Stage 1: surrogate optimum (pool argmin over Sobol candidates)
      surrogate-predicted D at stage-1 optimum: 44.4034
[calm][7/7] Stage 2: grid search around θ* on true simulator (32 sims in ±10% box)
    stage-2 sim 10/33  (best so far 47.5838)
    stage-2 sim 20/33  (best so far 45.2682)
    stage-2 sim 30/33  (best so far 45.2682)
      stage-2 best TRUE loss: 45.2682  (surrogate-predicted 44.4034)  [185s → /Users/siddharth/Desktop/GitHub/mscthesis_abm/output/calibration_stage2_calm.csv]
[calm][8/7] Validating at stage-2 optimum

    moment                    target     simulator       |s-t|   |s-t|/s_i
    ret_std                   0.0003        0.0003      0.0000        0.91
    ret_kurtosis             19.8656       16.9172      2.9483  (diag)
    acf_r_1                  -0.0023       -0.0117      0.0093        2.91
    acf_r_10                 -0.0001        0.0051      0.0052        1.79
    acf_r_20                  0.0048        0.0126      0.0078        2.70
    acf_absr_1                0.2955        0.1504      0.1452       13.30
    acf_absr_5                0.2543        0.1007      0.1536       14.69
    acf_absr_10               0.2426        0.0689      0.1738       16.14
    acf_absr_20               0.2167        0.0638      0.1529       15.55
    hill_tail_index           2.9577        2.6129      0.3447        4.48
    ks_stat                   0.0000        0.1923      0.1923       24.39

    grouped Δ contributions (Franke-standardised, 5 in loss):
      ΔKS     = 24.3869   (mean sampling-SDs off)
      ΔV      = 0.9060   (mean sampling-SDs off)
      ΔACF1   = 2.4665   (mean sampling-SDs off)
      ΔACF2   = 14.9226   (mean sampling-SDs off)
      ΔHill   = 4.4835   (mean sampling-SDs off)

    validated true loss D(θ) at stage-2 θ: 47.1656

======================================================================
  CALIBRATING REGIME: stressed  (HFABM 2-stage, bootstrap weights)
======================================================================
[stressed][1/7] Franke weights from historical 1-min mid returns (200 block resamples × 390-bar blocks)
      per-moment empirical sampling SD s_i (Franke weights, 390-bar block bootstrap):
        KS    ks_stat            s_i=8.918e-03
        V     ret_std            s_i=1.575e-04
        ACF1  acf_r_1            s_i=5.807e-03
        ACF1  acf_r_10           s_i=5.276e-03
        ACF1  acf_r_20           s_i=8.475e-03
        ACF2  acf_absr_1         s_i=2.050e-02
        ACF2  acf_absr_5         s_i=3.156e-02
        ACF2  acf_absr_10        s_i=2.696e-02
        ACF2  acf_absr_20        s_i=2.022e-02
        Hill  hill_tail_index    s_i=1.875e-01
[stressed][2/7] Initial LHS: 128 samples × 20 days × 4 seeds
  LHS 20/128
  LHS 40/128
  LHS 60/128
  LHS 80/128
  LHS 100/128
  LHS 120/128
      1049s → /Users/siddharth/Desktop/GitHub/mscthesis_abm/output/calibration_lhs_stressed.csv
[stressed][3/7] Initial XGBoost surrogate training
      D(θ) surrogate (single regressor, n=128, label-clip cap=74.48): held-out R²=+0.91, Pearson r=+0.96
      UNREACHABLE targets (model-side gap — flag for design review):
        acf_r_20               target -0.0057  LHS [-0.0056, +0.0123]  miss +0.0001
        acf_absr_5             target +0.2189  LHS [+0.0115, +0.1582]  miss +0.0607
        acf_absr_10            target +0.2006  LHS [-0.0052, +0.0872]  miss +0.1134
        acf_absr_20            target +0.2047  LHS [-0.0070, +0.0667]  miss +0.1380
        hill_tail_index        target +3.1785  LHS [+0.7758, +2.3622]  miss +0.8163
        ks_stat                target +0.0000  LHS [+0.1473, +0.4294]  miss +0.1473
[stressed][4/7] Active-learning round 1/2: 32 new sims
    refine sim 5/32 (exploit 21 / explore 11)
    refine sim 10/32 (exploit 21 / explore 11)
    refine sim 15/32 (exploit 21 / explore 11)
    refine sim 20/32 (exploit 21 / explore 11)
    refine sim 25/32 (exploit 21 / explore 11)
    refine sim 30/32 (exploit 21 / explore 11)
      total samples now 160, 248s
      D(θ) surrogate (single regressor, n=160, label-clip cap=74.06): held-out R²=+0.94, Pearson r=+0.97
      UNREACHABLE targets (model-side gap — flag for design review):
        acf_r_20               target -0.0057  LHS [-0.0056, +0.0123]  miss +0.0001
        acf_absr_5             target +0.2189  LHS [+0.0115, +0.1615]  miss +0.0574
        acf_absr_10            target +0.2006  LHS [-0.0052, +0.1003]  miss +0.1003
        acf_absr_20            target +0.2047  LHS [-0.0070, +0.0803]  miss +0.1245
        hill_tail_index        target +3.1785  LHS [+0.7758, +2.5686]  miss +0.6099
        ks_stat                target +0.0000  LHS [+0.1381, +0.4294]  miss +0.1381
[stressed][5/7] Active-learning round 2/2: 32 new sims
    refine sim 5/32 (exploit 21 / explore 11)
    refine sim 10/32 (exploit 21 / explore 11)
    refine sim 15/32 (exploit 21 / explore 11)
    refine sim 20/32 (exploit 21 / explore 11)
    refine sim 25/32 (exploit 21 / explore 11)
    refine sim 30/32 (exploit 21 / explore 11)
      total samples now 192, 252s
      D(θ) surrogate (single regressor, n=192, label-clip cap=73.03): held-out R²=+0.96, Pearson r=+0.98
      UNREACHABLE targets (model-side gap — flag for design review):
        acf_r_20               target -0.0057  LHS [-0.0056, +0.0123]  miss +0.0001
        acf_absr_5             target +0.2189  LHS [+0.0115, +0.1615]  miss +0.0574
        acf_absr_10            target +0.2006  LHS [-0.0052, +0.1055]  miss +0.0951
        acf_absr_20            target +0.2047  LHS [-0.0070, +0.0803]  miss +0.1245
        hill_tail_index        target +3.1785  LHS [+0.7758, +2.6254]  miss +0.5532
        ks_stat                target +0.0000  LHS [+0.1381, +0.4294]  miss +0.1381
[stressed][6/7] Stage 1: surrogate optimum (pool argmin over Sobol candidates)
      surrogate-predicted D at stage-1 optimum: 34.8473
[stressed][7/7] Stage 2: grid search around θ* on true simulator (32 sims in ±10% box)
    stage-2 sim 10/33  (best so far 34.9292)
    stage-2 sim 20/33  (best so far 33.2978)
    stage-2 sim 30/33  (best so far 33.2978)
      stage-2 best TRUE loss: 33.2978  (surrogate-predicted 34.8473)  [279s → /Users/siddharth/Desktop/GitHub/mscthesis_abm/output/calibration_stage2_stressed.csv]
[stressed][8/7] Validating at stage-2 optimum

    moment                    target     simulator       |s-t|   |s-t|/s_i
    ret_std                   0.0018        0.0019      0.0001        0.46
    ret_kurtosis             34.7549       47.9074     13.1525  (diag)
    acf_r_1                  -0.0053       -0.0511      0.0459        7.90
    acf_r_10                 -0.0024        0.0040      0.0063        1.20
    acf_r_20                 -0.0057        0.0024      0.0081        0.95
    acf_absr_1                0.2555        0.2189      0.0366        1.79
    acf_absr_5                0.2189        0.1180      0.1009        3.20
    acf_absr_10               0.2006        0.0670      0.1335        4.95
    acf_absr_20               0.2047        0.0468      0.1579        7.81
    hill_tail_index           3.1785        2.1048      1.0737        5.73
    ks_stat                   0.0000        0.2046      0.2046       22.95

    grouped Δ contributions (Franke-standardised, 5 in loss):
      ΔKS     = 22.9469   (mean sampling-SDs off)
      ΔV      = 0.4627   (mean sampling-SDs off)
      ΔACF1   = 3.3498   (mean sampling-SDs off)
      ΔACF2   = 4.4370   (mean sampling-SDs off)
      ΔHill   = 5.7270   (mean sampling-SDs off)

    validated true loss D(θ) at stage-2 θ: 36.9234

Saved output/calibrated_params.json (regimes: calm, stressed)
