
======================================================================
  CALIBRATING REGIME: calm  (HFABM 2-stage, bootstrap weights)
======================================================================
[calm][1/7] Franke weights from historical 1-min mid returns (200 block resamples × 390-bar blocks)
      per-moment empirical sampling SD s_i (Franke weights, 390-bar block bootstrap):
        KS    ks_stat            s_i=7.884e-03
        V     ret_std            s_i=8.848e-06
        ACF1  acf_r_1            s_i=3.207e-03
        ACF1  acf_r_10           s_i=2.899e-03
        ACF1  acf_r_20           s_i=2.876e-03
        ACF2  acf_absr_1         s_i=1.091e-02
        ACF2  acf_absr_5         s_i=1.045e-02
        ACF2  acf_absr_10        s_i=1.077e-02
        ACF2  acf_absr_20        s_i=9.830e-03
        Hill  hill_tail_index    s_i=7.689e-02
[calm][2/7] Initial LHS: 128 samples × 20 days × 4 seeds
  LHS 20/128
  LHS 40/128
  LHS 60/128
  LHS 80/128
  LHS 100/128
  LHS 120/128
      686s → /Users/siddharth/Desktop/GitHub/mscthesis_abm/output/calibration_lhs_calm.csv
[calm][3/7] Initial XGBoost surrogate training
      D(θ) surrogate (single regressor, n=128, label-clip cap=136.37): held-out R²=+0.83, Pearson r=+0.93
      UNREACHABLE targets (model-side gap — flag for design review):
        ret_std                target +0.0003  LHS [+0.0004, +0.0009]  miss +0.0001
        acf_r_1                target -0.0023  LHS [-0.1522, -0.0340]  miss +0.0317
        acf_absr_5             target +0.2543  LHS [+0.0222, +0.2094]  miss +0.0449
        acf_absr_10            target +0.2426  LHS [+0.0089, +0.1144]  miss +0.1282
        acf_absr_20            target +0.2167  LHS [+0.0051, +0.0781]  miss +0.1386
        ks_stat                target +0.0000  LHS [+0.1283, +0.2645]  miss +0.1283
[calm][4/7] Active-learning round 1/2: 32 new sims
    refine sim 5/32 (exploit 21 / explore 11)
    refine sim 10/32 (exploit 21 / explore 11)
    refine sim 15/32 (exploit 21 / explore 11)
    refine sim 20/32 (exploit 21 / explore 11)
    refine sim 25/32 (exploit 21 / explore 11)
    refine sim 30/32 (exploit 21 / explore 11)
      total samples now 160, 170s
      D(θ) surrogate (single regressor, n=160, label-clip cap=133.87): held-out R²=+0.76, Pearson r=+0.88
      UNREACHABLE targets (model-side gap — flag for design review):
        ret_std                target +0.0003  LHS [+0.0004, +0.0009]  miss +0.0001
        acf_r_1                target -0.0023  LHS [-0.1522, -0.0340]  miss +0.0317
        acf_absr_5             target +0.2543  LHS [+0.0222, +0.2094]  miss +0.0449
        acf_absr_10            target +0.2426  LHS [+0.0089, +0.1144]  miss +0.1282
        acf_absr_20            target +0.2167  LHS [+0.0051, +0.0844]  miss +0.1323
        ks_stat                target +0.0000  LHS [+0.1283, +0.2645]  miss +0.1283
[calm][5/7] Active-learning round 2/2: 32 new sims
    refine sim 5/32 (exploit 21 / explore 11)
    refine sim 10/32 (exploit 21 / explore 11)
    refine sim 15/32 (exploit 21 / explore 11)
    refine sim 20/32 (exploit 21 / explore 11)
    refine sim 25/32 (exploit 21 / explore 11)
    refine sim 30/32 (exploit 21 / explore 11)
      total samples now 192, 170s
      D(θ) surrogate (single regressor, n=192, label-clip cap=134.29): held-out R²=+0.83, Pearson r=+0.93
      UNREACHABLE targets (model-side gap — flag for design review):
        ret_std                target +0.0003  LHS [+0.0004, +0.0009]  miss +0.0001
        acf_r_1                target -0.0023  LHS [-0.1522, -0.0340]  miss +0.0317
        acf_absr_5             target +0.2543  LHS [+0.0222, +0.2094]  miss +0.0449
        acf_absr_10            target +0.2426  LHS [+0.0089, +0.1144]  miss +0.1282
        acf_absr_20            target +0.2167  LHS [+0.0051, +0.0844]  miss +0.1323
        ks_stat                target +0.0000  LHS [+0.1283, +0.2645]  miss +0.1283
[calm][6/7] Stage 1: surrogate optimum (pool argmin over Sobol candidates)
      surrogate-predicted D at stage-1 optimum: 60.4962
[calm][7/7] Stage 2: grid search around θ* on true simulator (32 sims in ±10% box)
    stage-2 sim 10/33  (best so far 59.1417)
    stage-2 sim 20/33  (best so far 59.1417)
    stage-2 sim 30/33  (best so far 58.9245)
      stage-2 best TRUE loss: 58.9245  (surrogate-predicted 60.4962)  [174s → /Users/siddharth/Desktop/GitHub/mscthesis_abm/output/calibration_stage2_calm.csv]
[calm][8/7] Validating at stage-2 optimum

    moment                    target     simulator       |s-t|   |s-t|/s_i
    ret_std                   0.0003        0.0004      0.0001       15.02
    ret_kurtosis             19.8656       13.9368      5.9288  (diag)
    acf_r_1                  -0.0023       -0.0477      0.0453       14.13
    acf_r_10                 -0.0001        0.0053      0.0055        1.88
    acf_r_20                  0.0048        0.0022      0.0026        0.90
    acf_absr_1                0.2955        0.2629      0.0326        2.99
    acf_absr_5                0.2543        0.1077      0.1466       14.03
    acf_absr_10               0.2426        0.0679      0.1748       16.23
    acf_absr_20               0.2167        0.0631      0.1535       15.62
    hill_tail_index           2.9577        2.8119      0.1457        1.90
    ks_stat                   0.0000        0.1916      0.1916       24.30

    grouped Δ contributions (Franke-standardised, 5 in loss):
      ΔKS     = 24.3003   (mean sampling-SDs off)
      ΔV      = 15.0189   (mean sampling-SDs off)
      ΔACF1   = 5.6380   (mean sampling-SDs off)
      ΔACF2   = 12.2165   (mean sampling-SDs off)
      ΔHill   = 1.8954   (mean sampling-SDs off)

    validated true loss D(θ) at stage-2 θ: 59.0692

======================================================================
  CALIBRATING REGIME: stressed  (HFABM 2-stage, bootstrap weights)
======================================================================
[stressed][1/7] Franke weights from historical 1-min mid returns (200 block resamples × 390-bar blocks)
      per-moment empirical sampling SD s_i (Franke weights, 390-bar block bootstrap):
        KS    ks_stat            s_i=8.918e-03
        V     ret_std            s_i=1.575e-04
        ACF1  acf_r_1            s_i=5.807e-03
        ACF1  acf_r_10           s_i=5.276e-03
        ACF1  acf_r_20           s_i=8.475e-03
        ACF2  acf_absr_1         s_i=2.050e-02
        ACF2  acf_absr_5         s_i=3.156e-02
        ACF2  acf_absr_10        s_i=2.696e-02
        ACF2  acf_absr_20        s_i=2.022e-02
        Hill  hill_tail_index    s_i=1.875e-01
[stressed][2/7] Initial LHS: 128 samples × 20 days × 4 seeds
  LHS 20/128
  LHS 40/128
  LHS 60/128
  LHS 80/128
  LHS 100/128
  LHS 120/128
      970s → /Users/siddharth/Desktop/GitHub/mscthesis_abm/output/calibration_lhs_stressed.csv
[stressed][3/7] Initial XGBoost surrogate training
      D(θ) surrogate (single regressor, n=128, label-clip cap=88.00): held-out R²=+0.94, Pearson r=+0.98
      UNREACHABLE targets (model-side gap — flag for design review):
        ret_std                target +0.0018  LHS [+0.0022, +0.0061]  miss +0.0003
        ret_kurtosis           target +34.7549  LHS [+46.8671, +1258.0302]  miss +12.1122
        acf_r_1                target -0.0053  LHS [-0.1567, -0.0845]  miss +0.0792
        acf_absr_1             target +0.2555  LHS [+0.2797, +0.4499]  miss +0.0242
        acf_absr_5             target +0.2189  LHS [+0.0319, +0.1725]  miss +0.0465
        acf_absr_10            target +0.2006  LHS [+0.0004, +0.1045]  miss +0.0960
        acf_absr_20            target +0.2047  LHS [-0.0033, +0.0714]  miss +0.1333
        hill_tail_index        target +3.1785  LHS [+0.8221, +2.5213]  miss +0.6573
        ks_stat                target +0.0000  LHS [+0.1360, +0.3678]  miss +0.1360
[stressed][4/7] Active-learning round 1/2: 32 new sims
    refine sim 5/32 (exploit 21 / explore 11)
    refine sim 10/32 (exploit 21 / explore 11)
    refine sim 15/32 (exploit 21 / explore 11)
    refine sim 20/32 (exploit 21 / explore 11)
    refine sim 25/32 (exploit 21 / explore 11)
    refine sim 30/32 (exploit 21 / explore 11)
      total samples now 160, 242s
      D(θ) surrogate (single regressor, n=160, label-clip cap=87.83): held-out R²=+0.94, Pearson r=+0.97
      UNREACHABLE targets (model-side gap — flag for design review):
        ret_std                target +0.0018  LHS [+0.0021, +0.0067]  miss +0.0003
        acf_r_1                target -0.0053  LHS [-0.1567, -0.0845]  miss +0.0792
        acf_absr_1             target +0.2555  LHS [+0.2797, +0.4499]  miss +0.0242
        acf_absr_5             target +0.2189  LHS [+0.0319, +0.1917]  miss +0.0273
        acf_absr_10            target +0.2006  LHS [+0.0004, +0.1068]  miss +0.0938
        acf_absr_20            target +0.2047  LHS [-0.0033, +0.0804]  miss +0.1243
        hill_tail_index        target +3.1785  LHS [+0.8221, +2.6254]  miss +0.5531
        ks_stat                target +0.0000  LHS [+0.1354, +0.3678]  miss +0.1354
[stressed][5/7] Active-learning round 2/2: 32 new sims
    refine sim 5/32 (exploit 21 / explore 11)
    refine sim 10/32 (exploit 21 / explore 11)
    refine sim 15/32 (exploit 21 / explore 11)
    refine sim 20/32 (exploit 21 / explore 11)
    refine sim 25/32 (exploit 21 / explore 11)
    refine sim 30/32 (exploit 21 / explore 11)
      total samples now 192, 242s
      D(θ) surrogate (single regressor, n=192, label-clip cap=86.80): held-out R²=+0.96, Pearson r=+0.98
      UNREACHABLE targets (model-side gap — flag for design review):
        ret_std                target +0.0018  LHS [+0.0021, +0.0067]  miss +0.0003
        acf_r_1                target -0.0053  LHS [-0.1585, -0.0845]  miss +0.0792
        acf_absr_1             target +0.2555  LHS [+0.2797, +0.4499]  miss +0.0242
        acf_absr_5             target +0.2189  LHS [+0.0319, +0.1917]  miss +0.0273
        acf_absr_10            target +0.2006  LHS [+0.0004, +0.1068]  miss +0.0938
        acf_absr_20            target +0.2047  LHS [-0.0036, +0.0838]  miss +0.1210
        hill_tail_index        target +3.1785  LHS [+0.8221, +2.6254]  miss +0.5531
        ks_stat                target +0.0000  LHS [+0.1284, +0.3678]  miss +0.1284
[stressed][6/7] Stage 1: surrogate optimum (pool argmin over Sobol candidates)
      surrogate-predicted D at stage-1 optimum: 32.0763
[stressed][7/7] Stage 2: grid search around θ* on true simulator (32 sims in ±10% box)
    stage-2 sim 10/33  (best so far 31.7766)
    stage-2 sim 20/33  (best so far 31.7766)
    stage-2 sim 30/33  (best so far 31.1644)
      stage-2 best TRUE loss: 31.1644  (surrogate-predicted 32.0763)  [249s → /Users/siddharth/Desktop/GitHub/mscthesis_abm/output/calibration_stage2_stressed.csv]
[stressed][8/7] Validating at stage-2 optimum

    moment                    target     simulator       |s-t|   |s-t|/s_i
    ret_std                   0.0018        0.0022      0.0003        2.13
    ret_kurtosis             34.7549       54.7453     19.9904  (diag)
    acf_r_1                  -0.0053       -0.0920      0.0867       14.94
    acf_r_10                 -0.0024       -0.0007      0.0017        0.33
    acf_r_20                 -0.0057       -0.0020      0.0037        0.43
    acf_absr_1                0.2555        0.3082      0.0527        2.57
    acf_absr_5                0.2189        0.1508      0.0682        2.16
    acf_absr_10               0.2006        0.0775      0.1231        4.57
    acf_absr_20               0.2047        0.0419      0.1628        8.05
    hill_tail_index           3.1785        2.4860      0.6925        3.69
    ks_stat                   0.0000        0.1608      0.1608       18.04

    grouped Δ contributions (Franke-standardised, 5 in loss):
      ΔKS     = 18.0351   (mean sampling-SDs off)
      ΔV      = 2.1333   (mean sampling-SDs off)
      ΔACF1   = 5.2330   (mean sampling-SDs off)
      ΔACF2   = 4.3362   (mean sampling-SDs off)
      ΔHill   = 3.6936   (mean sampling-SDs off)

    validated true loss D(θ) at stage-2 θ: 33.4311

Saved output/calibrated_params.json (regimes: calm, stressed)
