
======================================================================
  CALIBRATING REGIME: calm  (HFABM 2-stage, bootstrap weights)
======================================================================
[calm][1/7] Franke weights from historical 1-min mid returns (200 block resamples × 390-bar blocks)
      per-moment empirical sampling SD s_i (Franke weights, 390-bar block bootstrap):
        KS    ks_stat            s_i=7.884e-03
        V     ret_std            s_i=8.848e-06
        ACF1  acf_r_1            s_i=3.207e-03
        ACF1  acf_r_10           s_i=2.899e-03
        ACF1  acf_r_20           s_i=2.876e-03
        ACF2  acf_absr_1         s_i=1.091e-02
        ACF2  acf_absr_5         s_i=1.045e-02
        ACF2  acf_absr_10        s_i=1.077e-02
        ACF2  acf_absr_20        s_i=9.830e-03
        Hill  hill_tail_index    s_i=7.689e-02
[calm][2/7] Initial LHS: 128 samples × 20 days × 4 seeds
  LHS 20/128
  LHS 40/128
  LHS 60/128
  LHS 80/128
  LHS 100/128
  LHS 120/128
      733s → /Users/siddharth/Desktop/GitHub/mscthesis_abm/output/calibration_lhs_calm.csv
[calm][3/7] Initial XGBoost surrogate training
      D(θ) surrogate (single regressor, n=128, label-clip cap=148.33): held-out R²=+0.88, Pearson r=+0.95
      UNREACHABLE targets (model-side gap — flag for design review):
        acf_absr_5             target +0.2543  LHS [+0.0020, +0.2031]  miss +0.0512
        acf_absr_10            target +0.2426  LHS [-0.0099, +0.1107]  miss +0.1320
        acf_absr_20            target +0.2167  LHS [-0.0027, +0.0900]  miss +0.1267
        ks_stat                target +0.0000  LHS [+0.1002, +0.3402]  miss +0.1002
[calm][4/7] Active-learning round 1/2: 32 new sims
    refine sim 5/32 (exploit 21 / explore 11)
    refine sim 10/32 (exploit 21 / explore 11)
    refine sim 15/32 (exploit 21 / explore 11)
    refine sim 20/32 (exploit 21 / explore 11)
    refine sim 25/32 (exploit 21 / explore 11)
    refine sim 30/32 (exploit 21 / explore 11)
      total samples now 160, 183s
      D(θ) surrogate (single regressor, n=160, label-clip cap=148.26): held-out R²=+0.74, Pearson r=+0.87
      UNREACHABLE targets (model-side gap — flag for design review):
        acf_absr_5             target +0.2543  LHS [+0.0020, +0.2031]  miss +0.0512
        acf_absr_10            target +0.2426  LHS [-0.0099, +0.1107]  miss +0.1320
        acf_absr_20            target +0.2167  LHS [-0.0027, +0.0900]  miss +0.1267
        ks_stat                target +0.0000  LHS [+0.1002, +0.3402]  miss +0.1002
[calm][5/7] Active-learning round 2/2: 32 new sims
    refine sim 5/32 (exploit 21 / explore 11)
    refine sim 10/32 (exploit 21 / explore 11)
    refine sim 15/32 (exploit 21 / explore 11)
    refine sim 20/32 (exploit 21 / explore 11)
    refine sim 25/32 (exploit 21 / explore 11)
    refine sim 30/32 (exploit 21 / explore 11)
      total samples now 192, 186s
      D(θ) surrogate (single regressor, n=192, label-clip cap=144.22): held-out R²=+0.86, Pearson r=+0.93
      UNREACHABLE targets (model-side gap — flag for design review):
        acf_absr_5             target +0.2543  LHS [+0.0020, +0.2031]  miss +0.0512
        acf_absr_10            target +0.2426  LHS [-0.0099, +0.1107]  miss +0.1320
        acf_absr_20            target +0.2167  LHS [-0.0027, +0.0900]  miss +0.1267
        ks_stat                target +0.0000  LHS [+0.1002, +0.3402]  miss +0.1002
[calm][6/7] Stage 1: surrogate optimum (pool argmin over Sobol candidates)
      surrogate-predicted D at stage-1 optimum: 47.1787
[calm][7/7] Stage 2: grid search around θ* on true simulator (32 sims in ±10% box)
    stage-2 sim 10/33  (best so far 48.0712)
    stage-2 sim 20/33  (best so far 48.0712)
    stage-2 sim 30/33  (best so far 47.7923)
      stage-2 best TRUE loss: 47.7923  (surrogate-predicted 47.1787)  [185s → /Users/siddharth/Desktop/GitHub/mscthesis_abm/output/calibration_stage2_calm.csv]
[calm][8/7] Validating at stage-2 optimum

    moment                    target     simulator       |s-t|   |s-t|/s_i
    ret_std                   0.0003        0.0003      0.0000        4.82
    ret_kurtosis             19.8656       19.0019      0.8637  (diag)
    acf_r_1                  -0.0023        0.0556      0.0579       18.05
    acf_r_10                 -0.0001        0.0018      0.0019        0.66
    acf_r_20                  0.0048        0.0045      0.0003        0.09
    acf_absr_1                0.2955        0.1688      0.1268       11.61
    acf_absr_5                0.2543        0.0707      0.1836       17.56
    acf_absr_10               0.2426        0.0686      0.1741       16.17
    acf_absr_20               0.2167        0.0479      0.1688       17.17
    hill_tail_index           2.9577        2.4329      0.5248        6.82
    ks_stat                   0.0000        0.1358      0.1358       17.23

    grouped Δ contributions (Franke-standardised, 5 in loss):
      ΔKS     = 17.2272   (mean sampling-SDs off)
      ΔV      = 4.8207   (mean sampling-SDs off)
      ΔACF1   = 6.2685   (mean sampling-SDs off)
      ΔACF2   = 15.6290   (mean sampling-SDs off)
      ΔHill   = 6.8247   (mean sampling-SDs off)

    validated true loss D(θ) at stage-2 θ: 50.7701

======================================================================
  CALIBRATING REGIME: stressed  (HFABM 2-stage, bootstrap weights)
======================================================================
[stressed][1/7] Franke weights from historical 1-min mid returns (200 block resamples × 390-bar blocks)
      per-moment empirical sampling SD s_i (Franke weights, 390-bar block bootstrap):
        KS    ks_stat            s_i=8.918e-03
        V     ret_std            s_i=1.575e-04
        ACF1  acf_r_1            s_i=5.807e-03
        ACF1  acf_r_10           s_i=5.276e-03
        ACF1  acf_r_20           s_i=8.475e-03
        ACF2  acf_absr_1         s_i=2.050e-02
        ACF2  acf_absr_5         s_i=3.156e-02
        ACF2  acf_absr_10        s_i=2.696e-02
        ACF2  acf_absr_20        s_i=2.022e-02
        Hill  hill_tail_index    s_i=1.875e-01
[stressed][2/7] Initial LHS: 128 samples × 20 days × 4 seeds
  LHS 20/128
  LHS 40/128
  LHS 60/128
  LHS 80/128
  LHS 100/128
  LHS 120/128
      1046s → /Users/siddharth/Desktop/GitHub/mscthesis_abm/output/calibration_lhs_stressed.csv
[stressed][3/7] Initial XGBoost surrogate training
      D(θ) surrogate (single regressor, n=128, label-clip cap=81.59): held-out R²=+0.88, Pearson r=+0.96
      UNREACHABLE targets (model-side gap — flag for design review):
        ret_kurtosis           target +34.7549  LHS [+46.5147, +3525.2676]  miss +11.7598
        acf_absr_5             target +0.2189  LHS [+0.0010, +0.1594]  miss +0.0595
        acf_absr_10            target +0.2006  LHS [-0.0090, +0.1625]  miss +0.0381
        acf_absr_20            target +0.2047  LHS [-0.0061, +0.0582]  miss +0.1465
        hill_tail_index        target +3.1785  LHS [+0.7568, +2.6721]  miss +0.5064
        ks_stat                target +0.0000  LHS [+0.1197, +0.4380]  miss +0.1197
[stressed][4/7] Active-learning round 1/2: 32 new sims
    refine sim 5/32 (exploit 21 / explore 11)
    refine sim 10/32 (exploit 21 / explore 11)
    refine sim 15/32 (exploit 21 / explore 11)
    refine sim 20/32 (exploit 21 / explore 11)
    refine sim 25/32 (exploit 21 / explore 11)
    refine sim 30/32 (exploit 21 / explore 11)
      total samples now 160, 259s
      D(θ) surrogate (single regressor, n=160, label-clip cap=78.87): held-out R²=+0.93, Pearson r=+0.96
      UNREACHABLE targets (model-side gap — flag for design review):
        acf_absr_5             target +0.2189  LHS [+0.0010, +0.1820]  miss +0.0369
        acf_absr_10            target +0.2006  LHS [-0.0090, +0.1625]  miss +0.0381
        acf_absr_20            target +0.2047  LHS [-0.0061, +0.0686]  miss +0.1361
        hill_tail_index        target +3.1785  LHS [+0.7568, +2.6721]  miss +0.5064
        ks_stat                target +0.0000  LHS [+0.1120, +0.4380]  miss +0.1120
[stressed][5/7] Active-learning round 2/2: 32 new sims
    refine sim 5/32 (exploit 21 / explore 11)
    refine sim 10/32 (exploit 21 / explore 11)
    refine sim 15/32 (exploit 21 / explore 11)
    refine sim 20/32 (exploit 21 / explore 11)
    refine sim 25/32 (exploit 21 / explore 11)
    refine sim 30/32 (exploit 21 / explore 11)
      total samples now 192, 261s
      D(θ) surrogate (single regressor, n=192, label-clip cap=77.42): held-out R²=+0.96, Pearson r=+0.98
      UNREACHABLE targets (model-side gap — flag for design review):
        acf_absr_5             target +0.2189  LHS [+0.0010, +0.1820]  miss +0.0369
        acf_absr_10            target +0.2006  LHS [-0.0090, +0.1625]  miss +0.0381
        acf_absr_20            target +0.2047  LHS [-0.0061, +0.0744]  miss +0.1303
        hill_tail_index        target +3.1785  LHS [+0.7568, +2.6721]  miss +0.5064
        ks_stat                target +0.0000  LHS [+0.1100, +0.4380]  miss +0.1100
[stressed][6/7] Stage 1: surrogate optimum (pool argmin over Sobol candidates)
      surrogate-predicted D at stage-1 optimum: 27.2849
[stressed][7/7] Stage 2: grid search around θ* on true simulator (32 sims in ±10% box)
    stage-2 sim 10/33  (best so far 26.2556)
    stage-2 sim 20/33  (best so far 25.4629)
    stage-2 sim 30/33  (best so far 25.4629)
      stage-2 best TRUE loss: 25.4629  (surrogate-predicted 27.2849)  [279s → /Users/siddharth/Desktop/GitHub/mscthesis_abm/output/calibration_stage2_stressed.csv]
[stressed][8/7] Validating at stage-2 optimum

    moment                    target     simulator       |s-t|   |s-t|/s_i
    ret_std                   0.0018        0.0016      0.0003        1.71
    ret_kurtosis             34.7549       54.7790     20.0241  (diag)
    acf_r_1                  -0.0053       -0.0327      0.0275        4.73
    acf_r_10                 -0.0024       -0.0073      0.0049        0.93
    acf_r_20                 -0.0057       -0.0007      0.0050        0.58
    acf_absr_1                0.2555        0.2655      0.0099        0.48
    acf_absr_5                0.2189        0.1388      0.0801        2.54
    acf_absr_10               0.2006        0.0883      0.1123        4.17
    acf_absr_20               0.2047        0.0460      0.1587        7.85
    hill_tail_index           3.1785        2.5391      0.6394        3.41
    ks_stat                   0.0000        0.1729      0.1729       19.39

    grouped Δ contributions (Franke-standardised, 5 in loss):
      ΔKS     = 19.3894   (mean sampling-SDs off)
      ΔV      = 1.7138   (mean sampling-SDs off)
      ΔACF1   = 2.0808   (mean sampling-SDs off)
      ΔACF2   = 3.7590   (mean sampling-SDs off)
      ΔHill   = 3.4104   (mean sampling-SDs off)

    validated true loss D(θ) at stage-2 θ: 30.3534

Saved output/calibrated_params.json (regimes: calm, stressed)
