
======================================================================
  CALIBRATING REGIME: calm  (HFABM 2-stage, bootstrap weights)
======================================================================
[calm][1/7] Franke weights from historical 1-min mid returns (200 block resamples × 390-bar blocks)
      per-moment empirical sampling SD s_i (Franke weights, 390-bar block bootstrap):
        V     ret_std            s_i=8.848e-06
        ACF1  acf_r_1            s_i=3.207e-03
        ACF1  acf_r_10           s_i=2.899e-03
        ACF1  acf_r_20           s_i=2.876e-03
        ACF2  acf_absr_1         s_i=1.091e-02
        ACF2  acf_absr_5         s_i=1.045e-02
        ACF2  acf_absr_10        s_i=1.077e-02
        ACF2  acf_absr_20        s_i=9.830e-03
        Hill  hill_tail_index    s_i=7.689e-02
[calm][2/7] Initial LHS: 128 samples × 20 days × 4 seeds
  LHS 20/128
  LHS 40/128
  LHS 60/128
  LHS 80/128
  LHS 100/128
  LHS 120/128
      731s → /Users/siddharth/Desktop/GitHub/mscthesis_abm/output/calibration_lhs_calm.csv
[calm][3/7] Initial XGBoost surrogate training
      D(θ) surrogate (single regressor, n=128, label-clip cap=125.30): held-out R²=+0.86, Pearson r=+0.95
      UNREACHABLE targets (model-side gap — flag for design review):
        acf_absr_5             target +0.2543  LHS [-0.0013, +0.1938]  miss +0.0605
        acf_absr_10            target +0.2426  LHS [-0.0045, +0.0979]  miss +0.1448
        acf_absr_20            target +0.2167  LHS [-0.0062, +0.0829]  miss +0.1338
        ks_stat                target +0.0000  LHS [+0.1138, +0.3350]  miss +0.1138
[calm][4/7] Active-learning round 1/2: 32 new sims
    refine sim 5/32 (exploit 21 / explore 11)
    refine sim 10/32 (exploit 21 / explore 11)
    refine sim 15/32 (exploit 21 / explore 11)
    refine sim 20/32 (exploit 21 / explore 11)
    refine sim 25/32 (exploit 21 / explore 11)
    refine sim 30/32 (exploit 21 / explore 11)
      total samples now 160, 184s
      D(θ) surrogate (single regressor, n=160, label-clip cap=112.94): held-out R²=+0.85, Pearson r=+0.94
      UNREACHABLE targets (model-side gap — flag for design review):
        acf_absr_5             target +0.2543  LHS [-0.0013, +0.1938]  miss +0.0605
        acf_absr_10            target +0.2426  LHS [-0.0045, +0.0979]  miss +0.1448
        acf_absr_20            target +0.2167  LHS [-0.0062, +0.0859]  miss +0.1308
        ks_stat                target +0.0000  LHS [+0.1127, +0.3350]  miss +0.1127
[calm][5/7] Active-learning round 2/2: 32 new sims
    refine sim 5/32 (exploit 21 / explore 11)
    refine sim 10/32 (exploit 21 / explore 11)
    refine sim 15/32 (exploit 21 / explore 11)
    refine sim 20/32 (exploit 21 / explore 11)
    refine sim 25/32 (exploit 21 / explore 11)
    refine sim 30/32 (exploit 21 / explore 11)
      total samples now 192, 181s
      D(θ) surrogate (single regressor, n=192, label-clip cap=110.13): held-out R²=+0.90, Pearson r=+0.95
      UNREACHABLE targets (model-side gap — flag for design review):
        acf_absr_5             target +0.2543  LHS [-0.0013, +0.1938]  miss +0.0605
        acf_absr_10            target +0.2426  LHS [-0.0045, +0.1134]  miss +0.1292
        acf_absr_20            target +0.2167  LHS [-0.0062, +0.0880]  miss +0.1287
        ks_stat                target +0.0000  LHS [+0.1127, +0.3350]  miss +0.1127
[calm][6/7] Stage 1: surrogate optimum (pool argmin over Sobol candidates)
      surrogate-predicted D at stage-1 optimum: 23.8764
[calm][7/7] Stage 2: grid search around θ* on true simulator (32 sims in ±10% box)
    stage-2 sim 10/33  (best so far 22.6003)
    stage-2 sim 20/33  (best so far 22.6003)
    stage-2 sim 30/33  (best so far 22.6003)
      stage-2 best TRUE loss: 22.6003  (surrogate-predicted 23.8764)  [196s → /Users/siddharth/Desktop/GitHub/mscthesis_abm/output/calibration_stage2_calm.csv]
[calm][8/7] Validating at stage-2 optimum

    moment                    target     simulator       |s-t|   |s-t|/s_i
    ret_std                   0.0003        0.0003      0.0000        4.67
    ret_kurtosis             19.8656        8.3351     11.5304  (diag)
    acf_r_1                  -0.0023        0.0464      0.0487       15.19
    acf_r_10                 -0.0001        0.0060      0.0061        2.12
    acf_r_20                  0.0048        0.0023      0.0025        0.87
    acf_absr_1                0.2955        0.1937      0.1018        9.33
    acf_absr_5                0.2543        0.1097      0.1446       13.83
    acf_absr_10               0.2426        0.0943      0.1483       13.77
    acf_absr_20               0.2167        0.0712      0.1454       14.79
    hill_tail_index           2.9577        2.8587      0.0990        1.29
    ks_stat                   0.0000        0.1790      0.1790       22.71

    grouped Δ contributions (Franke-standardised, 4 in loss):
      ΔV      = 4.6706   (mean sampling-SDs off)
      ΔACF1   = 6.0600   (mean sampling-SDs off)
      ΔACF2   = 12.9335   (mean sampling-SDs off)
      ΔHill   = 1.2870   (mean sampling-SDs off)

    validated true loss D(θ) at stage-2 θ: 24.9510

======================================================================
  CALIBRATING REGIME: stressed  (HFABM 2-stage, bootstrap weights)
======================================================================
[stressed][1/7] Franke weights from historical 1-min mid returns (200 block resamples × 390-bar blocks)
      per-moment empirical sampling SD s_i (Franke weights, 390-bar block bootstrap):
        V     ret_std            s_i=1.575e-04
        ACF1  acf_r_1            s_i=5.807e-03
        ACF1  acf_r_10           s_i=5.276e-03
        ACF1  acf_r_20           s_i=8.475e-03
        ACF2  acf_absr_1         s_i=2.050e-02
        ACF2  acf_absr_5         s_i=3.156e-02
        ACF2  acf_absr_10        s_i=2.696e-02
        ACF2  acf_absr_20        s_i=2.022e-02
        Hill  hill_tail_index    s_i=1.875e-01
[stressed][2/7] Initial LHS: 128 samples × 20 days × 4 seeds
  LHS 20/128
  LHS 40/128
  LHS 60/128
  LHS 80/128
  LHS 100/128
  LHS 120/128
      1041s → /Users/siddharth/Desktop/GitHub/mscthesis_abm/output/calibration_lhs_stressed.csv
[stressed][3/7] Initial XGBoost surrogate training
      D(θ) surrogate (single regressor, n=128, label-clip cap=47.61): held-out R²=+0.75, Pearson r=+0.87
      UNREACHABLE targets (model-side gap — flag for design review):
        ret_kurtosis           target +34.7549  LHS [+42.6317, +5202.0420]  miss +7.8768
        acf_absr_5             target +0.2189  LHS [+0.0016, +0.1830]  miss +0.0359
        acf_absr_10            target +0.2006  LHS [-0.0069, +0.0919]  miss +0.1086
        acf_absr_20            target +0.2047  LHS [-0.0073, +0.0757]  miss +0.1290
        hill_tail_index        target +3.1785  LHS [+0.8119, +2.5454]  miss +0.6332
        ks_stat                target +0.0000  LHS [+0.1064, +0.4370]  miss +0.1064
[stressed][4/7] Active-learning round 1/2: 32 new sims
    refine sim 5/32 (exploit 21 / explore 11)
    refine sim 10/32 (exploit 21 / explore 11)
    refine sim 15/32 (exploit 21 / explore 11)
    refine sim 20/32 (exploit 21 / explore 11)
    refine sim 25/32 (exploit 21 / explore 11)
    refine sim 30/32 (exploit 21 / explore 11)
      total samples now 160, 262s
      D(θ) surrogate (single regressor, n=160, label-clip cap=46.48): held-out R²=+0.81, Pearson r=+0.92
      UNREACHABLE targets (model-side gap — flag for design review):
        acf_absr_5             target +0.2189  LHS [+0.0016, +0.1830]  miss +0.0359
        acf_absr_10            target +0.2006  LHS [-0.0070, +0.0954]  miss +0.1052
        acf_absr_20            target +0.2047  LHS [-0.0073, +0.0757]  miss +0.1290
        hill_tail_index        target +3.1785  LHS [+0.8119, +2.5950]  miss +0.5836
        ks_stat                target +0.0000  LHS [+0.1064, +0.4370]  miss +0.1064
[stressed][5/7] Active-learning round 2/2: 32 new sims
    refine sim 5/32 (exploit 21 / explore 11)
    refine sim 10/32 (exploit 21 / explore 11)
    refine sim 15/32 (exploit 21 / explore 11)
    refine sim 20/32 (exploit 21 / explore 11)
    refine sim 25/32 (exploit 21 / explore 11)
    refine sim 30/32 (exploit 21 / explore 11)
      total samples now 192, 265s
      D(θ) surrogate (single regressor, n=192, label-clip cap=44.67): held-out R²=+0.91, Pearson r=+0.96
      UNREACHABLE targets (model-side gap — flag for design review):
        acf_absr_5             target +0.2189  LHS [+0.0016, +0.1881]  miss +0.0309
        acf_absr_10            target +0.2006  LHS [-0.0070, +0.1086]  miss +0.0920
        acf_absr_20            target +0.2047  LHS [-0.0073, +0.0787]  miss +0.1261
        hill_tail_index        target +3.1785  LHS [+0.8119, +2.6729]  miss +0.5056
        ks_stat                target +0.0000  LHS [+0.1064, +0.4370]  miss +0.1064
[stressed][6/7] Stage 1: surrogate optimum (pool argmin over Sobol candidates)
      surrogate-predicted D at stage-1 optimum: 11.4948
[stressed][7/7] Stage 2: grid search around θ* on true simulator (32 sims in ±10% box)
    stage-2 sim 10/33  (best so far 10.6519)
    stage-2 sim 20/33  (best so far 9.7655)
    stage-2 sim 30/33  (best so far 9.7655)
      stage-2 best TRUE loss: 9.7655  (surrogate-predicted 11.4948)  [283s → /Users/siddharth/Desktop/GitHub/mscthesis_abm/output/calibration_stage2_stressed.csv]
[stressed][8/7] Validating at stage-2 optimum

    moment                    target     simulator       |s-t|   |s-t|/s_i
    ret_std                   0.0018        0.0014      0.0005        2.99
    ret_kurtosis             34.7549       50.7050     15.9501  (diag)
    acf_r_1                  -0.0053       -0.0019      0.0034        0.59
    acf_r_10                 -0.0024       -0.0002      0.0022        0.41
    acf_r_20                 -0.0057       -0.0063      0.0006        0.07
    acf_absr_1                0.2555        0.2358      0.0198        0.96
    acf_absr_5                0.2189        0.1366      0.0823        2.61
    acf_absr_10               0.2006        0.0792      0.1214        4.50
    acf_absr_20               0.2047        0.0645      0.1402        6.93
    hill_tail_index           3.1785        2.4944      0.6841        3.65
    ks_stat                   0.0000        0.1864      0.1864       20.91

    grouped Δ contributions (Franke-standardised, 4 in loss):
      ΔV      = 2.9894   (mean sampling-SDs off)
      ΔACF1   = 0.3561   (mean sampling-SDs off)
      ΔACF2   = 3.7521   (mean sampling-SDs off)
      ΔHill   = 3.6491   (mean sampling-SDs off)

    validated true loss D(θ) at stage-2 θ: 10.7467

Saved output/calibrated_params.json (regimes: calm, stressed)
