
======================================================================
  CALIBRATING REGIME: calm  (HFABM 2-stage, bootstrap weights)
======================================================================
[calm][1/7] Franke weights from historical 1-min mid returns (200 block resamples × 390-bar blocks)
      per-moment empirical sampling SD s_i (Franke weights, 390-bar block bootstrap):
        KS    ks_stat            s_i=9.855e-03
        V     ret_std            s_i=9.321e-06
        ACF1  acf_r_1            s_i=3.118e-03
        ACF1  acf_r_5            s_i=2.858e-03
        ACF1  acf_r_10           s_i=2.958e-03
        ACF1  acf_r_20           s_i=2.755e-03
        ACF2  acf_absr_1         s_i=1.103e-02
        ACF2  acf_absr_5         s_i=1.038e-02
        ACF2  acf_absr_10        s_i=1.086e-02
        ACF2  acf_absr_20        s_i=1.049e-02
        Hill  hill_tail_index    s_i=7.064e-02
[calm][2/7] Initial LHS: 48 samples × 20 days × 2 seeds
  LHS 20/48
  LHS 40/48
      317s → /Users/siddharth/Desktop/GitHub/mscthesis_abm/output/calibration_lhs_calm.csv
[calm][3/7] Initial XGBoost surrogate training
      D(θ) surrogate (single regressor, n=48, label-clip cap=78.42): held-out R²=+0.55, Pearson r=+0.75
      UNREACHABLE targets (model-side gap — flag for design review):
        acf_absr_5             target +0.2543  LHS [+0.0155, +0.2119]  miss +0.0424
        acf_absr_10            target +0.2426  LHS [+0.0304, +0.1554]  miss +0.0872
        acf_absr_20            target +0.2167  LHS [+0.0207, +0.1303]  miss +0.0863
        ks_stat                target +0.0000  LHS [+0.1020, +0.2493]  miss +0.1020
[calm][4/7] Active-learning round 1/1: 12 new sims
    refine sim 5/12 (exploit 8 / explore 4)
    refine sim 10/12 (exploit 8 / explore 4)
      total samples now 60, 84s
      D(θ) surrogate (single regressor, n=60, label-clip cap=75.98): held-out R²=+0.81, Pearson r=+0.91
      UNREACHABLE targets (model-side gap — flag for design review):
        acf_absr_5             target +0.2543  LHS [+0.0155, +0.2119]  miss +0.0424
        acf_absr_10            target +0.2426  LHS [+0.0304, +0.1554]  miss +0.0872
        acf_absr_20            target +0.2167  LHS [+0.0207, +0.1303]  miss +0.0863
        ks_stat                target +0.0000  LHS [+0.1020, +0.2493]  miss +0.1020
[calm][5/7] Stage 1: surrogate optimum (pool argmin over Sobol candidates)
      surrogate-predicted D at stage-1 optimum: 43.4671
[calm][6/7] Stage 2: grid search around θ* on true simulator (8 sims in ±10% box)
      stage-2 best TRUE loss: 42.1258  (surrogate-predicted 43.4671)  [65s → /Users/siddharth/Desktop/GitHub/mscthesis_abm/output/calibration_stage2_calm.csv]
[calm][7/7] Validating at stage-2 optimum

    moment                    target     simulator       |s-t|   |s-t|/s_i
    ret_std                   0.0003        0.0004      0.0001        7.12
    ret_kurtosis             19.8656        6.7711     13.0944  (diag)
    acf_r_1                  -0.0023        0.0414      0.0438       14.05
    acf_r_5                  -0.0020        0.0064      0.0085        2.96
    acf_r_10                 -0.0001       -0.0020      0.0019        0.63
    acf_r_20                  0.0048        0.0027      0.0021        0.77
    acf_absr_1                0.2955        0.1461      0.1494       13.55
    acf_absr_5                0.2543        0.0903      0.1640       15.80
    acf_absr_10               0.2426        0.0871      0.1555       14.32
    acf_absr_20               0.2167        0.0719      0.1447       13.79
    hill_tail_index           2.9577        2.8781      0.0796        1.13
    ks_stat                   0.0000        0.1656      0.1656       16.80

    grouped Δ contributions (Franke-standardised, 5 in loss):
      ΔKS     = 16.8029   (mean sampling-SDs off)
      ΔV      = 7.1232   (mean sampling-SDs off)
      ΔACF1   = 4.6000   (mean sampling-SDs off)
      ΔACF2   = 14.3648   (mean sampling-SDs off)
      ΔHill   = 1.1262   (mean sampling-SDs off)

    validated true loss D(θ) at stage-2 θ: 44.0170

Saved output/calibrated_params.json (regimes now: calm merged with any prior)
