
======================================================================
  CALIBRATING REGIME: stressed  (HFABM 2-stage, bootstrap weights)
======================================================================
[stressed][1/7] Franke weights from historical 1-min mid returns (200 block resamples × 390-bar blocks)
      per-moment empirical sampling SD s_i (Franke weights, 390-bar block bootstrap):
        KS    ks_stat            s_i=8.918e-03
        V     ret_std            s_i=1.575e-04
        ACF1  acf_r_1            s_i=5.807e-03
        ACF1  acf_r_5            s_i=7.809e-03
        ACF1  acf_r_10           s_i=5.276e-03
        ACF1  acf_r_20           s_i=8.475e-03
        ACF2  acf_absr_1         s_i=2.050e-02
        ACF2  acf_absr_5         s_i=3.156e-02
        ACF2  acf_absr_10        s_i=2.696e-02
        ACF2  acf_absr_20        s_i=2.022e-02
        Hill  hill_tail_index    s_i=1.875e-01
[stressed][2/7] Initial LHS: 48 samples × 20 days × 2 seeds
  LHS 20/48
  LHS 40/48
      458s → /Users/siddharth/Desktop/GitHub/mscthesis_abm/output/calibration_lhs_stressed.csv
[stressed][3/7] Initial XGBoost surrogate training
      D(θ) surrogate (single regressor, n=48, label-clip cap=58.70): held-out R²=+0.53, Pearson r=+0.82
      UNREACHABLE targets (model-side gap — flag for design review):
        acf_absr_5             target +0.2189  LHS [+0.0143, +0.1706]  miss +0.0483
        acf_absr_10            target +0.2006  LHS [+0.0054, +0.1371]  miss +0.0635
        acf_absr_20            target +0.2047  LHS [-0.0059, +0.1034]  miss +0.1014
        hill_tail_index        target +3.1785  LHS [+1.3593, +2.7706]  miss +0.4079
        ks_stat                target +0.0000  LHS [+0.0418, +0.3896]  miss +0.0418
[stressed][4/7] Active-learning round 1/1: 12 new sims
    refine sim 5/12 (exploit 8 / explore 4)
    refine sim 10/12 (exploit 8 / explore 4)
      total samples now 60, 111s
      D(θ) surrogate (single regressor, n=60, label-clip cap=58.49): held-out R²=+0.77, Pearson r=+0.89
      UNREACHABLE targets (model-side gap — flag for design review):
        acf_absr_5             target +0.2189  LHS [+0.0143, +0.2078]  miss +0.0111
        acf_absr_10            target +0.2006  LHS [+0.0054, +0.1495]  miss +0.0510
        acf_absr_20            target +0.2047  LHS [-0.0059, +0.1127]  miss +0.0921
        hill_tail_index        target +3.1785  LHS [+1.3593, +2.9687]  miss +0.2098
        ks_stat                target +0.0000  LHS [+0.0374, +0.3896]  miss +0.0374
[stressed][5/7] Stage 1: surrogate optimum (pool argmin over Sobol candidates)
      surrogate-predicted D at stage-1 optimum: 14.7894
[stressed][6/7] Stage 2: grid search around θ* on true simulator (8 sims in ±10% box)
      stage-2 best TRUE loss: 12.9099  (surrogate-predicted 14.7894)  [81s → /Users/siddharth/Desktop/GitHub/mscthesis_abm/output/calibration_stage2_stressed.csv]
[stressed][7/7] Validating at stage-2 optimum

    moment                    target     simulator       |s-t|   |s-t|/s_i
    ret_std                   0.0018        0.0019      0.0000        0.25
    ret_kurtosis             34.7549       34.9589      0.2040  (diag)
    acf_r_1                  -0.0053       -0.0144      0.0091        1.57
    acf_r_5                  -0.0017       -0.0007      0.0010        0.13
    acf_r_10                 -0.0024       -0.0051      0.0027        0.52
    acf_r_20                 -0.0057       -0.0042      0.0015        0.18
    acf_absr_1                0.2555        0.2071      0.0484        2.36
    acf_absr_5                0.2189        0.1192      0.0998        3.16
    acf_absr_10               0.2006        0.1093      0.0913        3.39
    acf_absr_20               0.2047        0.0844      0.1203        5.95
    hill_tail_index           3.1785        2.6994      0.4791        2.56
    ks_stat                   0.0000        0.0600      0.0600        6.72

    grouped Δ contributions (Franke-standardised, 5 in loss):
      ΔKS     = 6.7234   (mean sampling-SDs off)
      ΔV      = 0.2515   (mean sampling-SDs off)
      ΔACF1   = 0.5969   (mean sampling-SDs off)
      ΔACF2   = 3.7143   (mean sampling-SDs off)
      ΔHill   = 2.5556   (mean sampling-SDs off)

    validated true loss D(θ) at stage-2 θ: 13.8417

Saved output/calibrated_params.json (regimes now: calm, stressed merged with any prior)
