
======================================================================
  CALIBRATING REGIME: calm  (HFABM 2-stage, bootstrap weights)
======================================================================
[calm][1/7] Franke weights from historical 1-min mid returns (200 block resamples × 390-bar blocks)
      per-moment empirical sampling SD s_i (Franke weights, 390-bar block bootstrap):
        KS    ks_stat            s_i=9.855e-03
        V     ret_std            s_i=9.321e-06
        ACF1  acf_r_1            s_i=3.118e-03
        ACF1  acf_r_5            s_i=2.858e-03
        ACF1  acf_r_10           s_i=2.958e-03
        ACF1  acf_r_20           s_i=2.755e-03
        ACF2  acf_absr_1         s_i=1.103e-02
        ACF2  acf_absr_5         s_i=1.038e-02
        ACF2  acf_absr_10        s_i=1.086e-02
        ACF2  acf_absr_20        s_i=1.049e-02
        Hill  hill_tail_index    s_i=7.064e-02
[calm][2/7] Initial LHS: 48 samples × 20 days × 2 seeds
  LHS 20/48
  LHS 40/48
      328s → /Users/siddharth/Desktop/GitHub/mscthesis_abm/output/calibration_lhs_calm.csv
[calm][3/7] Initial XGBoost surrogate training
      D(θ) surrogate (single regressor, n=48, label-clip cap=63.53): held-out R²=+0.04, Pearson r=+0.32
      UNREACHABLE targets (model-side gap — flag for design review):
        acf_r_5                target -0.0020  LHS [+0.0023, +0.0424]  miss +0.0043
        acf_absr_1             target +0.2955  LHS [+0.1211, +0.2255]  miss +0.0700
        acf_absr_5             target +0.2543  LHS [+0.0135, +0.1529]  miss +0.1014
        acf_absr_10            target +0.2426  LHS [+0.0073, +0.1370]  miss +0.1056
        acf_absr_20            target +0.2167  LHS [+0.0174, +0.1200]  miss +0.0966
        hill_tail_index        target +2.9577  LHS [+1.7091, +2.7623]  miss +0.1954
        ks_stat                target +0.0000  LHS [+0.0986, +0.2318]  miss +0.0986
[calm][4/7] Active-learning round 1/1: 12 new sims
    refine sim 5/12 (exploit 8 / explore 4)
    refine sim 10/12 (exploit 8 / explore 4)
      total samples now 60, 84s
      D(θ) surrogate (single regressor, n=60, label-clip cap=62.66): held-out R²=+0.58, Pearson r=+0.76
      UNREACHABLE targets (model-side gap — flag for design review):
        acf_r_5                target -0.0020  LHS [+0.0023, +0.0424]  miss +0.0043
        acf_absr_1             target +0.2955  LHS [+0.1211, +0.2255]  miss +0.0700
        acf_absr_5             target +0.2543  LHS [+0.0135, +0.1529]  miss +0.1014
        acf_absr_10            target +0.2426  LHS [+0.0073, +0.1370]  miss +0.1056
        acf_absr_20            target +0.2167  LHS [+0.0174, +0.1200]  miss +0.0966
        hill_tail_index        target +2.9577  LHS [+1.6973, +2.7629]  miss +0.1948
        ks_stat                target +0.0000  LHS [+0.0986, +0.2318]  miss +0.0986
[calm][5/7] Stage 1: surrogate optimum (pool argmin over Sobol candidates)
      surrogate-predicted D at stage-1 optimum: 45.6024
[calm][6/7] Stage 2: grid search around θ* on true simulator (8 sims in ±10% box)
      stage-2 best TRUE loss: 43.2757  (surrogate-predicted 45.6024)  [62s → /Users/siddharth/Desktop/GitHub/mscthesis_abm/output/calibration_stage2_calm.csv]
[calm][7/7] Validating at stage-2 optimum

    moment                    target     simulator       |s-t|   |s-t|/s_i
    ret_std                   0.0003        0.0004      0.0001        7.42
    ret_kurtosis             19.8656       13.6636      6.2020  (diag)
    acf_r_1                  -0.0023        0.0292      0.0316       10.13
    acf_r_5                  -0.0020        0.0101      0.0121        4.25
    acf_r_10                 -0.0001        0.0064      0.0065        2.19
    acf_r_20                  0.0048       -0.0042      0.0090        3.27
    acf_absr_1                0.2955        0.1928      0.1027        9.31
    acf_absr_5                0.2543        0.1282      0.1261       12.15
    acf_absr_10               0.2426        0.1248      0.1178       10.85
    acf_absr_20               0.2167        0.1245      0.0922        8.78
    hill_tail_index           2.9577        2.6935      0.2641        3.74
    ks_stat                   0.0000        0.1780      0.1780       18.06

    grouped Δ contributions (Franke-standardised, 5 in loss):
      ΔKS     = 18.0635   (mean sampling-SDs off)
      ΔV      = 7.4191   (mean sampling-SDs off)
      ΔACF1   = 4.9579   (mean sampling-SDs off)
      ΔACF2   = 10.2732   (mean sampling-SDs off)
      ΔHill   = 3.7389   (mean sampling-SDs off)

    validated true loss D(θ) at stage-2 θ: 44.4526

Saved output/calibrated_params.json (regimes now: calm merged with any prior)
