
======================================================================
  CALIBRATING REGIME: stressed  (HFABM 2-stage, bootstrap weights)
======================================================================
[stressed][1/7] Franke weights from historical 1-min mid returns (200 block resamples × 390-bar blocks)
      per-moment empirical sampling SD s_i (Franke weights, 390-bar block bootstrap):
        KS    ks_stat            s_i=8.918e-03
        V     ret_std            s_i=1.575e-04
        ACF1  acf_r_1            s_i=5.807e-03
        ACF1  acf_r_5            s_i=7.809e-03
        ACF1  acf_r_10           s_i=5.276e-03
        ACF1  acf_r_20           s_i=8.475e-03
        ACF2  acf_absr_1         s_i=2.050e-02
        ACF2  acf_absr_5         s_i=3.156e-02
        ACF2  acf_absr_10        s_i=2.696e-02
        ACF2  acf_absr_20        s_i=2.022e-02
        Hill  hill_tail_index    s_i=1.875e-01
[stressed][2/7] Initial LHS: 48 samples × 20 days × 2 seeds
  LHS 20/48
  LHS 40/48
      440s → /Users/siddharth/Desktop/GitHub/mscthesis_abm/output/calibration_lhs_stressed.csv
[stressed][3/7] Initial XGBoost surrogate training
      D(θ) surrogate (single regressor, n=48, label-clip cap=57.10): held-out R²=+0.45, Pearson r=+0.75
      UNREACHABLE targets (model-side gap — flag for design review):
        ret_kurtosis           target +34.7549  LHS [+123.2596, +766.4080]  miss +88.5047
        acf_absr_5             target +0.2189  LHS [+0.0052, +0.1127]  miss +0.1063
        acf_absr_10            target +0.2006  LHS [+0.0047, +0.1005]  miss +0.1001
        acf_absr_20            target +0.2047  LHS [-0.0014, +0.0841]  miss +0.1206
        hill_tail_index        target +3.1785  LHS [+1.1534, +2.0085]  miss +1.1700
        ks_stat                target +0.0000  LHS [+0.1342, +0.3906]  miss +0.1342
[stressed][4/7] Active-learning round 1/1: 12 new sims
    refine sim 5/12 (exploit 8 / explore 4)
    refine sim 10/12 (exploit 8 / explore 4)
      total samples now 60, 105s
      D(θ) surrogate (single regressor, n=60, label-clip cap=56.68): held-out R²=+0.84, Pearson r=+0.93
      UNREACHABLE targets (model-side gap — flag for design review):
        ret_kurtosis           target +34.7549  LHS [+112.2203, +766.4080]  miss +77.4654
        acf_absr_5             target +0.2189  LHS [+0.0052, +0.1485]  miss +0.0704
        acf_absr_10            target +0.2006  LHS [+0.0047, +0.1005]  miss +0.1001
        acf_absr_20            target +0.2047  LHS [-0.0014, +0.0841]  miss +0.1206
        hill_tail_index        target +3.1785  LHS [+1.1534, +2.0085]  miss +1.1700
        ks_stat                target +0.0000  LHS [+0.1068, +0.3906]  miss +0.1068
[stressed][5/7] Stage 1: surrogate optimum (pool argmin over Sobol candidates)
      surrogate-predicted D at stage-1 optimum: 28.0766
[stressed][6/7] Stage 2: grid search around θ* on true simulator (8 sims in ±10% box)
      stage-2 best TRUE loss: 26.3995  (surrogate-predicted 28.0766)  [79s → /Users/siddharth/Desktop/GitHub/mscthesis_abm/output/calibration_stage2_stressed.csv]
[stressed][7/7] Validating at stage-2 optimum

    moment                    target     simulator       |s-t|   |s-t|/s_i
    ret_std                   0.0018        0.0017      0.0001        0.60
    ret_kurtosis             34.7549       93.8882     59.1333  (diag)
    acf_r_1                  -0.0053        0.0158      0.0211        3.64
    acf_r_5                  -0.0017        0.0173      0.0190        2.43
    acf_r_10                 -0.0024        0.0013      0.0037        0.70
    acf_r_20                 -0.0057       -0.0047      0.0009        0.11
    acf_absr_1                0.2555        0.2287      0.0269        1.31
    acf_absr_5                0.2189        0.0847      0.1343        4.25
    acf_absr_10               0.2006        0.0555      0.1450        5.38
    acf_absr_20               0.2047        0.0536      0.1511        7.47
    hill_tail_index           3.1785        1.9084      1.2701        6.77
    ks_stat                   0.0000        0.1273      0.1273       14.28

    grouped Δ contributions (Franke-standardised, 5 in loss):
      ΔKS     = 14.2769   (mean sampling-SDs off)
      ΔV      = 0.6042   (mean sampling-SDs off)
      ΔACF1   = 1.7209   (mean sampling-SDs off)
      ΔACF2   = 4.6042   (mean sampling-SDs off)
      ΔHill   = 6.7743   (mean sampling-SDs off)

    validated true loss D(θ) at stage-2 θ: 27.9804

Saved output/calibrated_params.json (regimes now: calm, stressed merged with any prior)
