
======================================================================
  CALIBRATING REGIME: calm  (HFABM 2-stage, bootstrap weights)
======================================================================
[calm][1/7] Franke weights from historical 1-min mid returns (200 block resamples × 390-bar blocks)
      per-moment empirical sampling SD s_i (Franke weights, 390-bar block bootstrap):
        KS    ks_stat            s_i=9.855e-03
        V     ret_std            s_i=9.321e-06
        ACF1  acf_r_1            s_i=3.118e-03
        ACF1  acf_r_5            s_i=2.858e-03
        ACF1  acf_r_10           s_i=2.958e-03
        ACF1  acf_r_20           s_i=2.755e-03
        ACF2  acf_absr_1         s_i=1.103e-02
        ACF2  acf_absr_5         s_i=1.038e-02
        ACF2  acf_absr_10        s_i=1.086e-02
        ACF2  acf_absr_20        s_i=1.049e-02
        Hill  hill_tail_index    s_i=7.064e-02
[calm][2/7] Initial LHS: 48 samples × 20 days × 2 seeds
  LHS 20/48
  LHS 40/48
      326s → /Users/siddharth/Desktop/GitHub/mscthesis_abm/output/calibration_lhs_calm.csv
[calm][3/7] Initial XGBoost surrogate training
      D(θ) surrogate (single regressor, n=48, label-clip cap=75.32): held-out R²=+0.65, Pearson r=+0.82
      UNREACHABLE targets (model-side gap — flag for design review):
        ret_std                target +0.0003  LHS [+0.0003, +0.0008]  miss +0.0000
        acf_absr_5             target +0.2543  LHS [+0.0211, +0.1647]  miss +0.0896
        acf_absr_10            target +0.2426  LHS [+0.0393, +0.1463]  miss +0.0963
        acf_absr_20            target +0.2167  LHS [+0.0235, +0.1296]  miss +0.0871
        ks_stat                target +0.0000  LHS [+0.0948, +0.2408]  miss +0.0948
[calm][4/7] Active-learning round 1/1: 12 new sims
    refine sim 5/12 (exploit 8 / explore 4)
    refine sim 10/12 (exploit 8 / explore 4)
      total samples now 60, 84s
      D(θ) surrogate (single regressor, n=60, label-clip cap=77.85): held-out R²=+0.78, Pearson r=+0.91
      UNREACHABLE targets (model-side gap — flag for design review):
        ret_std                target +0.0003  LHS [+0.0003, +0.0008]  miss +0.0000
        acf_absr_5             target +0.2543  LHS [+0.0211, +0.1647]  miss +0.0896
        acf_absr_10            target +0.2426  LHS [+0.0393, +0.1463]  miss +0.0963
        acf_absr_20            target +0.2167  LHS [+0.0235, +0.1296]  miss +0.0871
        ks_stat                target +0.0000  LHS [+0.0948, +0.2408]  miss +0.0948
[calm][5/7] Stage 1: surrogate optimum (pool argmin over Sobol candidates)
      surrogate-predicted D at stage-1 optimum: 42.3410
[calm][6/7] Stage 2: grid search around θ* on true simulator (8 sims in ±10% box)
      stage-2 best TRUE loss: 40.2263  (surrogate-predicted 42.3410)  [66s → /Users/siddharth/Desktop/GitHub/mscthesis_abm/output/calibration_stage2_calm.csv]
[calm][7/7] Validating at stage-2 optimum

    moment                    target     simulator       |s-t|   |s-t|/s_i
    ret_std                   0.0003        0.0004      0.0001        8.03
    ret_kurtosis             19.8656        7.3307     12.5349  (diag)
    acf_r_1                  -0.0023        0.0207      0.0230        7.39
    acf_r_5                  -0.0020        0.0026      0.0047        1.64
    acf_r_10                 -0.0001        0.0048      0.0049        1.65
    acf_r_20                  0.0048        0.0070      0.0022        0.80
    acf_absr_1                0.2955        0.1759      0.1197       10.85
    acf_absr_5                0.2543        0.1101      0.1442       13.89
    acf_absr_10               0.2426        0.0947      0.1479       13.62
    acf_absr_20               0.2167        0.0883      0.1283       12.23
    hill_tail_index           2.9577        3.0397      0.0820        1.16
    ks_stat                   0.0000        0.1674      0.1674       16.99

    grouped Δ contributions (Franke-standardised, 5 in loss):
      ΔKS     = 16.9855   (mean sampling-SDs off)
      ΔV      = 8.0336   (mean sampling-SDs off)
      ΔACF1   = 2.8691   (mean sampling-SDs off)
      ΔACF2   = 12.6484   (mean sampling-SDs off)
      ΔHill   = 1.1611   (mean sampling-SDs off)

    validated true loss D(θ) at stage-2 θ: 41.6976

Saved output/calibrated_params.json (regimes now: calm merged with any prior)
