
======================================================================
  CALIBRATING REGIME: calm  (HFABM 2-stage, bootstrap weights)
======================================================================
[calm][1/7] Franke weights from historical 1-min mid returns (200 block resamples × 390-bar blocks)
      per-moment empirical sampling SD s_i (Franke weights, 390-bar block bootstrap):
        KS    ks_stat            s_i=9.855e-03
        V     ret_std            s_i=9.321e-06
        ACF1  acf_r_1            s_i=3.118e-03
        ACF1  acf_r_5            s_i=2.858e-03
        ACF1  acf_r_10           s_i=2.958e-03
        ACF1  acf_r_20           s_i=2.755e-03
        ACF2  acf_absr_1         s_i=1.103e-02
        ACF2  acf_absr_5         s_i=1.038e-02
        ACF2  acf_absr_10        s_i=1.086e-02
        ACF2  acf_absr_20        s_i=1.049e-02
        Hill  hill_tail_index    s_i=7.064e-02
[calm][2/7] Initial LHS: 48 samples × 20 days × 2 seeds
  LHS 20/48
  LHS 40/48
      382s → /Users/siddharth/Desktop/GitHub/mscthesis_abm/output/calibration_lhs_calm.csv
[calm][3/7] Initial XGBoost surrogate training
      D(θ) surrogate (single regressor, n=48, label-clip cap=65.48): held-out R²=+0.19, Pearson r=+0.48
      UNREACHABLE targets (model-side gap — flag for design review):
        acf_absr_1             target +0.2955  LHS [+0.0916, +0.2625]  miss +0.0330
        acf_absr_5             target +0.2543  LHS [+0.0148, +0.1533]  miss +0.1010
        acf_absr_10            target +0.2426  LHS [+0.0218, +0.1184]  miss +0.1242
        acf_absr_20            target +0.2167  LHS [+0.0151, +0.1015]  miss +0.1151
        ks_stat                target +0.0000  LHS [+0.0878, +0.2235]  miss +0.0878
[calm][4/7] Active-learning round 1/1: 12 new sims
    refine sim 5/12 (exploit 8 / explore 4)
    refine sim 10/12 (exploit 8 / explore 4)
      total samples now 60, 99s
      D(θ) surrogate (single regressor, n=60, label-clip cap=64.14): held-out R²=+0.62, Pearson r=+0.83
      UNREACHABLE targets (model-side gap — flag for design review):
        acf_absr_1             target +0.2955  LHS [+0.0916, +0.2625]  miss +0.0330
        acf_absr_5             target +0.2543  LHS [+0.0148, +0.1533]  miss +0.1010
        acf_absr_10            target +0.2426  LHS [+0.0218, +0.1192]  miss +0.1235
        acf_absr_20            target +0.2167  LHS [+0.0151, +0.1015]  miss +0.1151
        ks_stat                target +0.0000  LHS [+0.0878, +0.2235]  miss +0.0878
[calm][5/7] Stage 1: surrogate optimum (pool argmin over Sobol candidates)
      surrogate-predicted D at stage-1 optimum: 43.7295
[calm][6/7] Stage 2: grid search around θ* on true simulator (8 sims in ±10% box)
      stage-2 best TRUE loss: 41.4927  (surrogate-predicted 43.7295)  [72s → /Users/siddharth/Desktop/GitHub/mscthesis_abm/output/calibration_stage2_calm.csv]
[calm][7/7] Validating at stage-2 optimum

    moment                    target     simulator       |s-t|   |s-t|/s_i
    ret_std                   0.0003        0.0004      0.0001       10.93
    ret_kurtosis             19.8656        8.8817     10.9839  (diag)
    acf_r_1                  -0.0023        0.0038      0.0061        1.96
    acf_r_5                  -0.0020        0.0040      0.0060        2.10
    acf_r_10                 -0.0001        0.0053      0.0054        1.82
    acf_r_20                  0.0048        0.0047      0.0001        0.05
    acf_absr_1                0.2955        0.1636      0.1320       11.97
    acf_absr_5                0.2543        0.1161      0.1382       13.31
    acf_absr_10               0.2426        0.1084      0.1342       12.36
    acf_absr_20               0.2167        0.0827      0.1340       12.77
    hill_tail_index           2.9577        2.8493      0.1084        1.53
    ks_stat                   0.0000        0.1765      0.1765       17.91

    grouped Δ contributions (Franke-standardised, 5 in loss):
      ΔKS     = 17.9135   (mean sampling-SDs off)
      ΔV      = 10.9272   (mean sampling-SDs off)
      ΔACF1   = 1.4833   (mean sampling-SDs off)
      ΔACF2   = 12.6002   (mean sampling-SDs off)
      ΔHill   = 1.5344   (mean sampling-SDs off)

    validated true loss D(θ) at stage-2 θ: 44.4584

Saved output/calibrated_params.json (regimes now: calm merged with any prior)
