[12:40:27] === D65 re-lock start (zi_mu in loop; evidence-tightened boxes; FV_GBM=0) ===
[12:40:27] GRID calm  n_per_dim=5  (n_days=20, n_runs=3)
[14:44:51] GRID calm  DONE in 124 min -> output/relock/grid_calm.json
[14:44:51] GRID stressed  n_per_dim=4  (n_days=20, n_runs=3)
[19:40:00] GRID stressed  DONE in 295 min -> output/relock/grid_stressed.json
[19:40:00] FRESH-SEED VALIDATION calm (top-5 nodes, 2 fresh common seed sets)
[19:42:17] FRESH calm  DONE in 2 min
[19:42:17] FRESH-SEED VALIDATION stressed (top-5 nodes, 2 fresh common seed sets)
[19:45:24] FRESH stressed  DONE in 3 min
[19:45:24] SURROGATE calm  (160 LHS, 20d, 6 seeds, 2 refine, 32/round, 32 stage-2)
[21:29:13] SURROGATE calm  DONE in 103 min -> output/relock/sur_calm.json
[21:29:13] SURROGATE stressed  (160 LHS, 20d, 6 seeds, 2 refine, 32/round, 32 stage-2)
[23:57:04] SURROGATE stressed  DONE in 147 min -> output/relock/sur_stressed.json
[23:57:04] === done in 676 min — results in output/relock/ ===
[23:57:04] Review grid vs surrogate vs fresh-seed agreement, then copy the chosen
[23:57:04] optimum into globals.CALIBRATED (the D60 record stays in output/baseline_grid/).
[01:10:32] === D65 re-lock start (zi_mu in loop; evidence-tightened boxes; FV_GBM=0) ===
[01:10:32] GRID calm  n_per_dim=5  (n_days=20, n_runs=3)
[03:21:51] GRID calm  DONE in 131 min -> output/relock/grid_calm.json
[03:21:51] GRID stressed  n_per_dim=4  (n_days=20, n_runs=3)
[08:23:22] GRID stressed  DONE in 301 min -> output/relock/grid_stressed.json
[08:23:22] FRESH-SEED VALIDATION calm (top-5 nodes, 2 fresh common seed sets)
[08:25:52] FRESH calm  DONE in 2 min
[08:25:52] FRESH-SEED VALIDATION stressed (top-5 nodes, 2 fresh common seed sets)
[08:29:11] FRESH stressed  DONE in 3 min
[08:29:11] SURROGATE calm  (160 LHS, 20d, 6 seeds, 2 refine, 32/round, 32 stage-2)
[10:18:27] SURROGATE calm  DONE in 109 min -> output/relock/sur_calm.json
[10:18:27] SURROGATE stressed  (160 LHS, 20d, 6 seeds, 2 refine, 32/round, 32 stage-2)
[12:50:54] SURROGATE stressed  DONE in 152 min -> output/relock/sur_stressed.json
[12:50:54] === done in 700 min — results in output/relock/ ===
[12:50:54] Review grid vs surrogate vs fresh-seed agreement, then copy the chosen
[12:50:54] optimum into globals.CALIBRATED (the D60 record stays in output/baseline_grid/).
[23:43:48] === D65 re-lock start (zi_mu in loop; evidence-tightened boxes; FV_GBM=0) ===
[23:43:48] GRID calm  n_per_dim=5  (n_days=20, n_runs=3)
[01:42:10] GRID calm  DONE in 118 min -> output/relock/grid_calm.json
[01:42:10] GRID stressed  n_per_dim=4  (n_days=20, n_runs=3)
[06:24:26] GRID stressed  DONE in 282 min -> output/relock/grid_stressed.json
[06:24:26] FRESH-SEED VALIDATION calm (top-5 nodes, 2 fresh common seed sets)
[06:26:51] FRESH calm  DONE in 2 min
[06:26:51] FRESH-SEED VALIDATION stressed (top-5 nodes, 2 fresh common seed sets)
[06:29:51] FRESH stressed  DONE in 3 min
[06:29:51] SURROGATE calm  (160 LHS, 20d, 6 seeds, 2 refine, 32/round, 32 stage-2)
[08:10:25] SURROGATE calm  DONE in 100 min -> output/relock/sur_calm.json
[08:10:25] SURROGATE stressed  (160 LHS, 20d, 6 seeds, 2 refine, 32/round, 32 stage-2)
[10:33:23] SURROGATE stressed  DONE in 142 min -> output/relock/sur_stressed.json
[10:33:23] === done in 649 min — results in output/relock/ ===
[10:33:23] Review grid vs surrogate vs fresh-seed agreement, then copy the chosen
[10:33:23] optimum into globals.CALIBRATED (the D60 record stays in output/baseline_grid/).
[23:20:23] === D65 re-lock start (zi_mu in loop; evidence-tightened boxes; FV_GBM=0) ===
[23:20:23] GRID calm  n_per_dim=5  (n_days=20, n_runs=3)
[01:34:19] GRID calm  DONE in 133 min -> output/relock/grid_calm.json
[01:34:19] GRID stressed  n_per_dim=4  (n_days=20, n_runs=3)
[06:42:38] GRID stressed  DONE in 308 min -> output/relock/grid_stressed.json
[06:42:38] FRESH-SEED VALIDATION calm (top-5 nodes, 2 fresh common seed sets)
[06:45:14] FRESH calm  DONE in 2 min
[06:45:14] FRESH-SEED VALIDATION stressed (top-5 nodes, 2 fresh common seed sets)
[06:48:28] FRESH stressed  DONE in 3 min
[06:48:28] SURROGATE calm  (160 LHS, 20d, 6 seeds, 2 refine, 32/round, 32 stage-2)
[08:36:35] SURROGATE calm  DONE in 108 min -> output/relock/sur_calm.json
[08:36:35] SURROGATE stressed  (160 LHS, 20d, 6 seeds, 2 refine, 32/round, 32 stage-2)
[11:15:21] SURROGATE stressed  DONE in 158 min -> output/relock/sur_stressed.json
[11:15:22] === done in 714 min — results in output/relock/ ===
[11:15:22] Review grid vs surrogate vs fresh-seed agreement, then copy the chosen
[11:15:22] optimum into globals.CALIBRATED (the D60 record stays in output/baseline_grid/).
