
======================================================================
  CALIBRATING REGIME: stressed  (HFABM 2-stage, bootstrap weights)
======================================================================
[stressed][1/8] Franke weights from historical 1-min mid returns (200 block resamples × 390-bar blocks)
      per-moment empirical sampling SD s_i (Franke weights, 390-bar block bootstrap):
        KS    ks_stat            s_i=8.918e-03
        V     ret_std            s_i=1.575e-04
        ACF1  acf_r_1            s_i=5.807e-03
        ACF1  acf_r_5            s_i=7.809e-03
        ACF1  acf_r_10           s_i=5.276e-03
        ACF1  acf_r_20           s_i=8.475e-03
        ACF2  acf_absr_1         s_i=2.050e-02
        ACF2  acf_absr_5         s_i=3.156e-02
        ACF2  acf_absr_10        s_i=2.696e-02
        ACF2  acf_absr_20        s_i=2.022e-02
        Hill  hill_tail_index    s_i=1.875e-01
[stressed][2/8] Initial LHS: 224 samples × 20 days × 3 seeds
  LHS 20/224
  LHS 40/224
  LHS 60/224
  LHS 80/224
  LHS 100/224
  LHS 120/224
  LHS 140/224
  LHS 160/224
  LHS 180/224
  LHS 200/224
  LHS 220/224
      2967s → /Users/siddharth/Desktop/GitHub/mscthesis_abm/output/calibration_lhs_stressed.csv
[stressed][3/8] Initial XGBoost surrogate training
      D(θ) surrogate (single regressor, n=224, label-clip cap=76.06): held-out R²=+0.87, Pearson r=+0.95
      UNREACHABLE targets (model-side gap — flag for design review):
        ret_kurtosis           target +34.7549  LHS [+39.3856, +1384.6940]  miss +4.6307
        acf_absr_10            target +0.2006  LHS [-0.0281, +0.1295]  miss +0.0711
        acf_absr_20            target +0.2047  LHS [-0.0158, +0.0972]  miss +0.1076
        hill_tail_index        target +3.1785  LHS [+0.7673, +3.0766]  miss +0.1019
        ks_stat                target +0.0000  LHS [+0.0323, +0.4806]  miss +0.0323
[stressed][4/8] Active-learning round 1/2: 40 new sims
    refine sim 5/40 (exploit 27 / explore 13)
    refine sim 10/40 (exploit 27 / explore 13)
    refine sim 15/40 (exploit 27 / explore 13)
    refine sim 20/40 (exploit 27 / explore 13)
    refine sim 25/40 (exploit 27 / explore 13)
    refine sim 30/40 (exploit 27 / explore 13)
    refine sim 35/40 (exploit 27 / explore 13)
    refine sim 40/40 (exploit 27 / explore 13)
      total samples now 264, 568s
      D(θ) surrogate (single regressor, n=264, label-clip cap=74.77): held-out R²=+0.85, Pearson r=+0.94
      UNREACHABLE targets (model-side gap — flag for design review):
        acf_absr_10            target +0.2006  LHS [-0.0281, +0.1640]  miss +0.0366
        acf_absr_20            target +0.2047  LHS [-0.0158, +0.1402]  miss +0.0645
        hill_tail_index        target +3.1785  LHS [+0.7673, +3.0766]  miss +0.1019
        ks_stat                target +0.0000  LHS [+0.0323, +0.4806]  miss +0.0323
[stressed][5/8] Active-learning round 2/2: 40 new sims
    refine sim 5/40 (exploit 27 / explore 13)
    refine sim 10/40 (exploit 27 / explore 13)
    refine sim 15/40 (exploit 27 / explore 13)
    refine sim 20/40 (exploit 27 / explore 13)
    refine sim 25/40 (exploit 27 / explore 13)
    refine sim 30/40 (exploit 27 / explore 13)
    refine sim 35/40 (exploit 27 / explore 13)
    refine sim 40/40 (exploit 27 / explore 13)
      total samples now 304, 567s
      D(θ) surrogate (single regressor, n=304, label-clip cap=74.70): held-out R²=+0.93, Pearson r=+0.96
      UNREACHABLE targets (model-side gap — flag for design review):
        acf_absr_10            target +0.2006  LHS [-0.0281, +0.1646]  miss +0.0360
        acf_absr_20            target +0.2047  LHS [-0.0158, +0.1405]  miss +0.0643
        ks_stat                target +0.0000  LHS [+0.0312, +0.4806]  miss +0.0312
[stressed][6/8] Stage 1: surrogate optimum (pool argmin over Sobol candidates)
      surrogate-predicted D at stage-1 optimum: 13.8710
[stressed][7/8] Stage 2: grid search around θ* on true simulator (32 sims in ±10% box)
    stage-2 sim 10/33  (best so far 11.9594)
    stage-2 sim 20/33  (best so far 11.1765)
    stage-2 sim 30/33  (best so far 10.0771)
      stage-2 best TRUE loss: 10.0771  (surrogate-predicted 13.8710)  [477s → /Users/siddharth/Desktop/GitHub/mscthesis_abm/output/calibration_stage2_stressed.csv]
[stressed][8/8] Validating at stage-2 optimum

    moment                    target     simulator       |s-t|   |s-t|/s_i
    ret_std                   0.0018        0.0020      0.0002        1.15
    ret_kurtosis             34.7549       96.1643     61.4094  (diag)
    acf_r_1                  -0.0053       -0.0506      0.0453        7.80
    acf_r_5                  -0.0017       -0.0080      0.0063        0.80
    acf_r_10                 -0.0024       -0.0056      0.0032        0.62
    acf_r_20                 -0.0057       -0.0041      0.0016        0.19
    acf_absr_1                0.2555        0.2533      0.0022        0.11
    acf_absr_5                0.2189        0.1407      0.0782        2.48
    acf_absr_10               0.2006        0.1228      0.0778        2.89
    acf_absr_20               0.2047        0.0982      0.1065        5.27
    hill_tail_index           3.1785        2.9571      0.2215        1.18
    ks_stat                   0.0000        0.0581      0.0581        6.52

    grouped Δ contributions (Franke-standardised, 5 in loss):
      ΔKS     = 6.5155   (mean sampling-SDs off)
      ΔV      = 1.1523   (mean sampling-SDs off)
      ΔACF1   = 2.3526   (mean sampling-SDs off)
      ΔACF2   = 2.6844   (mean sampling-SDs off)
      ΔHill   = 1.1812   (mean sampling-SDs off)

    validated true loss D(θ) at stage-2 θ: 13.8860

Saved output/calibrated_params.json (regimes now: stressed merged with any prior)
