
======================================================================
  CALIBRATING REGIME: calm  (HFABM 2-stage, bootstrap weights)
======================================================================
[calm][1/8] Franke weights from historical 1-min mid returns (200 block resamples × 390-bar blocks)
      per-moment empirical sampling SD s_i (Franke weights, 390-bar block bootstrap):
        KS    ks_stat            s_i=8.006e-03
        V     ret_std            s_i=8.821e-06
        ACF1  acf_r_1            s_i=3.184e-03
        ACF1  acf_r_5            s_i=3.037e-03
        ACF1  acf_r_10           s_i=2.827e-03
        ACF1  acf_r_20           s_i=2.638e-03
        ACF2  acf_absr_1         s_i=1.080e-02
        ACF2  acf_absr_5         s_i=1.062e-02
        ACF2  acf_absr_10        s_i=1.073e-02
        ACF2  acf_absr_20        s_i=1.068e-02
        Hill  hill_tail_index    s_i=6.734e-02
[calm][2/8] Initial LHS: 224 samples × 20 days × 3 seeds
  LHS 20/224
  LHS 40/224
  LHS 60/224
  LHS 80/224
  LHS 100/224
  LHS 120/224
  LHS 140/224
  LHS 160/224
  LHS 180/224
  LHS 200/224
  LHS 220/224
      2213s → /Users/siddharth/Desktop/GitHub/mscthesis_abm/output/calibration_lhs_calm.csv
[calm][3/8] Initial XGBoost surrogate training
      D(θ) surrogate (single regressor, n=224, label-clip cap=101.16): held-out R²=+0.71, Pearson r=+0.85
      UNREACHABLE targets (model-side gap — flag for design review):
        acf_absr_5             target +0.2543  LHS [-0.0252, +0.1941]  miss +0.0602
        acf_absr_10            target +0.2426  LHS [-0.0345, +0.1486]  miss +0.0940
        acf_absr_20            target +0.2167  LHS [-0.0277, +0.1373]  miss +0.0794
        ks_stat                target +0.0000  LHS [+0.0838, +0.3616]  miss +0.0838
[calm][4/8] Active-learning round 1/2: 40 new sims
    refine sim 5/40 (exploit 27 / explore 13)
    refine sim 10/40 (exploit 27 / explore 13)
    refine sim 15/40 (exploit 27 / explore 13)
    refine sim 20/40 (exploit 27 / explore 13)
    refine sim 25/40 (exploit 27 / explore 13)
    refine sim 30/40 (exploit 27 / explore 13)
    refine sim 35/40 (exploit 27 / explore 13)
    refine sim 40/40 (exploit 27 / explore 13)
      total samples now 264, 419s
      D(θ) surrogate (single regressor, n=264, label-clip cap=100.83): held-out R²=+0.68, Pearson r=+0.84
      UNREACHABLE targets (model-side gap — flag for design review):
        acf_absr_5             target +0.2543  LHS [-0.0252, +0.1998]  miss +0.0545
        acf_absr_10            target +0.2426  LHS [-0.0345, +0.1688]  miss +0.0738
        acf_absr_20            target +0.2167  LHS [-0.0277, +0.1373]  miss +0.0794
        ks_stat                target +0.0000  LHS [+0.0838, +0.3616]  miss +0.0838
[calm][5/8] Active-learning round 2/2: 40 new sims
    refine sim 5/40 (exploit 27 / explore 13)
    refine sim 10/40 (exploit 27 / explore 13)
    refine sim 15/40 (exploit 27 / explore 13)
    refine sim 20/40 (exploit 27 / explore 13)
    refine sim 25/40 (exploit 27 / explore 13)
    refine sim 30/40 (exploit 27 / explore 13)
    refine sim 35/40 (exploit 27 / explore 13)
    refine sim 40/40 (exploit 27 / explore 13)
      total samples now 304, 424s
      D(θ) surrogate (single regressor, n=304, label-clip cap=99.15): held-out R²=+0.79, Pearson r=+0.90
      UNREACHABLE targets (model-side gap — flag for design review):
        acf_absr_5             target +0.2543  LHS [-0.0252, +0.1998]  miss +0.0545
        acf_absr_10            target +0.2426  LHS [-0.0345, +0.1688]  miss +0.0738
        acf_absr_20            target +0.2167  LHS [-0.0277, +0.1373]  miss +0.0794
        ks_stat                target +0.0000  LHS [+0.0838, +0.3616]  miss +0.0838
[calm][6/8] Stage 1: surrogate optimum (pool argmin over Sobol candidates)
      surrogate-predicted D at stage-1 optimum: 45.1649
[calm][7/8] Stage 2: grid search around θ* on true simulator (32 sims in ±10% box)
    stage-2 sim 10/33  (best so far 44.2582)
    stage-2 sim 20/33  (best so far 44.2582)
    stage-2 sim 30/33  (best so far 43.2278)
      stage-2 best TRUE loss: 42.6733  (surrogate-predicted 45.1649)  [376s → /Users/siddharth/Desktop/GitHub/mscthesis_abm/output/calibration_stage2_calm.csv]
[calm][8/8] Validating at stage-2 optimum

    moment                    target     simulator       |s-t|   |s-t|/s_i
    ret_std                   0.0003        0.0003      0.0000        5.40
    ret_kurtosis             19.8656       11.2609      8.6047  (diag)
    acf_r_1                  -0.0023        0.0401      0.0424       13.32
    acf_r_5                  -0.0020        0.0044      0.0065        2.13
    acf_r_10                 -0.0001        0.0064      0.0065        2.29
    acf_r_20                  0.0048        0.0091      0.0043        1.64
    acf_absr_1                0.2955        0.1675      0.1280       11.86
    acf_absr_5                0.2543        0.0880      0.1663       15.66
    acf_absr_10               0.2426        0.0800      0.1627       15.17
    acf_absr_20               0.2167        0.0631      0.1536       14.37
    hill_tail_index           2.9577        2.5395      0.4181        6.21
    ks_stat                   0.0000        0.1053      0.1053       13.15

    grouped Δ contributions (Franke-standardised, 5 in loss):
      ΔKS     = 13.1477   (mean sampling-SDs off)
      ΔV      = 5.4037   (mean sampling-SDs off)
      ΔACF1   = 4.8446   (mean sampling-SDs off)
      ΔACF2   = 14.2649   (mean sampling-SDs off)
      ΔHill   = 6.2094   (mean sampling-SDs off)

    validated true loss D(θ) at stage-2 θ: 43.8704

Saved output/calibrated_params.json (regimes now: calm merged with any prior)
