
======================================================================
  CALIBRATING REGIME: stressed  (HFABM 2-stage, bootstrap weights)
======================================================================
[stressed][1/8] Franke weights from historical 1-min mid returns (200 block resamples × 390-bar blocks)
      per-moment empirical sampling SD s_i (Franke weights, 390-bar block bootstrap):
        KS    ks_stat            s_i=8.918e-03
        V     ret_std            s_i=1.575e-04
        ACF1  acf_r_1            s_i=5.807e-03
        ACF1  acf_r_5            s_i=7.809e-03
        ACF1  acf_r_10           s_i=5.276e-03
        ACF1  acf_r_20           s_i=8.475e-03
        ACF2  acf_absr_1         s_i=2.050e-02
        ACF2  acf_absr_5         s_i=3.156e-02
        ACF2  acf_absr_10        s_i=2.696e-02
        ACF2  acf_absr_20        s_i=2.022e-02
        Hill  hill_tail_index    s_i=1.875e-01
[stressed][2/8] Initial LHS: 192 samples × 20 days × 3 seeds
  LHS 20/192
  LHS 40/192
  LHS 60/192
  LHS 80/192
  LHS 100/192
  LHS 120/192
  LHS 140/192
  LHS 160/192
  LHS 180/192
      2623s → /Users/siddharth/Desktop/GitHub/mscthesis_abm/output/calibration_lhs_stressed.csv
[stressed][3/8] Initial XGBoost surrogate training
      D(θ) surrogate (single regressor, n=192, label-clip cap=80.99): held-out R²=+0.84, Pearson r=+0.95
      UNREACHABLE targets (model-side gap — flag for design review):
        ret_kurtosis           target +34.7549  LHS [+36.6716, +2218.1015]  miss +1.9167
        acf_absr_10            target +0.2006  LHS [-0.0124, +0.1649]  miss +0.0357
        acf_absr_20            target +0.2047  LHS [-0.0183, +0.0966]  miss +0.1082
        hill_tail_index        target +3.1785  LHS [+0.7587, +2.9067]  miss +0.2718
        ks_stat                target +0.0000  LHS [+0.0609, +0.4826]  miss +0.0609
[stressed][4/8] Active-learning round 1/2: 40 new sims
    refine sim 5/40 (exploit 27 / explore 13)
    refine sim 10/40 (exploit 27 / explore 13)
    refine sim 15/40 (exploit 27 / explore 13)
    refine sim 20/40 (exploit 27 / explore 13)
    refine sim 25/40 (exploit 27 / explore 13)
    refine sim 30/40 (exploit 27 / explore 13)
    refine sim 35/40 (exploit 27 / explore 13)
    refine sim 40/40 (exploit 27 / explore 13)
      total samples now 232, 572s
      D(θ) surrogate (single regressor, n=232, label-clip cap=80.29): held-out R²=+0.87, Pearson r=+0.96
      UNREACHABLE targets (model-side gap — flag for design review):
        acf_absr_20            target +0.2047  LHS [-0.0183, +0.1632]  miss +0.0415
        ks_stat                target +0.0000  LHS [+0.0453, +0.4826]  miss +0.0453
[stressed][5/8] Active-learning round 2/2: 40 new sims
    refine sim 5/40 (exploit 27 / explore 13)
    refine sim 10/40 (exploit 27 / explore 13)
    refine sim 15/40 (exploit 27 / explore 13)
    refine sim 20/40 (exploit 27 / explore 13)
    refine sim 25/40 (exploit 27 / explore 13)
    refine sim 30/40 (exploit 27 / explore 13)
    refine sim 35/40 (exploit 27 / explore 13)
    refine sim 40/40 (exploit 27 / explore 13)
      total samples now 272, 573s
      D(θ) surrogate (single regressor, n=272, label-clip cap=79.57): held-out R²=+0.92, Pearson r=+0.96
      UNREACHABLE targets (model-side gap — flag for design review):
        acf_absr_20            target +0.2047  LHS [-0.0183, +0.1632]  miss +0.0415
        ks_stat                target +0.0000  LHS [+0.0277, +0.4826]  miss +0.0277
[stressed][6/8] Stage 1: surrogate optimum (pool argmin over Sobol candidates)
      surrogate-predicted D at stage-1 optimum: 12.7680
[stressed][7/8] Stage 2: grid search around θ* on true simulator (32 sims in ±10% box)
    stage-2 sim 10/33  (best so far 6.2534)
    stage-2 sim 20/33  (best so far 6.2534)
    stage-2 sim 30/33  (best so far 6.2534)
      stage-2 best TRUE loss: 6.2534  (surrogate-predicted 12.7680)  [596s → /Users/siddharth/Desktop/GitHub/mscthesis_abm/output/calibration_stage2_stressed.csv]
[stressed][8/8] Validating at stage-2 optimum

    moment                    target     simulator       |s-t|   |s-t|/s_i
    ret_std                   0.0018        0.0018      0.0000        0.01
    ret_kurtosis             34.7549       13.9128     20.8421  (diag)
    acf_r_1                  -0.0053       -0.0126      0.0073        1.26
    acf_r_5                  -0.0017       -0.0031      0.0014        0.18
    acf_r_10                 -0.0024       -0.0050      0.0026        0.49
    acf_r_20                 -0.0057       -0.0014      0.0043        0.51
    acf_absr_1                0.2555        0.2804      0.0249        1.21
    acf_absr_5                0.2189        0.1654      0.0535        1.70
    acf_absr_10               0.2006        0.1332      0.0674        2.50
    acf_absr_20               0.2047        0.1363      0.0684        3.38
    hill_tail_index           3.1785        2.7941      0.3844        2.05
    ks_stat                   0.0000        0.0385      0.0385        4.32

    grouped Δ contributions (Franke-standardised, 5 in loss):
      ΔKS     = 4.3186   (mean sampling-SDs off)
      ΔV      = 0.0129   (mean sampling-SDs off)
      ΔACF1   = 0.6080   (mean sampling-SDs off)
      ΔACF2   = 2.1974   (mean sampling-SDs off)
      ΔHill   = 2.0504   (mean sampling-SDs off)

    validated true loss D(θ) at stage-2 θ: 9.1873

Saved output/calibrated_params.json (regimes now: stressed merged with any prior)
